Archive member included to satisfy reference by file (symbol)

c:/progra~1/raspbe~1/picosd~1.1/gcc-ar~1/bin/../lib/gcc/arm-none-eabi/10.3.1/thumb/v6-m/nofp\libgcc.a(_dvmd_tls.o)
                              CMakeFiles/test.dir/C_/Program_Files/Raspberry_Pi/Pico_SDK_v1.5.1/pico-sdk/src/rp2_common/pico_divider/divider.S.obj (__aeabi_idiv0)
c:/progra~1/raspbe~1/picosd~1.1/gcc-ar~1/bin/../lib/gcc/arm-none-eabi/10.3.1/../../../../arm-none-eabi/lib/thumb/v6-m/nofp\libg.a(lib_a-atoi.o)
                              CMakeFiles/test.dir/C_/Program_Files/Raspberry_Pi/Pico_SDK_v1.5.1/pico-sdk/lib/lwip/src/core/netif.c.obj (atoi)
c:/progra~1/raspbe~1/picosd~1.1/gcc-ar~1/bin/../lib/gcc/arm-none-eabi/10.3.1/../../../../arm-none-eabi/lib/thumb/v6-m/nofp\libg.a(lib_a-calloc.o)
                              CMakeFiles/test.dir/C_/Program_Files/Raspberry_Pi/Pico_SDK_v1.5.1/pico-sdk/src/rp2_common/pico_malloc/pico_malloc.c.obj (calloc)
c:/progra~1/raspbe~1/picosd~1.1/gcc-ar~1/bin/../lib/gcc/arm-none-eabi/10.3.1/../../../../arm-none-eabi/lib/thumb/v6-m/nofp\libg.a(lib_a-callocr.o)
                              c:/progra~1/raspbe~1/picosd~1.1/gcc-ar~1/bin/../lib/gcc/arm-none-eabi/10.3.1/../../../../arm-none-eabi/lib/thumb/v6-m/nofp\libg.a(lib_a-calloc.o) (_calloc_r)
c:/progra~1/raspbe~1/picosd~1.1/gcc-ar~1/bin/../lib/gcc/arm-none-eabi/10.3.1/../../../../arm-none-eabi/lib/thumb/v6-m/nofp\libg.a(lib_a-ctype_.o)
                              CMakeFiles/test.dir/C_/Program_Files/Raspberry_Pi/Pico_SDK_v1.5.1/pico-sdk/lib/lwip/src/core/dns.c.obj (_ctype_)
c:/progra~1/raspbe~1/picosd~1.1/gcc-ar~1/bin/../lib/gcc/arm-none-eabi/10.3.1/../../../../arm-none-eabi/lib/thumb/v6-m/nofp\libg.a(lib_a-errno.o)
                              c:/progra~1/raspbe~1/picosd~1.1/gcc-ar~1/bin/../lib/gcc/arm-none-eabi/10.3.1/../../../../arm-none-eabi/lib/thumb/v6-m/nofp\libg.a(lib_a-callocr.o) (__errno)
c:/progra~1/raspbe~1/picosd~1.1/gcc-ar~1/bin/../lib/gcc/arm-none-eabi/10.3.1/../../../../arm-none-eabi/lib/thumb/v6-m/nofp\libg.a(lib_a-impure.o)
                              c:/progra~1/raspbe~1/picosd~1.1/gcc-ar~1/bin/../lib/gcc/arm-none-eabi/10.3.1/../../../../arm-none-eabi/lib/thumb/v6-m/nofp\libg.a(lib_a-calloc.o) (_impure_ptr)
c:/progra~1/raspbe~1/picosd~1.1/gcc-ar~1/bin/../lib/gcc/arm-none-eabi/10.3.1/../../../../arm-none-eabi/lib/thumb/v6-m/nofp\libg.a(lib_a-init.o)
                              c:/progra~1/raspbe~1/picosd~1.1/gcc-ar~1/bin/../lib/gcc/arm-none-eabi/10.3.1/../../../../arm-none-eabi/lib/thumb/v6-m/nofp/crt0.o (__libc_init_array)
c:/progra~1/raspbe~1/picosd~1.1/gcc-ar~1/bin/../lib/gcc/arm-none-eabi/10.3.1/../../../../arm-none-eabi/lib/thumb/v6-m/nofp\libg.a(lib_a-malloc.o)
                              CMakeFiles/test.dir/C_/Program_Files/Raspberry_Pi/Pico_SDK_v1.5.1/pico-sdk/src/rp2_common/pico_malloc/pico_malloc.c.obj (malloc)
c:/progra~1/raspbe~1/picosd~1.1/gcc-ar~1/bin/../lib/gcc/arm-none-eabi/10.3.1/../../../../arm-none-eabi/lib/thumb/v6-m/nofp\libg.a(lib_a-mallocr.o)
                              c:/progra~1/raspbe~1/picosd~1.1/gcc-ar~1/bin/../lib/gcc/arm-none-eabi/10.3.1/../../../../arm-none-eabi/lib/thumb/v6-m/nofp\libg.a(lib_a-callocr.o) (_malloc_r)
c:/progra~1/raspbe~1/picosd~1.1/gcc-ar~1/bin/../lib/gcc/arm-none-eabi/10.3.1/../../../../arm-none-eabi/lib/thumb/v6-m/nofp\libg.a(lib_a-memcmp.o)
                              CMakeFiles/test.dir/C_/Program_Files/Raspberry_Pi/Pico_SDK_v1.5.1/pico-sdk/lib/lwip/src/netif/ethernet.c.obj (memcmp)
c:/progra~1/raspbe~1/picosd~1.1/gcc-ar~1/bin/../lib/gcc/arm-none-eabi/10.3.1/../../../../arm-none-eabi/lib/thumb/v6-m/nofp\libg.a(lib_a-memmove.o)
                              CMakeFiles/test.dir/C_/Program_Files/Raspberry_Pi/Pico_SDK_v1.5.1/pico-sdk/lib/lwip/src/core/def.c.obj (memmove)
c:/progra~1/raspbe~1/picosd~1.1/gcc-ar~1/bin/../lib/gcc/arm-none-eabi/10.3.1/../../../../arm-none-eabi/lib/thumb/v6-m/nofp\libg.a(lib_a-mlock.o)
                              c:/progra~1/raspbe~1/picosd~1.1/gcc-ar~1/bin/../lib/gcc/arm-none-eabi/10.3.1/../../../../arm-none-eabi/lib/thumb/v6-m/nofp\libg.a(lib_a-mallocr.o) (__malloc_lock)
c:/progra~1/raspbe~1/picosd~1.1/gcc-ar~1/bin/../lib/gcc/arm-none-eabi/10.3.1/../../../../arm-none-eabi/lib/thumb/v6-m/nofp\libg.a(lib_a-realloc.o)
                              CMakeFiles/test.dir/C_/Program_Files/Raspberry_Pi/Pico_SDK_v1.5.1/pico-sdk/src/rp2_common/pico_malloc/pico_malloc.c.obj (realloc)
c:/progra~1/raspbe~1/picosd~1.1/gcc-ar~1/bin/../lib/gcc/arm-none-eabi/10.3.1/../../../../arm-none-eabi/lib/thumb/v6-m/nofp\libg.a(lib_a-reallocr.o)
                              c:/progra~1/raspbe~1/picosd~1.1/gcc-ar~1/bin/../lib/gcc/arm-none-eabi/10.3.1/../../../../arm-none-eabi/lib/thumb/v6-m/nofp\libg.a(lib_a-realloc.o) (_realloc_r)
c:/progra~1/raspbe~1/picosd~1.1/gcc-ar~1/bin/../lib/gcc/arm-none-eabi/10.3.1/../../../../arm-none-eabi/lib/thumb/v6-m/nofp\libg.a(lib_a-sbrkr.o)
[...]
Memory Configuration

Name             Origin             Length             Attributes
FLASH            0x10000000         0x00200000         xr
RAM              0x20000000         0x00040000         xrw
SCRATCH_X        0x20040000         0x00001000         xrw
SCRATCH_Y        0x20041000         0x00001000         xrw
*default*        0x00000000         0xffffffff

Linker script and memory map

LOAD c:/progra~1/raspbe~1/picosd~1.1/gcc-ar~1/bin/../lib/gcc/arm-none-eabi/10.3.1/thumb/v6-m/nofp/crti.o
LOAD c:/progra~1/raspbe~1/picosd~1.1/gcc-ar~1/bin/../lib/gcc/arm-none-eabi/10.3.1/thumb/v6-m/nofp/crtbegin.o
LOAD c:/progra~1/raspbe~1/picosd~1.1/gcc-ar~1/bin/../lib/gcc/arm-none-eabi/10.3.1/../../../../arm-none-eabi/lib/thumb/v6-m/nofp/crt0.o

.flash_begin    0x10000000        0x0
                0x10000000                __flash_binary_start = .

.boot2          0x10000000      0x100
                0x10000000                __boot2_start__ = .
 *(.boot2)
 .boot2         0x10000000      0x100 C:\Users\jackk\AppData\Local\Temp\cceCVL9K.o
                0x10000100                __boot2_end__ = .
                0x00000001                ASSERT (((__boot2_end__ - __boot2_start__) == 0x100), ERROR: Pico second stage bootloader must be 256 bytes in size)

.text           0x10000100     0xfd20
                0x10000100                __logical_binary_start = .
 *(.vectors)
 .vectors       0x10000100       0xd4 CMakeFiles/test.dir/C_/Program_Files/Raspberry_Pi/Pico_SDK_v1.5.1/pico-sdk/src/rp2_common/pico_standard_link/crt0.S.obj
                0x10000100                __VECTOR_TABLE
                0x10000100                __vectors
                0x100001c0                isr_invalid
                0x100001c0                __default_isrs_start
                0x100001c2                isr_nmi
                0x100001c4                isr_hardfault
                0x100001c6                isr_svcall
                0x100001c8                isr_pendsv
                0x100001ca                isr_systick
                0x100001cc                isr_irq23
                0x100001cc                isr_irq18
                0x100001cc                isr_irq11
                0x100001cc                isr_irq28
                0x100001cc                isr_irq19
                0x100001cc                isr_irq0
                0x100001cc                isr_irq6
                0x100001cc                isr_irq5
                0x100001cc                isr_irq12
                0x100001cc                isr_irq22
                0x100001cc                isr_irq31
                0x100001cc                isr_irq17
                0x100001cc                isr_irq27
                0x100001cc                isr_irq30
                0x100001cc                isr_irq2
                0x100001cc                isr_irq10
                0x100001cc                isr_irq8
                0x100001cc                isr_irq24
                0x100001cc                isr_irq1
                0x100001cc                isr_irq7
                0x100001cc                isr_irq21
                0x100001cc                isr_irq20
                0x100001cc                isr_irq15
                0x100001cc                isr_irq25
                0x100001cc                isr_irq13
                0x100001cc                __unhandled_user_irq
                0x100001cc                isr_irq4
                0x100001cc                isr_irq16
                0x100001cc                isr_irq29
                0x100001cc                isr_irq26
                0x100001cc                __default_isrs_end
                0x100001cc                isr_irq3
                0x100001cc                isr_irq14
                0x100001cc                isr_irq9
                0x100001d2                unhandled_user_irq_num_in_r0
 *(.binary_info_header)
 .binary_info_header
                0x100001d4       0x14 CMakeFiles/test.dir/C_/Program_Files/Raspberry_Pi/Pico_SDK_v1.5.1/pico-sdk/src/rp2_common/pico_standard_link/crt0.S.obj
                0x100001e8                __binary_info_header_end = .
 *(.reset)
 .reset         0x100001e8       0xa0 CMakeFiles/test.dir/C_/Program_Files/Raspberry_Pi/Pico_SDK_v1.5.1/pico-sdk/src/rp2_common/pico_standard_link/crt0.S.obj
                0x100001e8                _entry_point
 .reset         0x10000288       0x30 CMakeFiles/test.dir/C_/Program_Files/Raspberry_Pi/Pico_SDK_v1.5.1/pico-sdk/src/rp2_common/pico_standard_link/binary_info.c.obj
 *(.init)
 .init          0x100002b8        0x4 c:/progra~1/raspbe~1/picosd~1.1/gcc-ar~1/bin/../lib/gcc/arm-none-eabi/10.3.1/thumb/v6-m/nofp/crti.o
                0x100002b8                _init
 *(EXCLUDE_FILE(*libm.a: *libc.a:*lib_a-mem*.o *libgcc.a:) .text*)
 .text          0x100002bc       0x48 c:/progra~1/raspbe~1/picosd~1.1/gcc-ar~1/bin/../lib/gcc/arm-none-eabi/10.3.1/thumb/v6-m/nofp/crtbegin.o
 .text.init_motors
                0x10000304       0x50 CMakeFiles/test.dir/main.c.obj
                0x10000304                init_motors
 .text.init_motor_buttons
                0x10000354       0x20 CMakeFiles/test.dir/main.c.obj
                0x10000354                init_motor_buttons
 .text.move_motors_buttons
                0x10000374       0x34 CMakeFiles/test.dir/main.c.obj
                0x10000374                move_motors_buttons
 .text.main     0x100003a8       0x4c CMakeFiles/test.dir/main.c.obj
                0x100003a8                main
 .text.lwip_timeout_reached
                0x100003f4       0x2c CMakeFiles/test.dir/C_/Program_Files/Raspberry_Pi/Pico_SDK_v1.5.1/pico-sdk/src/rp2_common/pico_lwip/lwip_nosys.c.obj
 .text.update_next_timeout
                0x10000420       0xb0 CMakeFiles/test.dir/C_/Program_Files/Raspberry_Pi/Pico_SDK_v1.5.1/pico-sdk/src/rp2_common/pico_lwip/lwip_nosys.c.obj
 .text.lwip_nosys_init
                0x100004d0       0x34 CMakeFiles/test.dir/C_/Program_Files/Raspberry_Pi/Pico_SDK_v1.5.1/pico-sdk/src/rp2_common/pico_lwip/lwip_nosys.c.obj
                0x100004d0                lwip_nosys_init
 .text.lwip_nosys_deinit
                0x10000504       0x20 CMakeFiles/test.dir/C_/Program_Files/Raspberry_Pi/Pico_SDK_v1.5.1/pico-sdk/src/rp2_common/pico_lwip/lwip_nosys.c.obj
                0x10000504                lwip_nosys_deinit
 .text.sys_arch_protect
                0x10000524        0x4 CMakeFiles/test.dir/C_/Program_Files/Raspberry_Pi/Pico_SDK_v1.5.1/pico-sdk/src/rp2_common/pico_lwip/lwip_nosys.c.obj
                0x10000524                sys_arch_protect
 .text.sys_arch_unprotect
                0x10000528        0x2 CMakeFiles/test.dir/C_/Program_Files/Raspberry_Pi/Pico_SDK_v1.5.1/pico-sdk/src/rp2_common/pico_lwip/lwip_nosys.c.obj
                0x10000528                sys_arch_unprotect
 *fill*         0x1000052a        0x2 
 .text.sys_now  0x1000052c       0x3c CMakeFiles/test.dir/C_/Program_Files/Raspberry_Pi/Pico_SDK_v1.5.1/pico-sdk/src/rp2_common/pico_lwip/lwip_nosys.c.obj
                0x1000052c                sys_now
 .text.async_context_base_add_at_time_worker
                0x10000568       0x1c CMakeFiles/test.dir/C_/Program_Files/Raspberry_Pi/Pico_SDK_v1.5.1/pico-sdk/src/rp2_common/pico_async_context/async_context_base.c.obj
                0x10000568                async_context_base_add_at_time_worker
 .text.async_context_base_remove_at_time_worker
                0x10000584       0x1c CMakeFiles/test.dir/C_/Program_Files/Raspberry_Pi/Pico_SDK_v1.5.1/pico-sdk/src/rp2_common/pico_async_context/async_context_base.c.obj
                0x10000584                async_context_base_remove_at_time_worker
 .text.async_context_base_add_when_pending_worker
                0x100005a0       0x1c CMakeFiles/test.dir/C_/Program_Files/Raspberry_Pi/Pico_SDK_v1.5.1/pico-sdk/src/rp2_common/pico_async_context/async_context_base.c.obj
                0x100005a0                async_context_base_add_when_pending_worker
 .text.async_context_base_remove_when_pending_worker
                0x100005bc       0x1c CMakeFiles/test.dir/C_/Program_Files/Raspberry_Pi/Pico_SDK_v1.5.1/pico-sdk/src/rp2_common/pico_async_context/async_context_base.c.obj
                0x100005bc                async_context_base_remove_when_pending_worker
 .text.async_context_base_remove_ready_at_time_worker
                0x100005d8       0x94 CMakeFiles/test.dir/C_/Program_Files/Raspberry_Pi/Pico_SDK_v1.5.1/pico-sdk/src/rp2_common/pico_async_context/async_context_base.c.obj
                0x100005d8                async_context_base_remove_ready_at_time_worker
 .text.async_context_base_refresh_next_timeout
                0x1000066c       0x4c CMakeFiles/test.dir/C_/Program_Files/Raspberry_Pi/Pico_SDK_v1.5.1/pico-sdk/src/rp2_common/pico_async_context/async_context_base.c.obj
                0x1000066c                async_context_base_refresh_next_timeout
 .text.async_context_base_execute_once
                0x100006b8       0x48 CMakeFiles/test.dir/C_/Program_Files/Raspberry_Pi/Pico_SDK_v1.5.1/pico-sdk/src/rp2_common/pico_async_context/async_context_base.c.obj
                0x100006b8                async_context_base_execute_once
 .text.running_on_fpga
                0x10000700       0x14 CMakeFiles/test.dir/C_/Program_Files/Raspberry_Pi/Pico_SDK_v1.5.1/pico-sdk/src/rp2_common/pico_platform/platform.c.obj
                0x10000700                running_on_fpga
 .text.splitmix64
                0x10000714       0x5c CMakeFiles/test.dir/C_/Program_Files/Raspberry_Pi/Pico_SDK_v1.5.1/pico-sdk/src/rp2_common/pico_rand/rand.c.obj
 .text.sdbm_hash64_sram
                0x10000770       0x64 CMakeFiles/test.dir/C_/Program_Files/Raspberry_Pi/Pico_SDK_v1.5.1/pico-sdk/src/rp2_common/pico_rand/rand.c.obj
 .text.xoroshiro128ss
                0x100007d4       0xb8 CMakeFiles/test.dir/C_/Program_Files/Raspberry_Pi/Pico_SDK_v1.5.1/pico-sdk/src/rp2_common/pico_rand/rand.c.obj
 .text.capture_additional_rosc_samples
                0x1000088c      0x1a4 CMakeFiles/test.dir/C_/Program_Files/Raspberry_Pi/Pico_SDK_v1.5.1/pico-sdk/src/rp2_common/pico_rand/rand.c.obj
 .text.initialise_rand
                0x10000a30      0x118 CMakeFiles/test.dir/C_/Program_Files/Raspberry_Pi/Pico_SDK_v1.5.1/pico-sdk/src/rp2_common/pico_rand/rand.c.obj
 .text.get_rand_64
                0x10000b48      0x11c CMakeFiles/test.dir/C_/Program_Files/Raspberry_Pi/Pico_SDK_v1.5.1/pico-sdk/src/rp2_common/pico_rand/rand.c.obj
                0x10000b48                get_rand_64
 .text.get_rand_32
                0x10000c64        0x8 CMakeFiles/test.dir/C_/Program_Files/Raspberry_Pi/Pico_SDK_v1.5.1/pico-sdk/src/rp2_common/pico_rand/rand.c.obj
                0x10000c64                get_rand_32
 .text._retrieve_unique_id_on_boot
                0x10000c6c       0x10 CMakeFiles/test.dir/C_/Program_Files/Raspberry_Pi/Pico_SDK_v1.5.1/pico-sdk/src/rp2_common/pico_unique_id/unique_id.c.obj
 .text.pico_get_unique_board_id
                0x10000c7c       0x10 CMakeFiles/test.dir/C_/Program_Files/Raspberry_Pi/Pico_SDK_v1.5.1/pico-sdk/src/rp2_common/pico_unique_id/unique_id.c.obj
                0x10000c7c                pico_get_unique_board_id
 .text.pico_get_unique_board_id_string
                0x10000c8c       0x60 CMakeFiles/test.dir/C_/Program_Files/Raspberry_Pi/Pico_SDK_v1.5.1/pico-sdk/src/rp2_common/pico_unique_id/unique_id.c.obj
                0x10000c8c                pico_get_unique_board_id_string
 .text.flash_get_unique_id
                0x10000cec       0x46 CMakeFiles/test.dir/C_/Program_Files/Raspberry_Pi/Pico_SDK_v1.5.1/pico-sdk/src/rp2_common/hardware_flash/flash.c.obj
                0x10000cec                flash_get_unique_id
 *fill*         0x10000d32        0x2 
 .text.hw_claim_lock
                0x10000d34       0x18 CMakeFiles/test.dir/C_/Program_Files/Raspberry_Pi/Pico_SDK_v1.5.1/pico-sdk/src/rp2_common/hardware_claim/claim.c.obj
                0x10000d34                hw_claim_lock
 .text.hw_claim_unlock
                0x10000d4c       0x14 CMakeFiles/test.dir/C_/Program_Files/Raspberry_Pi/Pico_SDK_v1.5.1/pico-sdk/src/rp2_common/hardware_claim/claim.c.obj
                0x10000d4c                hw_claim_unlock
 .text.hw_claim_or_assert
                0x10000d60       0x32 CMakeFiles/test.dir/C_/Program_Files/Raspberry_Pi/Pico_SDK_v1.5.1/pico-sdk/src/rp2_common/hardware_claim/claim.c.obj
                0x10000d60                hw_claim_or_assert
 .text.hw_claim_unused_from_range
                0x10000d92       0x50 CMakeFiles/test.dir/C_/Program_Files/Raspberry_Pi/Pico_SDK_v1.5.1/pico-sdk/src/rp2_common/hardware_claim/claim.c.obj
                0x10000d92                hw_claim_unused_from_range
 *fill*         0x10000de2        0x2 
 .text.hw_claim_clear
                0x10000de4       0x40 CMakeFiles/test.dir/C_/Program_Files/Raspberry_Pi/Pico_SDK_v1.5.1/pico-sdk/src/rp2_common/hardware_claim/claim.c.obj
                0x10000de4                hw_claim_clear
 .text.spin_locks_reset
                0x10000e24       0x20 CMakeFiles/test.dir/C_/Program_Files/Raspberry_Pi/Pico_SDK_v1.5.1/pico-sdk/src/rp2_common/hardware_sync/sync.c.obj
                0x10000e24                spin_locks_reset
 .text.next_striped_spin_lock_num
                0x10000e44       0x1c CMakeFiles/test.dir/C_/Program_Files/Raspberry_Pi/Pico_SDK_v1.5.1/pico-sdk/src/rp2_common/hardware_sync/sync.c.obj
                0x10000e44                next_striped_spin_lock_num
 .text.spin_lock_claim_unused
                0x10000e60       0x20 CMakeFiles/test.dir/C_/Program_Files/Raspberry_Pi/Pico_SDK_v1.5.1/pico-sdk/src/rp2_common/hardware_sync/sync.c.obj
                0x10000e60                spin_lock_claim_unused
 .text.rom_func_lookup
                0x10000e80       0x10 CMakeFiles/test.dir/C_/Program_Files/Raspberry_Pi/Pico_SDK_v1.5.1/pico-sdk/src/rp2_common/pico_bootrom/bootrom.c.obj
                0x10000e80                rom_func_lookup
 .text.rom_data_lookup
                0x10000e90       0x10 CMakeFiles/test.dir/C_/Program_Files/Raspberry_Pi/Pico_SDK_v1.5.1/pico-sdk/src/rp2_common/pico_bootrom/bootrom.c.obj
                0x10000e90                rom_data_lookup
 .text.rom_funcs_lookup
                0x10000ea0       0x36 CMakeFiles/test.dir/C_/Program_Files/Raspberry_Pi/Pico_SDK_v1.5.1/pico-sdk/src/rp2_common/pico_bootrom/bootrom.c.obj
                0x10000ea0                rom_funcs_lookup
 *fill*         0x10000ed6        0x2 
 .text.clock_configure
                0x10000ed8      0x108 CMakeFiles/test.dir/C_/Program_Files/Raspberry_Pi/Pico_SDK_v1.5.1/pico-sdk/src/rp2_common/hardware_clocks/clocks.c.obj
                0x10000ed8                clock_configure
 .text.clocks_init
                0x10000fe0      0x100 CMakeFiles/test.dir/C_/Program_Files/Raspberry_Pi/Pico_SDK_v1.5.1/pico-sdk/src/rp2_common/hardware_clocks/clocks.c.obj
                0x10000fe0                clocks_init
 .text.clock_get_hz
                0x100010e0        0xc CMakeFiles/test.dir/C_/Program_Files/Raspberry_Pi/Pico_SDK_v1.5.1/pico-sdk/src/rp2_common/hardware_clocks/clocks.c.obj
                0x100010e0                clock_get_hz
 .text.gpio_set_function
                0x100010ec       0x30 CMakeFiles/test.dir/C_/Program_Files/Raspberry_Pi/Pico_SDK_v1.5.1/pico-sdk/src/rp2_common/hardware_gpio/gpio.c.obj
                0x100010ec                gpio_set_function
 .text.gpio_set_pulls
                0x1000111c       0x34 CMakeFiles/test.dir/C_/Program_Files/Raspberry_Pi/Pico_SDK_v1.5.1/pico-sdk/src/rp2_common/hardware_gpio/gpio.c.obj
                0x1000111c                gpio_set_pulls
 .text.gpio_set_input_hysteresis_enabled
                0x10001150       0x30 CMakeFiles/test.dir/C_/Program_Files/Raspberry_Pi/Pico_SDK_v1.5.1/pico-sdk/src/rp2_common/hardware_gpio/gpio.c.obj
                0x10001150                gpio_set_input_hysteresis_enabled
 .text.gpio_add_raw_irq_handler_with_order_priority_masked
                0x10001180       0x40 CMakeFiles/test.dir/C_/Program_Files/Raspberry_Pi/Pico_SDK_v1.5.1/pico-sdk/src/rp2_common/hardware_gpio/gpio.c.obj
                0x10001180                gpio_add_raw_irq_handler_with_order_priority_masked
 .text.gpio_remove_raw_irq_handler_masked
                0x100011c0       0x48 CMakeFiles/test.dir/C_/Program_Files/Raspberry_Pi/Pico_SDK_v1.5.1/pico-sdk/src/rp2_common/hardware_gpio/gpio.c.obj
                0x100011c0                gpio_remove_raw_irq_handler_masked
 .text.gpio_acknowledge_irq
                0x10001208       0x18 CMakeFiles/test.dir/C_/Program_Files/Raspberry_Pi/Pico_SDK_v1.5.1/pico-sdk/src/rp2_common/hardware_gpio/gpio.c.obj
                0x10001208                gpio_acknowledge_irq
 .text._gpio_set_irq_enabled
                0x10001220       0x34 CMakeFiles/test.dir/C_/Program_Files/Raspberry_Pi/Pico_SDK_v1.5.1/pico-sdk/src/rp2_common/hardware_gpio/gpio.c.obj
 .text.gpio_set_irq_enabled
                0x10001254       0x20 CMakeFiles/test.dir/C_/Program_Files/Raspberry_Pi/Pico_SDK_v1.5.1/pico-sdk/src/rp2_common/hardware_gpio/gpio.c.obj
                0x10001254                gpio_set_irq_enabled
 .text.gpio_init
                0x10001274       0x16 CMakeFiles/test.dir/C_/Program_Files/Raspberry_Pi/Pico_SDK_v1.5.1/pico-sdk/src/rp2_common/hardware_gpio/gpio.c.obj
                0x10001274                gpio_init
 *fill*         0x1000128a        0x2 
 .text.set_raw_irq_handler_and_unlock
                0x1000128c       0x28 CMakeFiles/test.dir/C_/Program_Files/Raspberry_Pi/Pico_SDK_v1.5.1/pico-sdk/src/rp2_common/hardware_irq/irq.c.obj
 .text.get_user_irq_claim_index
                0x100012b4        0x6 CMakeFiles/test.dir/C_/Program_Files/Raspberry_Pi/Pico_SDK_v1.5.1/pico-sdk/src/rp2_common/hardware_irq/irq.c.obj
 *fill*         0x100012ba        0x2 
 .text.make_branch
                0x100012bc       0x48 CMakeFiles/test.dir/C_/Program_Files/Raspberry_Pi/Pico_SDK_v1.5.1/pico-sdk/src/rp2_common/hardware_irq/irq.c.obj
 .text.insert_branch_and_link
                0x10001304       0x40 CMakeFiles/test.dir/C_/Program_Files/Raspberry_Pi/Pico_SDK_v1.5.1/pico-sdk/src/rp2_common/hardware_irq/irq.c.obj
 .text.irq_is_enabled
                0x10001344       0x18 CMakeFiles/test.dir/C_/Program_Files/Raspberry_Pi/Pico_SDK_v1.5.1/pico-sdk/src/rp2_common/hardware_irq/irq.c.obj
                0x10001344                irq_is_enabled
 .text.irq_set_mask_enabled
                0x1000135c       0x20 CMakeFiles/test.dir/C_/Program_Files/Raspberry_Pi/Pico_SDK_v1.5.1/pico-sdk/src/rp2_common/hardware_irq/irq.c.obj
                0x1000135c                irq_set_mask_enabled
 .text.irq_set_enabled
                0x1000137c        0xe CMakeFiles/test.dir/C_/Program_Files/Raspberry_Pi/Pico_SDK_v1.5.1/pico-sdk/src/rp2_common/hardware_irq/irq.c.obj
                0x1000137c                irq_set_enabled
 *fill*         0x1000138a        0x2 
 .text.irq_set_pending
                0x1000138c       0x10 CMakeFiles/test.dir/C_/Program_Files/Raspberry_Pi/Pico_SDK_v1.5.1/pico-sdk/src/rp2_common/hardware_irq/irq.c.obj
                0x1000138c                irq_set_pending
 .text.irq_get_vtable_handler
                0x1000139c       0x10 CMakeFiles/test.dir/C_/Program_Files/Raspberry_Pi/Pico_SDK_v1.5.1/pico-sdk/src/rp2_common/hardware_irq/irq.c.obj
                0x1000139c                irq_get_vtable_handler
 .text.irq_has_shared_handler
                0x100013ac       0x24 CMakeFiles/test.dir/C_/Program_Files/Raspberry_Pi/Pico_SDK_v1.5.1/pico-sdk/src/rp2_common/hardware_irq/irq.c.obj
                0x100013ac                irq_has_shared_handler
 .text.irq_set_exclusive_handler
                0x100013d0       0x54 CMakeFiles/test.dir/C_/Program_Files/Raspberry_Pi/Pico_SDK_v1.5.1/pico-sdk/src/rp2_common/hardware_irq/irq.c.obj
                0x100013d0                irq_set_exclusive_handler
 .text.irq_add_shared_handler
                0x10001424      0x234 CMakeFiles/test.dir/C_/Program_Files/Raspberry_Pi/Pico_SDK_v1.5.1/pico-sdk/src/rp2_common/hardware_irq/irq.c.obj
                0x10001424                irq_add_shared_handler
 .text.irq_remove_handler
                0x10001658      0x1ac CMakeFiles/test.dir/C_/Program_Files/Raspberry_Pi/Pico_SDK_v1.5.1/pico-sdk/src/rp2_common/hardware_irq/irq.c.obj
                0x10001658                irq_remove_handler
 .text.irq_set_priority
                0x10001804       0x28 CMakeFiles/test.dir/C_/Program_Files/Raspberry_Pi/Pico_SDK_v1.5.1/pico-sdk/src/rp2_common/hardware_irq/irq.c.obj
                0x10001804                irq_set_priority
 .text.irq_add_tail_to_free_list
                0x1000182c       0xf0 CMakeFiles/test.dir/C_/Program_Files/Raspberry_Pi/Pico_SDK_v1.5.1/pico-sdk/src/rp2_common/hardware_irq/irq.c.obj
                0x1000182c                irq_add_tail_to_free_list
 .text.irq_init_priorities
                0x1000191c       0x1c CMakeFiles/test.dir/C_/Program_Files/Raspberry_Pi/Pico_SDK_v1.5.1/pico-sdk/src/rp2_common/hardware_irq/irq.c.obj
                0x1000191c                irq_init_priorities
 .text.user_irq_unclaim
                0x10001938       0x14 CMakeFiles/test.dir/C_/Program_Files/Raspberry_Pi/Pico_SDK_v1.5.1/pico-sdk/src/rp2_common/hardware_irq/irq.c.obj
                0x10001938                user_irq_unclaim
 .text.user_irq_claim_unused
                0x1000194c       0x28 CMakeFiles/test.dir/C_/Program_Files/Raspberry_Pi/Pico_SDK_v1.5.1/pico-sdk/src/rp2_common/hardware_irq/irq.c.obj
                0x1000194c                user_irq_claim_unused
 .text.sem_init
                0x10001974       0x1e CMakeFiles/test.dir/C_/Program_Files/Raspberry_Pi/Pico_SDK_v1.5.1/pico-sdk/src/common/pico_sync/sem.c.obj
                0x10001974                sem_init
 *fill*         0x10001992        0x2 
 .text.lock_init
                0x10001994       0x10 CMakeFiles/test.dir/C_/Program_Files/Raspberry_Pi/Pico_SDK_v1.5.1/pico-sdk/src/common/pico_sync/lock_core.c.obj
                0x10001994                lock_init
 .text.mutex_init
                0x100019a4       0x1a CMakeFiles/test.dir/C_/Program_Files/Raspberry_Pi/Pico_SDK_v1.5.1/pico-sdk/src/common/pico_sync/mutex.c.obj
                0x100019a4                mutex_init
 .text.recursive_mutex_init
                0x100019be       0x1e CMakeFiles/test.dir/C_/Program_Files/Raspberry_Pi/Pico_SDK_v1.5.1/pico-sdk/src/common/pico_sync/mutex.c.obj
                0x100019be                recursive_mutex_init
 .text.critical_section_init_with_lock_num
                0x100019dc       0x14 CMakeFiles/test.dir/C_/Program_Files/Raspberry_Pi/Pico_SDK_v1.5.1/pico-sdk/src/common/pico_sync/critical_section.c.obj
                0x100019dc                critical_section_init_with_lock_num
 .text.critical_section_init
                0x100019f0       0x14 CMakeFiles/test.dir/C_/Program_Files/Raspberry_Pi/Pico_SDK_v1.5.1/pico-sdk/src/common/pico_sync/critical_section.c.obj
                0x100019f0                critical_section_init
 .text.alarm_pool_post_alloc_init
                0x10001a04       0x40 CMakeFiles/test.dir/C_/Program_Files/Raspberry_Pi/Pico_SDK_v1.5.1/pico-sdk/src/common/pico_time/time.c.obj
 .text.sleep_until_callback
                0x10001a44       0x30 CMakeFiles/test.dir/C_/Program_Files/Raspberry_Pi/Pico_SDK_v1.5.1/pico-sdk/src/common/pico_time/time.c.obj
 .text.timer_pool_entry_comparator
                0x10001a74       0x7c CMakeFiles/test.dir/C_/Program_Files/Raspberry_Pi/Pico_SDK_v1.5.1/pico-sdk/src/common/pico_time/time.c.obj
                0x10001a74                timer_pool_entry_comparator
 .text.ph_add_child_node
                0x10001af0       0xa4 CMakeFiles/test.dir/C_/Program_Files/Raspberry_Pi/Pico_SDK_v1.5.1/pico-sdk/src/common/pico_time/time.c.obj
 .text.ph_merge_nodes
                0x10001b94       0x3e CMakeFiles/test.dir/C_/Program_Files/Raspberry_Pi/Pico_SDK_v1.5.1/pico-sdk/src/common/pico_time/time.c.obj
 *fill*         0x10001bd2        0x2 
 .text.add_alarm_under_lock
                0x10001bd4      0x174 CMakeFiles/test.dir/C_/Program_Files/Raspberry_Pi/Pico_SDK_v1.5.1/pico-sdk/src/common/pico_time/time.c.obj
 .text.alarm_pool_alarm_callback
                0x10001d48      0x33c CMakeFiles/test.dir/C_/Program_Files/Raspberry_Pi/Pico_SDK_v1.5.1/pico-sdk/src/common/pico_time/time.c.obj
 .text.alarm_pool_init_default
                0x10002084       0x40 CMakeFiles/test.dir/C_/Program_Files/Raspberry_Pi/Pico_SDK_v1.5.1/pico-sdk/src/common/pico_time/time.c.obj
                0x10002084                alarm_pool_init_default
 .text.alarm_pool_get_default
                0x100020c4       0x2c CMakeFiles/test.dir/C_/Program_Files/Raspberry_Pi/Pico_SDK_v1.5.1/pico-sdk/src/common/pico_time/time.c.obj
                0x100020c4                alarm_pool_get_default
 .text.alarm_pool_add_alarm_at
                0x100020f0      0x168 CMakeFiles/test.dir/C_/Program_Files/Raspberry_Pi/Pico_SDK_v1.5.1/pico-sdk/src/common/pico_time/time.c.obj
                0x100020f0                alarm_pool_add_alarm_at
 .text.alarm_pool_cancel_alarm
                0x10002258       0xf8 CMakeFiles/test.dir/C_/Program_Files/Raspberry_Pi/Pico_SDK_v1.5.1/pico-sdk/src/common/pico_time/time.c.obj
                0x10002258                alarm_pool_cancel_alarm
 .text.alarm_pool_core_num
                0x10002350        0x4 CMakeFiles/test.dir/C_/Program_Files/Raspberry_Pi/Pico_SDK_v1.5.1/pico-sdk/src/common/pico_time/time.c.obj
                0x10002350                alarm_pool_core_num
 .text.sleep_until
                0x10002354       0xfc CMakeFiles/test.dir/C_/Program_Files/Raspberry_Pi/Pico_SDK_v1.5.1/pico-sdk/src/common/pico_time/time.c.obj
                0x10002354                sleep_until
 .text.sleep_us
                0x10002450       0x58 CMakeFiles/test.dir/C_/Program_Files/Raspberry_Pi/Pico_SDK_v1.5.1/pico-sdk/src/common/pico_time/time.c.obj
                0x10002450                sleep_us
 .text.sleep_ms
                0x100024a8       0x14 CMakeFiles/test.dir/C_/Program_Files/Raspberry_Pi/Pico_SDK_v1.5.1/pico-sdk/src/common/pico_time/time.c.obj
                0x100024a8                sleep_ms
 .text.best_effort_wfe_or_timeout
                0x100024bc       0xac CMakeFiles/test.dir/C_/Program_Files/Raspberry_Pi/Pico_SDK_v1.5.1/pico-sdk/src/common/pico_time/time.c.obj
                0x100024bc                best_effort_wfe_or_timeout
 .text.hardware_alarm_irq_handler
                0x10002568       0x90 CMakeFiles/test.dir/C_/Program_Files/Raspberry_Pi/Pico_SDK_v1.5.1/pico-sdk/src/rp2_common/hardware_timer/timer.c.obj
 .text.hardware_alarm_claim
                0x100025f8       0x18 CMakeFiles/test.dir/C_/Program_Files/Raspberry_Pi/Pico_SDK_v1.5.1/pico-sdk/src/rp2_common/hardware_timer/timer.c.obj
                0x100025f8                hardware_alarm_claim
 .text.time_us_64
                0x10002610       0x18 CMakeFiles/test.dir/C_/Program_Files/Raspberry_Pi/Pico_SDK_v1.5.1/pico-sdk/src/rp2_common/hardware_timer/timer.c.obj
                0x10002610                time_us_64
 .text.busy_wait_until
                0x10002628       0x28 CMakeFiles/test.dir/C_/Program_Files/Raspberry_Pi/Pico_SDK_v1.5.1/pico-sdk/src/rp2_common/hardware_timer/timer.c.obj
                0x10002628                busy_wait_until
 .text.busy_wait_us
                0x10002650       0x48 CMakeFiles/test.dir/C_/Program_Files/Raspberry_Pi/Pico_SDK_v1.5.1/pico-sdk/src/rp2_common/hardware_timer/timer.c.obj
                0x10002650                busy_wait_us
 .text.hardware_alarm_set_callback
                0x10002698       0x90 CMakeFiles/test.dir/C_/Program_Files/Raspberry_Pi/Pico_SDK_v1.5.1/pico-sdk/src/rp2_common/hardware_timer/timer.c.obj
                0x10002698                hardware_alarm_set_callback
 .text.hardware_alarm_set_target
                0x10002728       0xe8 CMakeFiles/test.dir/C_/Program_Files/Raspberry_Pi/Pico_SDK_v1.5.1/pico-sdk/src/rp2_common/hardware_timer/timer.c.obj
                0x10002728                hardware_alarm_set_target
 .text.hardware_alarm_cancel
                0x10002810       0x40 CMakeFiles/test.dir/C_/Program_Files/Raspberry_Pi/Pico_SDK_v1.5.1/pico-sdk/src/rp2_common/hardware_timer/timer.c.obj
                0x10002810                hardware_alarm_cancel
 .text.ph_add_child_node
                0x10002850       0xa4 CMakeFiles/test.dir/C_/Program_Files/Raspberry_Pi/Pico_SDK_v1.5.1/pico-sdk/src/common/pico_util/pheap.c.obj
 .text.ph_merge_nodes
                0x100028f4       0x3e CMakeFiles/test.dir/C_/Program_Files/Raspberry_Pi/Pico_SDK_v1.5.1/pico-sdk/src/common/pico_util/pheap.c.obj
 *fill*         0x10002932        0x2 
 .text.ph_clear
                0x10002934       0x70 CMakeFiles/test.dir/C_/Program_Files/Raspberry_Pi/Pico_SDK_v1.5.1/pico-sdk/src/common/pico_util/pheap.c.obj
                0x10002934                ph_clear
 .text.ph_post_alloc_init
                0x100029a4        0xe CMakeFiles/test.dir/C_/Program_Files/Raspberry_Pi/Pico_SDK_v1.5.1/pico-sdk/src/common/pico_util/pheap.c.obj
                0x100029a4                ph_post_alloc_init
 *fill*         0x100029b2        0x2 
 .text.ph_merge_two_pass
                0x100029b4       0xa8 CMakeFiles/test.dir/C_/Program_Files/Raspberry_Pi/Pico_SDK_v1.5.1/pico-sdk/src/common/pico_util/pheap.c.obj
                0x100029b4                ph_merge_two_pass
 .text.ph_remove_any_head
                0x10002a5c      0x128 CMakeFiles/test.dir/C_/Program_Files/Raspberry_Pi/Pico_SDK_v1.5.1/pico-sdk/src/common/pico_util/pheap.c.obj
 .text.ph_remove_head
                0x10002b84       0x14 CMakeFiles/test.dir/C_/Program_Files/Raspberry_Pi/Pico_SDK_v1.5.1/pico-sdk/src/common/pico_util/pheap.c.obj
                0x10002b84                ph_remove_head
 .text.ph_remove_and_free_node
                0x10002b98       0xf8 CMakeFiles/test.dir/C_/Program_Files/Raspberry_Pi/Pico_SDK_v1.5.1/pico-sdk/src/common/pico_util/pheap.c.obj
                0x10002b98                ph_remove_and_free_node
 .text.pll_init
                0x10002c90      0x120 CMakeFiles/test.dir/C_/Program_Files/Raspberry_Pi/Pico_SDK_v1.5.1/pico-sdk/src/rp2_common/hardware_pll/pll.c.obj
                0x10002c90                pll_init
 .text.watchdog_start_tick
                0x10002db0       0x10 CMakeFiles/test.dir/C_/Program_Files/Raspberry_Pi/Pico_SDK_v1.5.1/pico-sdk/src/rp2_common/hardware_watchdog/watchdog.c.obj
                0x10002db0                watchdog_start_tick
 .text.watchdog_update
                0x10002dc0       0x14 CMakeFiles/test.dir/C_/Program_Files/Raspberry_Pi/Pico_SDK_v1.5.1/pico-sdk/src/rp2_common/hardware_watchdog/watchdog.c.obj
                0x10002dc0                watchdog_update
 .text._watchdog_enable
                0x10002dd4       0x78 CMakeFiles/test.dir/C_/Program_Files/Raspberry_Pi/Pico_SDK_v1.5.1/pico-sdk/src/rp2_common/hardware_watchdog/watchdog.c.obj
                0x10002dd4                _watchdog_enable
 .text.watchdog_reboot
                0x10002e4c       0x48 CMakeFiles/test.dir/C_/Program_Files/Raspberry_Pi/Pico_SDK_v1.5.1/pico-sdk/src/rp2_common/hardware_watchdog/watchdog.c.obj
                0x10002e4c                watchdog_reboot
 .text.xosc_init
                0x10002e94       0x28 CMakeFiles/test.dir/C_/Program_Files/Raspberry_Pi/Pico_SDK_v1.5.1/pico-sdk/src/rp2_common/hardware_xosc/xosc.c.obj
                0x10002e94                xosc_init
 .text.lwip_init
                0x10002ebc       0x24 CMakeFiles/test.dir/C_/Program_Files/Raspberry_Pi/Pico_SDK_v1.5.1/pico-sdk/lib/lwip/src/core/init.c.obj
                0x10002ebc                lwip_init
 .text.lwip_htons
                0x10002ee0        0xa CMakeFiles/test.dir/C_/Program_Files/Raspberry_Pi/Pico_SDK_v1.5.1/pico-sdk/lib/lwip/src/core/def.c.obj
                0x10002ee0                lwip_htons
 .text.lwip_htonl
                0x10002eea       0x1c CMakeFiles/test.dir/C_/Program_Files/Raspberry_Pi/Pico_SDK_v1.5.1/pico-sdk/lib/lwip/src/core/def.c.obj
                0x10002eea                lwip_htonl
 *fill*         0x10002f06        0x2 
 .text.dns_backupserver_available
                0x10002f08       0x28 CMakeFiles/test.dir/C_/Program_Files/Raspberry_Pi/Pico_SDK_v1.5.1/pico-sdk/lib/lwip/src/core/dns.c.obj
 .text.dns_create_txid
                0x10002f30       0x3c CMakeFiles/test.dir/C_/Program_Files/Raspberry_Pi/Pico_SDK_v1.5.1/pico-sdk/lib/lwip/src/core/dns.c.obj
 .text.dns_call_found
                0x10002f6c       0xf4 CMakeFiles/test.dir/C_/Program_Files/Raspberry_Pi/Pico_SDK_v1.5.1/pico-sdk/lib/lwip/src/core/dns.c.obj
 .text.dns_send
                0x10003060      0x178 CMakeFiles/test.dir/C_/Program_Files/Raspberry_Pi/Pico_SDK_v1.5.1/pico-sdk/lib/lwip/src/core/dns.c.obj
 .text.dns_check_entry
                0x100031d8      0x11c CMakeFiles/test.dir/C_/Program_Files/Raspberry_Pi/Pico_SDK_v1.5.1/pico-sdk/lib/lwip/src/core/dns.c.obj
 .text.dns_check_entries
                0x100032f4       0x16 CMakeFiles/test.dir/C_/Program_Files/Raspberry_Pi/Pico_SDK_v1.5.1/pico-sdk/lib/lwip/src/core/dns.c.obj
 .text.dns_init
                0x1000330a        0x2 CMakeFiles/test.dir/C_/Program_Files/Raspberry_Pi/Pico_SDK_v1.5.1/pico-sdk/lib/lwip/src/core/dns.c.obj
                0x1000330a                dns_init
 .text.dns_setserver
                0x1000330c       0x28 CMakeFiles/test.dir/C_/Program_Files/Raspberry_Pi/Pico_SDK_v1.5.1/pico-sdk/lib/lwip/src/core/dns.c.obj
                0x1000330c                dns_setserver
 .text.dns_tmr  0x10003334        0x8 CMakeFiles/test.dir/C_/Program_Files/Raspberry_Pi/Pico_SDK_v1.5.1/pico-sdk/lib/lwip/src/core/dns.c.obj
                0x10003334                dns_tmr
 .text.lwip_standard_chksum
                0x1000333c       0xac CMakeFiles/test.dir/C_/Program_Files/Raspberry_Pi/Pico_SDK_v1.5.1/pico-sdk/lib/lwip/src/core/inet_chksum.c.obj
                0x1000333c                lwip_standard_chksum
 .text.inet_cksum_pseudo_base
                0x100033e8       0x7c CMakeFiles/test.dir/C_/Program_Files/Raspberry_Pi/Pico_SDK_v1.5.1/pico-sdk/lib/lwip/src/core/inet_chksum.c.obj
 .text.inet_chksum_pseudo
                0x10003464       0x30 CMakeFiles/test.dir/C_/Program_Files/Raspberry_Pi/Pico_SDK_v1.5.1/pico-sdk/lib/lwip/src/core/inet_chksum.c.obj
                0x10003464                inet_chksum_pseudo
 .text.ip_chksum_pseudo
                0x10003494       0x10 CMakeFiles/test.dir/C_/Program_Files/Raspberry_Pi/Pico_SDK_v1.5.1/pico-sdk/lib/lwip/src/core/inet_chksum.c.obj
                0x10003494                ip_chksum_pseudo
 .text.inet_chksum
                0x100034a4        0xc CMakeFiles/test.dir/C_/Program_Files/Raspberry_Pi/Pico_SDK_v1.5.1/pico-sdk/lib/lwip/src/core/inet_chksum.c.obj
                0x100034a4                inet_chksum
 .text.ptr_to_mem
                0x100034b0        0xc CMakeFiles/test.dir/C_/Program_Files/Raspberry_Pi/Pico_SDK_v1.5.1/pico-sdk/lib/lwip/src/core/mem.c.obj
 .text.mem_to_ptr
                0x100034bc       0x10 CMakeFiles/test.dir/C_/Program_Files/Raspberry_Pi/Pico_SDK_v1.5.1/pico-sdk/lib/lwip/src/core/mem.c.obj
 .text.mem_link_valid
                0x100034cc       0x5c CMakeFiles/test.dir/C_/Program_Files/Raspberry_Pi/Pico_SDK_v1.5.1/pico-sdk/lib/lwip/src/core/mem.c.obj
 .text.plug_holes
                0x10003528       0xd4 CMakeFiles/test.dir/C_/Program_Files/Raspberry_Pi/Pico_SDK_v1.5.1/pico-sdk/lib/lwip/src/core/mem.c.obj
 .text.mem_init
                0x100035fc       0x44 CMakeFiles/test.dir/C_/Program_Files/Raspberry_Pi/Pico_SDK_v1.5.1/pico-sdk/lib/lwip/src/core/mem.c.obj
                0x100035fc                mem_init
 .text.mem_free
                0x10003640       0x84 CMakeFiles/test.dir/C_/Program_Files/Raspberry_Pi/Pico_SDK_v1.5.1/pico-sdk/lib/lwip/src/core/mem.c.obj
                0x10003640                mem_free
 .text.mem_trim
                0x100036c4      0x134 CMakeFiles/test.dir/C_/Program_Files/Raspberry_Pi/Pico_SDK_v1.5.1/pico-sdk/lib/lwip/src/core/mem.c.obj
                0x100036c4                mem_trim
 .text.mem_malloc
                0x100037f8      0x134 CMakeFiles/test.dir/C_/Program_Files/Raspberry_Pi/Pico_SDK_v1.5.1/pico-sdk/lib/lwip/src/core/mem.c.obj
                0x100037f8                mem_malloc
 .text.do_memp_malloc_pool
                0x1000392c       0x30 CMakeFiles/test.dir/C_/Program_Files/Raspberry_Pi/Pico_SDK_v1.5.1/pico-sdk/lib/lwip/src/core/memp.c.obj
 .text.do_memp_free_pool
                0x1000395c       0x28 CMakeFiles/test.dir/C_/Program_Files/Raspberry_Pi/Pico_SDK_v1.5.1/pico-sdk/lib/lwip/src/core/memp.c.obj
 .text.memp_init_pool
                0x10003984       0x2a CMakeFiles/test.dir/C_/Program_Files/Raspberry_Pi/Pico_SDK_v1.5.1/pico-sdk/lib/lwip/src/core/memp.c.obj
                0x10003984                memp_init_pool
 *fill*         0x100039ae        0x2 
 .text.memp_init
                0x100039b0       0x20 CMakeFiles/test.dir/C_/Program_Files/Raspberry_Pi/Pico_SDK_v1.5.1/pico-sdk/lib/lwip/src/core/memp.c.obj
                0x100039b0                memp_init
 .text.memp_malloc
                0x100039d0       0x24 CMakeFiles/test.dir/C_/Program_Files/Raspberry_Pi/Pico_SDK_v1.5.1/pico-sdk/lib/lwip/src/core/memp.c.obj
                0x100039d0                memp_malloc
 .text.memp_free
                0x100039f4       0x28 CMakeFiles/test.dir/C_/Program_Files/Raspberry_Pi/Pico_SDK_v1.5.1/pico-sdk/lib/lwip/src/core/memp.c.obj
                0x100039f4                memp_free
 .text.netif_do_set_netmask
                0x10003a1c       0x1a CMakeFiles/test.dir/C_/Program_Files/Raspberry_Pi/Pico_SDK_v1.5.1/pico-sdk/lib/lwip/src/core/netif.c.obj
 .text.netif_do_set_gw
                0x10003a36       0x1a CMakeFiles/test.dir/C_/Program_Files/Raspberry_Pi/Pico_SDK_v1.5.1/pico-sdk/lib/lwip/src/core/netif.c.obj
 .text.netif_do_ip_addr_changed
                0x10003a50       0x1c CMakeFiles/test.dir/C_/Program_Files/Raspberry_Pi/Pico_SDK_v1.5.1/pico-sdk/lib/lwip/src/core/netif.c.obj
 .text.netif_issue_reports
                0x10003a6c       0x34 CMakeFiles/test.dir/C_/Program_Files/Raspberry_Pi/Pico_SDK_v1.5.1/pico-sdk/lib/lwip/src/core/netif.c.obj
 .text.netif_do_set_ipaddr
                0x10003aa0       0x54 CMakeFiles/test.dir/C_/Program_Files/Raspberry_Pi/Pico_SDK_v1.5.1/pico-sdk/lib/lwip/src/core/netif.c.obj
 .text.netif_init
                0x10003af4        0x2 CMakeFiles/test.dir/C_/Program_Files/Raspberry_Pi/Pico_SDK_v1.5.1/pico-sdk/lib/lwip/src/core/netif.c.obj
                0x10003af4                netif_init
 *fill*         0x10003af6        0x2 
 .text.netif_set_addr
                0x10003af8       0x78 CMakeFiles/test.dir/C_/Program_Files/Raspberry_Pi/Pico_SDK_v1.5.1/pico-sdk/lib/lwip/src/core/netif.c.obj
                0x10003af8                netif_set_addr
 .text.netif_set_default
                0x10003b70        0xc CMakeFiles/test.dir/C_/Program_Files/Raspberry_Pi/Pico_SDK_v1.5.1/pico-sdk/lib/lwip/src/core/netif.c.obj
                0x10003b70                netif_set_default
 .text.netif_set_down
                0x10003b7c       0x38 CMakeFiles/test.dir/C_/Program_Files/Raspberry_Pi/Pico_SDK_v1.5.1/pico-sdk/lib/lwip/src/core/netif.c.obj
                0x10003b7c                netif_set_down
 .text.netif_remove
                0x10003bb4       0x64 CMakeFiles/test.dir/C_/Program_Files/Raspberry_Pi/Pico_SDK_v1.5.1/pico-sdk/lib/lwip/src/core/netif.c.obj
                0x10003bb4                netif_remove
 .text.netif_set_link_up
                0x10003c18       0x3c CMakeFiles/test.dir/C_/Program_Files/Raspberry_Pi/Pico_SDK_v1.5.1/pico-sdk/lib/lwip/src/core/netif.c.obj
                0x10003c18                netif_set_link_up
 .text.netif_set_link_down
                0x10003c54       0x2c CMakeFiles/test.dir/C_/Program_Files/Raspberry_Pi/Pico_SDK_v1.5.1/pico-sdk/lib/lwip/src/core/netif.c.obj
                0x10003c54                netif_set_link_down
 .text.netif_get_by_index
                0x10003c80       0x24 CMakeFiles/test.dir/C_/Program_Files/Raspberry_Pi/Pico_SDK_v1.5.1/pico-sdk/lib/lwip/src/core/netif.c.obj
                0x10003c80                netif_get_by_index
 .text.pbuf_init_alloced_pbuf
                0x10003ca4       0x20 CMakeFiles/test.dir/C_/Program_Files/Raspberry_Pi/Pico_SDK_v1.5.1/pico-sdk/lib/lwip/src/core/pbuf.c.obj
 .text.pbuf_skip_const
                0x10003cc4       0x1a CMakeFiles/test.dir/C_/Program_Files/Raspberry_Pi/Pico_SDK_v1.5.1/pico-sdk/lib/lwip/src/core/pbuf.c.obj
 *fill*         0x10003cde        0x2 
 .text.pbuf_pool_is_empty
                0x10003ce0       0x18 CMakeFiles/test.dir/C_/Program_Files/Raspberry_Pi/Pico_SDK_v1.5.1/pico-sdk/lib/lwip/src/core/pbuf.c.obj
 .text.pbuf_add_header_impl
                0x10003cf8       0x68 CMakeFiles/test.dir/C_/Program_Files/Raspberry_Pi/Pico_SDK_v1.5.1/pico-sdk/lib/lwip/src/core/pbuf.c.obj
 .text.pbuf_free_ooseq
                0x10003d60       0x30 CMakeFiles/test.dir/C_/Program_Files/Raspberry_Pi/Pico_SDK_v1.5.1/pico-sdk/lib/lwip/src/core/pbuf.c.obj
                0x10003d60                pbuf_free_ooseq
 .text.pbuf_alloc_reference
                0x10003d90       0x3c CMakeFiles/test.dir/C_/Program_Files/Raspberry_Pi/Pico_SDK_v1.5.1/pico-sdk/lib/lwip/src/core/pbuf.c.obj
                0x10003d90                pbuf_alloc_reference
 .text.pbuf_add_header
                0x10003dcc        0xa CMakeFiles/test.dir/C_/Program_Files/Raspberry_Pi/Pico_SDK_v1.5.1/pico-sdk/lib/lwip/src/core/pbuf.c.obj
                0x10003dcc                pbuf_add_header
 *fill*         0x10003dd6        0x2 
 .text.pbuf_free
                0x10003dd8       0x7c CMakeFiles/test.dir/C_/Program_Files/Raspberry_Pi/Pico_SDK_v1.5.1/pico-sdk/lib/lwip/src/core/pbuf.c.obj
                0x10003dd8                pbuf_free
 .text.pbuf_alloc
                0x10003e54      0x148 CMakeFiles/test.dir/C_/Program_Files/Raspberry_Pi/Pico_SDK_v1.5.1/pico-sdk/lib/lwip/src/core/pbuf.c.obj
                0x10003e54                pbuf_alloc
 .text.pbuf_realloc
                0x10003f9c       0x84 CMakeFiles/test.dir/C_/Program_Files/Raspberry_Pi/Pico_SDK_v1.5.1/pico-sdk/lib/lwip/src/core/pbuf.c.obj
                0x10003f9c                pbuf_realloc
 .text.pbuf_clen
                0x10004020       0x12 CMakeFiles/test.dir/C_/Program_Files/Raspberry_Pi/Pico_SDK_v1.5.1/pico-sdk/lib/lwip/src/core/pbuf.c.obj
                0x10004020                pbuf_clen
 *fill*         0x10004032        0x2 
 .text.pbuf_ref
                0x10004034       0x28 CMakeFiles/test.dir/C_/Program_Files/Raspberry_Pi/Pico_SDK_v1.5.1/pico-sdk/lib/lwip/src/core/pbuf.c.obj
                0x10004034                pbuf_ref
 .text.pbuf_cat
                0x1000405c       0x44 CMakeFiles/test.dir/C_/Program_Files/Raspberry_Pi/Pico_SDK_v1.5.1/pico-sdk/lib/lwip/src/core/pbuf.c.obj
                0x1000405c                pbuf_cat
 .text.pbuf_chain
                0x100040a0       0x10 CMakeFiles/test.dir/C_/Program_Files/Raspberry_Pi/Pico_SDK_v1.5.1/pico-sdk/lib/lwip/src/core/pbuf.c.obj
                0x100040a0                pbuf_chain
 .text.pbuf_copy_partial_pbuf
                0x100040b0      0x13c CMakeFiles/test.dir/C_/Program_Files/Raspberry_Pi/Pico_SDK_v1.5.1/pico-sdk/lib/lwip/src/core/pbuf.c.obj
                0x100040b0                pbuf_copy_partial_pbuf
 .text.pbuf_copy_partial
                0x100041ec       0x90 CMakeFiles/test.dir/C_/Program_Files/Raspberry_Pi/Pico_SDK_v1.5.1/pico-sdk/lib/lwip/src/core/pbuf.c.obj
                0x100041ec                pbuf_copy_partial
 .text.pbuf_skip
                0x1000427c        0x8 CMakeFiles/test.dir/C_/Program_Files/Raspberry_Pi/Pico_SDK_v1.5.1/pico-sdk/lib/lwip/src/core/pbuf.c.obj
                0x1000427c                pbuf_skip
 .text.pbuf_take
                0x10004284       0x98 CMakeFiles/test.dir/C_/Program_Files/Raspberry_Pi/Pico_SDK_v1.5.1/pico-sdk/lib/lwip/src/core/pbuf.c.obj
                0x10004284                pbuf_take
 .text.pbuf_take_at
                0x1000431c       0x70 CMakeFiles/test.dir/C_/Program_Files/Raspberry_Pi/Pico_SDK_v1.5.1/pico-sdk/lib/lwip/src/core/pbuf.c.obj
                0x1000431c                pbuf_take_at
 .text.pbuf_put_at
                0x1000438c       0x26 CMakeFiles/test.dir/C_/Program_Files/Raspberry_Pi/Pico_SDK_v1.5.1/pico-sdk/lib/lwip/src/core/pbuf.c.obj
                0x1000438c                pbuf_put_at
 *fill*         0x100043b2        0x2 
 .text.raw_netif_ip_addr_changed
                0x100043b4       0x38 CMakeFiles/test.dir/C_/Program_Files/Raspberry_Pi/Pico_SDK_v1.5.1/pico-sdk/lib/lwip/src/core/raw.c.obj
                0x100043b4                raw_netif_ip_addr_changed
 .text.stats_init
                0x100043ec        0x2 CMakeFiles/test.dir/C_/Program_Files/Raspberry_Pi/Pico_SDK_v1.5.1/pico-sdk/lib/lwip/src/core/stats.c.obj
                0x100043ec                stats_init
 *fill*         0x100043ee        0x2 
 .text.tcp_remove_listener
                0x100043f0       0x24 CMakeFiles/test.dir/C_/Program_Files/Raspberry_Pi/Pico_SDK_v1.5.1/pico-sdk/lib/lwip/src/core/tcp.c.obj
 .text.tcp_listen_closed
                0x10004414       0x40 CMakeFiles/test.dir/C_/Program_Files/Raspberry_Pi/Pico_SDK_v1.5.1/pico-sdk/lib/lwip/src/core/tcp.c.obj
 .text.tcp_free_listen
                0x10004454       0x1c CMakeFiles/test.dir/C_/Program_Files/Raspberry_Pi/Pico_SDK_v1.5.1/pico-sdk/lib/lwip/src/core/tcp.c.obj
 .text.tcp_close_shutdown_fin
                0x10004470       0x68 CMakeFiles/test.dir/C_/Program_Files/Raspberry_Pi/Pico_SDK_v1.5.1/pico-sdk/lib/lwip/src/core/tcp.c.obj
 .text.tcp_init
                0x100044d8       0x20 CMakeFiles/test.dir/C_/Program_Files/Raspberry_Pi/Pico_SDK_v1.5.1/pico-sdk/lib/lwip/src/core/tcp.c.obj
                0x100044d8                tcp_init
 .text.tcp_free
                0x100044f8       0x1c CMakeFiles/test.dir/C_/Program_Files/Raspberry_Pi/Pico_SDK_v1.5.1/pico-sdk/lib/lwip/src/core/tcp.c.obj
                0x100044f8                tcp_free
 .text.tcp_update_rcv_ann_wnd
                0x10004514       0x58 CMakeFiles/test.dir/C_/Program_Files/Raspberry_Pi/Pico_SDK_v1.5.1/pico-sdk/lib/lwip/src/core/tcp.c.obj
                0x10004514                tcp_update_rcv_ann_wnd
 .text.tcp_recved
                0x1000456c       0x60 CMakeFiles/test.dir/C_/Program_Files/Raspberry_Pi/Pico_SDK_v1.5.1/pico-sdk/lib/lwip/src/core/tcp.c.obj
                0x1000456c                tcp_recved
 .text.tcp_seg_free
                0x100045cc       0x1a CMakeFiles/test.dir/C_/Program_Files/Raspberry_Pi/Pico_SDK_v1.5.1/pico-sdk/lib/lwip/src/core/tcp.c.obj
                0x100045cc                tcp_seg_free
 .text.tcp_segs_free
                0x100045e6       0x12 CMakeFiles/test.dir/C_/Program_Files/Raspberry_Pi/Pico_SDK_v1.5.1/pico-sdk/lib/lwip/src/core/tcp.c.obj
                0x100045e6                tcp_segs_free
 .text.tcp_eff_send_mss_netif
                0x100045f8       0x34 CMakeFiles/test.dir/C_/Program_Files/Raspberry_Pi/Pico_SDK_v1.5.1/pico-sdk/lib/lwip/src/core/tcp.c.obj
                0x100045f8                tcp_eff_send_mss_netif
 .text.tcp_free_ooseq
                0x1000462c       0x14 CMakeFiles/test.dir/C_/Program_Files/Raspberry_Pi/Pico_SDK_v1.5.1/pico-sdk/lib/lwip/src/core/tcp.c.obj
                0x1000462c                tcp_free_ooseq
 .text.tcp_pcb_purge
                0x10004640       0x58 CMakeFiles/test.dir/C_/Program_Files/Raspberry_Pi/Pico_SDK_v1.5.1/pico-sdk/lib/lwip/src/core/tcp.c.obj
                0x10004640                tcp_pcb_purge
 .text.tcp_pcb_remove
                0x10004698       0xa4 CMakeFiles/test.dir/C_/Program_Files/Raspberry_Pi/Pico_SDK_v1.5.1/pico-sdk/lib/lwip/src/core/tcp.c.obj
                0x10004698                tcp_pcb_remove
 .text.tcp_abandon
                0x1000473c      0x10c CMakeFiles/test.dir/C_/Program_Files/Raspberry_Pi/Pico_SDK_v1.5.1/pico-sdk/lib/lwip/src/core/tcp.c.obj
                0x1000473c                tcp_abandon
 .text.tcp_abort
                0x10004848        0xa CMakeFiles/test.dir/C_/Program_Files/Raspberry_Pi/Pico_SDK_v1.5.1/pico-sdk/lib/lwip/src/core/tcp.c.obj
                0x10004848                tcp_abort
 *fill*         0x10004852        0x2 
 .text.tcp_netif_ip_addr_changed_pcblist
                0x10004854       0x30 CMakeFiles/test.dir/C_/Program_Files/Raspberry_Pi/Pico_SDK_v1.5.1/pico-sdk/lib/lwip/src/core/tcp.c.obj
 .text.tcp_netif_ip_addr_changed
                0x10004884       0x54 CMakeFiles/test.dir/C_/Program_Files/Raspberry_Pi/Pico_SDK_v1.5.1/pico-sdk/lib/lwip/src/core/tcp.c.obj
                0x10004884                tcp_netif_ip_addr_changed
 .text.tcp_close_shutdown
                0x100048d8      0x13c CMakeFiles/test.dir/C_/Program_Files/Raspberry_Pi/Pico_SDK_v1.5.1/pico-sdk/lib/lwip/src/core/tcp.c.obj
 .text.tcp_close
                0x10004a14       0x2c CMakeFiles/test.dir/C_/Program_Files/Raspberry_Pi/Pico_SDK_v1.5.1/pico-sdk/lib/lwip/src/core/tcp.c.obj
                0x10004a14                tcp_close
 .text.tcp_recv_null
                0x10004a40       0x3c CMakeFiles/test.dir/C_/Program_Files/Raspberry_Pi/Pico_SDK_v1.5.1/pico-sdk/lib/lwip/src/core/tcp.c.obj
                0x10004a40                tcp_recv_null
 .text.tcp_process_refused_data
                0x10004a7c       0x88 CMakeFiles/test.dir/C_/Program_Files/Raspberry_Pi/Pico_SDK_v1.5.1/pico-sdk/lib/lwip/src/core/tcp.c.obj
                0x10004a7c                tcp_process_refused_data
 .text.tcp_fasttmr
                0x10004b04       0x80 CMakeFiles/test.dir/C_/Program_Files/Raspberry_Pi/Pico_SDK_v1.5.1/pico-sdk/lib/lwip/src/core/tcp.c.obj
                0x10004b04                tcp_fasttmr
 .text.tcp_slowtmr
                0x10004b84      0x44c CMakeFiles/test.dir/C_/Program_Files/Raspberry_Pi/Pico_SDK_v1.5.1/pico-sdk/lib/lwip/src/core/tcp.c.obj
                0x10004b84                tcp_slowtmr
 .text.tcp_tmr  0x10004fd0       0x20 CMakeFiles/test.dir/C_/Program_Files/Raspberry_Pi/Pico_SDK_v1.5.1/pico-sdk/lib/lwip/src/core/tcp.c.obj
                0x10004fd0                tcp_tmr
 .text.tcp_trigger_input_pcb_close
                0x10004ff0       0x10 CMakeFiles/test.dir/C_/Program_Files/Raspberry_Pi/Pico_SDK_v1.5.1/pico-sdk/lib/lwip/src/core/tcp_in.c.obj
                0x10004ff0                tcp_trigger_input_pcb_close
 .text.tcp_output_segment_busy
                0x10005000       0x20 CMakeFiles/test.dir/C_/Program_Files/Raspberry_Pi/Pico_SDK_v1.5.1/pico-sdk/lib/lwip/src/core/tcp_out.c.obj
 .text.tcp_output_fill_options
                0x10005020       0x30 CMakeFiles/test.dir/C_/Program_Files/Raspberry_Pi/Pico_SDK_v1.5.1/pico-sdk/lib/lwip/src/core/tcp_out.c.obj
 .text.tcp_create_segment
                0x10005050       0xf4 CMakeFiles/test.dir/C_/Program_Files/Raspberry_Pi/Pico_SDK_v1.5.1/pico-sdk/lib/lwip/src/core/tcp_out.c.obj
 .text.tcp_output_alloc_header_common
                0x10005144       0xd0 CMakeFiles/test.dir/C_/Program_Files/Raspberry_Pi/Pico_SDK_v1.5.1/pico-sdk/lib/lwip/src/core/tcp_out.c.obj
 .text.tcp_output_alloc_header
                0x10005214       0x3c CMakeFiles/test.dir/C_/Program_Files/Raspberry_Pi/Pico_SDK_v1.5.1/pico-sdk/lib/lwip/src/core/tcp_out.c.obj
 .text.tcp_rst_common
                0x10005250       0x68 CMakeFiles/test.dir/C_/Program_Files/Raspberry_Pi/Pico_SDK_v1.5.1/pico-sdk/lib/lwip/src/core/tcp_out.c.obj
 .text.tcp_route
                0x100052b8       0x1a CMakeFiles/test.dir/C_/Program_Files/Raspberry_Pi/Pico_SDK_v1.5.1/pico-sdk/lib/lwip/src/core/tcp_out.c.obj
 *fill*         0x100052d2        0x2 
 .text.tcp_output_segment
                0x100052d4      0x168 CMakeFiles/test.dir/C_/Program_Files/Raspberry_Pi/Pico_SDK_v1.5.1/pico-sdk/lib/lwip/src/core/tcp_out.c.obj
 .text.tcp_output_control_segment_netif
                0x1000543c       0x84 CMakeFiles/test.dir/C_/Program_Files/Raspberry_Pi/Pico_SDK_v1.5.1/pico-sdk/lib/lwip/src/core/tcp_out.c.obj
 .text.tcp_output_control_segment
                0x100054c0       0x44 CMakeFiles/test.dir/C_/Program_Files/Raspberry_Pi/Pico_SDK_v1.5.1/pico-sdk/lib/lwip/src/core/tcp_out.c.obj
 .text.tcp_split_unsent_seg
                0x10005504      0x1f8 CMakeFiles/test.dir/C_/Program_Files/Raspberry_Pi/Pico_SDK_v1.5.1/pico-sdk/lib/lwip/src/core/tcp_out.c.obj
                0x10005504                tcp_split_unsent_seg
 .text.tcp_enqueue_flags
                0x100056fc      0x11c CMakeFiles/test.dir/C_/Program_Files/Raspberry_Pi/Pico_SDK_v1.5.1/pico-sdk/lib/lwip/src/core/tcp_out.c.obj
                0x100056fc                tcp_enqueue_flags
 .text.tcp_send_fin
                0x10005818       0x68 CMakeFiles/test.dir/C_/Program_Files/Raspberry_Pi/Pico_SDK_v1.5.1/pico-sdk/lib/lwip/src/core/tcp_out.c.obj
                0x10005818                tcp_send_fin
 .text.tcp_rexmit_rto_prepare
                0x10005880       0xac CMakeFiles/test.dir/C_/Program_Files/Raspberry_Pi/Pico_SDK_v1.5.1/pico-sdk/lib/lwip/src/core/tcp_out.c.obj
                0x10005880                tcp_rexmit_rto_prepare
 .text.tcp_rst  0x1000592c       0x32 CMakeFiles/test.dir/C_/Program_Files/Raspberry_Pi/Pico_SDK_v1.5.1/pico-sdk/lib/lwip/src/core/tcp_out.c.obj
                0x1000592c                tcp_rst
 *fill*         0x1000595e        0x2 
 .text.tcp_send_empty_ack
                0x10005960       0x64 CMakeFiles/test.dir/C_/Program_Files/Raspberry_Pi/Pico_SDK_v1.5.1/pico-sdk/lib/lwip/src/core/tcp_out.c.obj
                0x10005960                tcp_send_empty_ack
 .text.tcp_output
                0x100059c4      0x338 CMakeFiles/test.dir/C_/Program_Files/Raspberry_Pi/Pico_SDK_v1.5.1/pico-sdk/lib/lwip/src/core/tcp_out.c.obj
                0x100059c4                tcp_output
 .text.tcp_rexmit_rto_commit
                0x10005cfc       0x24 CMakeFiles/test.dir/C_/Program_Files/Raspberry_Pi/Pico_SDK_v1.5.1/pico-sdk/lib/lwip/src/core/tcp_out.c.obj
                0x10005cfc                tcp_rexmit_rto_commit
 .text.tcp_keepalive
                0x10005d20       0x48 CMakeFiles/test.dir/C_/Program_Files/Raspberry_Pi/Pico_SDK_v1.5.1/pico-sdk/lib/lwip/src/core/tcp_out.c.obj
                0x10005d20                tcp_keepalive
 .text.tcp_zero_window_probe
                0x10005d68      0x10c CMakeFiles/test.dir/C_/Program_Files/Raspberry_Pi/Pico_SDK_v1.5.1/pico-sdk/lib/lwip/src/core/tcp_out.c.obj
                0x10005d68                tcp_zero_window_probe
 .text.sys_timeout_abs
                0x10005e74       0x60 CMakeFiles/test.dir/C_/Program_Files/Raspberry_Pi/Pico_SDK_v1.5.1/pico-sdk/lib/lwip/src/core/timeouts.c.obj
 .text.lwip_cyclic_timer
                0x10005ed4       0x38 CMakeFiles/test.dir/C_/Program_Files/Raspberry_Pi/Pico_SDK_v1.5.1/pico-sdk/lib/lwip/src/core/timeouts.c.obj
 .text.sys_timeout
                0x10005f0c       0x2c CMakeFiles/test.dir/C_/Program_Files/Raspberry_Pi/Pico_SDK_v1.5.1/pico-sdk/lib/lwip/src/core/timeouts.c.obj
                0x10005f0c                sys_timeout
 .text.sys_timeouts_init
                0x10005f38       0x24 CMakeFiles/test.dir/C_/Program_Files/Raspberry_Pi/Pico_SDK_v1.5.1/pico-sdk/lib/lwip/src/core/timeouts.c.obj
                0x10005f38                sys_timeouts_init
 .text.sys_check_timeouts
                0x10005f5c       0x54 CMakeFiles/test.dir/C_/Program_Files/Raspberry_Pi/Pico_SDK_v1.5.1/pico-sdk/lib/lwip/src/core/timeouts.c.obj
                0x10005f5c                sys_check_timeouts
 .text.sys_timeouts_sleeptime
                0x10005fb0       0x34 CMakeFiles/test.dir/C_/Program_Files/Raspberry_Pi/Pico_SDK_v1.5.1/pico-sdk/lib/lwip/src/core/timeouts.c.obj
                0x10005fb0                sys_timeouts_sleeptime
 .text.udp_new_port
                0x10005fe4       0x54 CMakeFiles/test.dir/C_/Program_Files/Raspberry_Pi/Pico_SDK_v1.5.1/pico-sdk/lib/lwip/src/core/udp.c.obj
 .text.udp_init
                0x10006038       0x20 CMakeFiles/test.dir/C_/Program_Files/Raspberry_Pi/Pico_SDK_v1.5.1/pico-sdk/lib/lwip/src/core/udp.c.obj
                0x10006038                udp_init
 .text.udp_bind
                0x10006058       0xbc CMakeFiles/test.dir/C_/Program_Files/Raspberry_Pi/Pico_SDK_v1.5.1/pico-sdk/lib/lwip/src/core/udp.c.obj
                0x10006058                udp_bind
 .text.udp_sendto_if_src
                0x10006114      0x17c CMakeFiles/test.dir/C_/Program_Files/Raspberry_Pi/Pico_SDK_v1.5.1/pico-sdk/lib/lwip/src/core/udp.c.obj
                0x10006114                udp_sendto_if_src
 .text.udp_sendto_if
                0x10006290       0x84 CMakeFiles/test.dir/C_/Program_Files/Raspberry_Pi/Pico_SDK_v1.5.1/pico-sdk/lib/lwip/src/core/udp.c.obj
                0x10006290                udp_sendto_if
 .text.udp_sendto
                0x10006314       0x84 CMakeFiles/test.dir/C_/Program_Files/Raspberry_Pi/Pico_SDK_v1.5.1/pico-sdk/lib/lwip/src/core/udp.c.obj
                0x10006314                udp_sendto
 .text.udp_connect
                0x10006398       0x74 CMakeFiles/test.dir/C_/Program_Files/Raspberry_Pi/Pico_SDK_v1.5.1/pico-sdk/lib/lwip/src/core/udp.c.obj
                0x10006398                udp_connect
 .text.udp_recv
                0x1000640c       0x18 CMakeFiles/test.dir/C_/Program_Files/Raspberry_Pi/Pico_SDK_v1.5.1/pico-sdk/lib/lwip/src/core/udp.c.obj
                0x1000640c                udp_recv
 .text.udp_remove
                0x10006424       0x44 CMakeFiles/test.dir/C_/Program_Files/Raspberry_Pi/Pico_SDK_v1.5.1/pico-sdk/lib/lwip/src/core/udp.c.obj
                0x10006424                udp_remove
 .text.udp_new  0x10006468       0x1c CMakeFiles/test.dir/C_/Program_Files/Raspberry_Pi/Pico_SDK_v1.5.1/pico-sdk/lib/lwip/src/core/udp.c.obj
                0x10006468                udp_new
 .text.udp_netif_ip_addr_changed
                0x10006484       0x38 CMakeFiles/test.dir/C_/Program_Files/Raspberry_Pi/Pico_SDK_v1.5.1/pico-sdk/lib/lwip/src/core/udp.c.obj
                0x10006484                udp_netif_ip_addr_changed
 .text.dhcp_set_state
                0x100064bc       0x10 CMakeFiles/test.dir/C_/Program_Files/Raspberry_Pi/Pico_SDK_v1.5.1/pico-sdk/lib/lwip/src/core/ipv4/dhcp.c.obj
 .text.dhcp_option_short
                0x100064cc       0x24 CMakeFiles/test.dir/C_/Program_Files/Raspberry_Pi/Pico_SDK_v1.5.1/pico-sdk/lib/lwip/src/core/ipv4/dhcp.c.obj
 .text.dhcp_option
                0x100064f0       0x24 CMakeFiles/test.dir/C_/Program_Files/Raspberry_Pi/Pico_SDK_v1.5.1/pico-sdk/lib/lwip/src/core/ipv4/dhcp.c.obj
 .text.dhcp_option_byte
                0x10006514       0x1c CMakeFiles/test.dir/C_/Program_Files/Raspberry_Pi/Pico_SDK_v1.5.1/pico-sdk/lib/lwip/src/core/ipv4/dhcp.c.obj
 .text.dhcp_option_long
                0x10006530       0x34 CMakeFiles/test.dir/C_/Program_Files/Raspberry_Pi/Pico_SDK_v1.5.1/pico-sdk/lib/lwip/src/core/ipv4/dhcp.c.obj
 .text.dhcp_create_msg
                0x10006564      0x138 CMakeFiles/test.dir/C_/Program_Files/Raspberry_Pi/Pico_SDK_v1.5.1/pico-sdk/lib/lwip/src/core/ipv4/dhcp.c.obj
 .text.dhcp_option_hostname
                0x1000669c       0x70 CMakeFiles/test.dir/C_/Program_Files/Raspberry_Pi/Pico_SDK_v1.5.1/pico-sdk/lib/lwip/src/core/ipv4/dhcp.c.obj
 .text.dhcp_option_trailer
                0x1000670c       0x30 CMakeFiles/test.dir/C_/Program_Files/Raspberry_Pi/Pico_SDK_v1.5.1/pico-sdk/lib/lwip/src/core/ipv4/dhcp.c.obj
 .text.dhcp_rebind
                0x1000673c       0xfc CMakeFiles/test.dir/C_/Program_Files/Raspberry_Pi/Pico_SDK_v1.5.1/pico-sdk/lib/lwip/src/core/ipv4/dhcp.c.obj
 .text.dhcp_t2_timeout
                0x10006838       0x2e CMakeFiles/test.dir/C_/Program_Files/Raspberry_Pi/Pico_SDK_v1.5.1/pico-sdk/lib/lwip/src/core/ipv4/dhcp.c.obj
 *fill*         0x10006866        0x2 
 .text.dhcp_reboot
                0x10006868      0x120 CMakeFiles/test.dir/C_/Program_Files/Raspberry_Pi/Pico_SDK_v1.5.1/pico-sdk/lib/lwip/src/core/ipv4/dhcp.c.obj
 .text.dhcp_select
                0x10006988      0x16c CMakeFiles/test.dir/C_/Program_Files/Raspberry_Pi/Pico_SDK_v1.5.1/pico-sdk/lib/lwip/src/core/ipv4/dhcp.c.obj
 .text.dhcp_handle_offer
                0x10006af4       0x48 CMakeFiles/test.dir/C_/Program_Files/Raspberry_Pi/Pico_SDK_v1.5.1/pico-sdk/lib/lwip/src/core/ipv4/dhcp.c.obj
 .text.dhcp_discover
                0x10006b3c       0xf8 CMakeFiles/test.dir/C_/Program_Files/Raspberry_Pi/Pico_SDK_v1.5.1/pico-sdk/lib/lwip/src/core/ipv4/dhcp.c.obj
 .text.dhcp_dec_pcb_refcount
                0x10006c34       0x38 CMakeFiles/test.dir/C_/Program_Files/Raspberry_Pi/Pico_SDK_v1.5.1/pico-sdk/lib/lwip/src/core/ipv4/dhcp.c.obj
 .text.dhcp_inc_pcb_refcount
                0x10006c6c       0x74 CMakeFiles/test.dir/C_/Program_Files/Raspberry_Pi/Pico_SDK_v1.5.1/pico-sdk/lib/lwip/src/core/ipv4/dhcp.c.obj
 .text.dhcp_parse_reply
                0x10006ce0      0x2fc CMakeFiles/test.dir/C_/Program_Files/Raspberry_Pi/Pico_SDK_v1.5.1/pico-sdk/lib/lwip/src/core/ipv4/dhcp.c.obj
 .text.dhcp_handle_ack
                0x10006fdc       0xd0 CMakeFiles/test.dir/C_/Program_Files/Raspberry_Pi/Pico_SDK_v1.5.1/pico-sdk/lib/lwip/src/core/ipv4/dhcp.c.obj
 .text.dhcp_bind
                0x100070ac      0x104 CMakeFiles/test.dir/C_/Program_Files/Raspberry_Pi/Pico_SDK_v1.5.1/pico-sdk/lib/lwip/src/core/ipv4/dhcp.c.obj
 .text.dhcp_handle_nak
                0x100071b0       0x24 CMakeFiles/test.dir/C_/Program_Files/Raspberry_Pi/Pico_SDK_v1.5.1/pico-sdk/lib/lwip/src/core/ipv4/dhcp.c.obj
 .text.dhcp_recv
                0x100071d4       0xf4 CMakeFiles/test.dir/C_/Program_Files/Raspberry_Pi/Pico_SDK_v1.5.1/pico-sdk/lib/lwip/src/core/ipv4/dhcp.c.obj
 .text.dhcp_network_changed_link_up
                0x100072c8       0x40 CMakeFiles/test.dir/C_/Program_Files/Raspberry_Pi/Pico_SDK_v1.5.1/pico-sdk/lib/lwip/src/core/ipv4/dhcp.c.obj
                0x100072c8                dhcp_network_changed_link_up
 .text.dhcp_renew
                0x10007308       0xf8 CMakeFiles/test.dir/C_/Program_Files/Raspberry_Pi/Pico_SDK_v1.5.1/pico-sdk/lib/lwip/src/core/ipv4/dhcp.c.obj
                0x10007308                dhcp_renew
 .text.dhcp_t1_timeout
                0x10007400       0x2a CMakeFiles/test.dir/C_/Program_Files/Raspberry_Pi/Pico_SDK_v1.5.1/pico-sdk/lib/lwip/src/core/ipv4/dhcp.c.obj
 .text.dhcp_supplied_address
                0x1000742a       0x32 CMakeFiles/test.dir/C_/Program_Files/Raspberry_Pi/Pico_SDK_v1.5.1/pico-sdk/lib/lwip/src/core/ipv4/dhcp.c.obj
                0x1000742a                dhcp_supplied_address
 .text.dhcp_release_and_stop
                0x1000745c       0xdc CMakeFiles/test.dir/C_/Program_Files/Raspberry_Pi/Pico_SDK_v1.5.1/pico-sdk/lib/lwip/src/core/ipv4/dhcp.c.obj
                0x1000745c                dhcp_release_and_stop
 .text.dhcp_start
                0x10007538       0xac CMakeFiles/test.dir/C_/Program_Files/Raspberry_Pi/Pico_SDK_v1.5.1/pico-sdk/lib/lwip/src/core/ipv4/dhcp.c.obj
                0x10007538                dhcp_start
 .text.dhcp_coarse_tmr
                0x100075e4       0x6c CMakeFiles/test.dir/C_/Program_Files/Raspberry_Pi/Pico_SDK_v1.5.1/pico-sdk/lib/lwip/src/core/ipv4/dhcp.c.obj
                0x100075e4                dhcp_coarse_tmr
 .text.dhcp_timeout
                0x10007650       0x4a CMakeFiles/test.dir/C_/Program_Files/Raspberry_Pi/Pico_SDK_v1.5.1/pico-sdk/lib/lwip/src/core/ipv4/dhcp.c.obj
 *fill*         0x1000769a        0x2 
 .text.dhcp_fine_tmr
                0x1000769c       0x38 CMakeFiles/test.dir/C_/Program_Files/Raspberry_Pi/Pico_SDK_v1.5.1/pico-sdk/lib/lwip/src/core/ipv4/dhcp.c.obj
                0x1000769c                dhcp_fine_tmr
 .text.dhcp_stop
                0x100076d4        0x8 CMakeFiles/test.dir/C_/Program_Files/Raspberry_Pi/Pico_SDK_v1.5.1/pico-sdk/lib/lwip/src/core/ipv4/dhcp.c.obj
                0x100076d4                dhcp_stop
 .text.etharp_free_entry
                0x100076dc       0x4c CMakeFiles/test.dir/C_/Program_Files/Raspberry_Pi/Pico_SDK_v1.5.1/pico-sdk/lib/lwip/src/core/ipv4/etharp.c.obj
 .text.etharp_raw
                0x10007728       0xf0 CMakeFiles/test.dir/C_/Program_Files/Raspberry_Pi/Pico_SDK_v1.5.1/pico-sdk/lib/lwip/src/core/ipv4/etharp.c.obj
 .text.etharp_request_dst
                0x10007818       0x24 CMakeFiles/test.dir/C_/Program_Files/Raspberry_Pi/Pico_SDK_v1.5.1/pico-sdk/lib/lwip/src/core/ipv4/etharp.c.obj
 .text.etharp_cleanup_netif
                0x1000783c       0x3c CMakeFiles/test.dir/C_/Program_Files/Raspberry_Pi/Pico_SDK_v1.5.1/pico-sdk/lib/lwip/src/core/ipv4/etharp.c.obj
                0x1000783c                etharp_cleanup_netif
 .text.etharp_request
                0x10007878       0x10 CMakeFiles/test.dir/C_/Program_Files/Raspberry_Pi/Pico_SDK_v1.5.1/pico-sdk/lib/lwip/src/core/ipv4/etharp.c.obj
                0x10007878                etharp_request
 .text.etharp_tmr
                0x10007888       0x8c CMakeFiles/test.dir/C_/Program_Files/Raspberry_Pi/Pico_SDK_v1.5.1/pico-sdk/lib/lwip/src/core/ipv4/etharp.c.obj
                0x10007888                etharp_tmr
 .text.icmp_send_response
                0x10007914       0xd4 CMakeFiles/test.dir/C_/Program_Files/Raspberry_Pi/Pico_SDK_v1.5.1/pico-sdk/lib/lwip/src/core/ipv4/icmp.c.obj
 .text.icmp_time_exceeded
                0x100079e8        0xc CMakeFiles/test.dir/C_/Program_Files/Raspberry_Pi/Pico_SDK_v1.5.1/pico-sdk/lib/lwip/src/core/ipv4/icmp.c.obj
                0x100079e8                icmp_time_exceeded
 .text.ip_reass_dequeue_datagram
                0x100079f4       0x34 CMakeFiles/test.dir/C_/Program_Files/Raspberry_Pi/Pico_SDK_v1.5.1/pico-sdk/lib/lwip/src/core/ipv4/ip4_frag.c.obj
 .text.ip_reass_free_complete_datagram
                0x10007a28       0xe8 CMakeFiles/test.dir/C_/Program_Files/Raspberry_Pi/Pico_SDK_v1.5.1/pico-sdk/lib/lwip/src/core/ipv4/ip4_frag.c.obj
 .text.ip_reass_tmr
                0x10007b10       0x30 CMakeFiles/test.dir/C_/Program_Files/Raspberry_Pi/Pico_SDK_v1.5.1/pico-sdk/lib/lwip/src/core/ipv4/ip4_frag.c.obj
                0x10007b10                ip_reass_tmr
 .text.ip4_frag
                0x10007b40      0x178 CMakeFiles/test.dir/C_/Program_Files/Raspberry_Pi/Pico_SDK_v1.5.1/pico-sdk/lib/lwip/src/core/ipv4/ip4_frag.c.obj
                0x10007b40                ip4_frag
 .text.ip4_route
                0x10007cb8       0x7c CMakeFiles/test.dir/C_/Program_Files/Raspberry_Pi/Pico_SDK_v1.5.1/pico-sdk/lib/lwip/src/core/ipv4/ip4.c.obj
                0x10007cb8                ip4_route
 .text.ip4_output_if_src
                0x10007d34      0x1c4 CMakeFiles/test.dir/C_/Program_Files/Raspberry_Pi/Pico_SDK_v1.5.1/pico-sdk/lib/lwip/src/core/ipv4/ip4.c.obj
                0x10007d34                ip4_output_if_src
 .text.ip4_output_if
                0x10007ef8       0x2e CMakeFiles/test.dir/C_/Program_Files/Raspberry_Pi/Pico_SDK_v1.5.1/pico-sdk/lib/lwip/src/core/ipv4/ip4.c.obj
                0x10007ef8                ip4_output_if
 *fill*         0x10007f26        0x2 
 .text.ethernet_output
                0x10007f28       0x6c CMakeFiles/test.dir/C_/Program_Files/Raspberry_Pi/Pico_SDK_v1.5.1/pico-sdk/lib/lwip/src/netif/ethernet.c.obj
                0x10007f28                ethernet_output
 .text.cyw43_arch_set_async_context
                0x10007f94        0xc CMakeFiles/test.dir/C_/Program_Files/Raspberry_Pi/Pico_SDK_v1.5.1/pico-sdk/src/rp2_common/pico_cyw43_arch/cyw43_arch.c.obj
                0x10007f94                cyw43_arch_set_async_context
 .text.cyw43_arch_gpio_put
                0x10007fa0       0x14 CMakeFiles/test.dir/C_/Program_Files/Raspberry_Pi/Pico_SDK_v1.5.1/pico-sdk/src/rp2_common/pico_cyw43_arch/cyw43_arch.c.obj
                0x10007fa0                cyw43_arch_gpio_put
 .text.cyw43_arch_async_context
                0x10007fb4        0xc CMakeFiles/test.dir/C_/Program_Files/Raspberry_Pi/Pico_SDK_v1.5.1/pico-sdk/src/rp2_common/pico_cyw43_arch/cyw43_arch.c.obj
                0x10007fb4                cyw43_arch_async_context
 .text.cyw43_arch_init_default_async_context
                0x10007fc0       0x20 CMakeFiles/test.dir/C_/Program_Files/Raspberry_Pi/Pico_SDK_v1.5.1/pico-sdk/src/rp2_common/pico_cyw43_arch/cyw43_arch_threadsafe_background.c.obj
                0x10007fc0                cyw43_arch_init_default_async_context
 .text.cyw43_arch_deinit
                0x10007fe0       0x30 CMakeFiles/test.dir/C_/Program_Files/Raspberry_Pi/Pico_SDK_v1.5.1/pico-sdk/src/rp2_common/pico_cyw43_arch/cyw43_arch_threadsafe_background.c.obj
                0x10007fe0                cyw43_arch_deinit
 .text.cyw43_arch_init
                0x10008010       0x42 CMakeFiles/test.dir/C_/Program_Files/Raspberry_Pi/Pico_SDK_v1.5.1/pico-sdk/src/rp2_common/pico_cyw43_arch/cyw43_arch_threadsafe_background.c.obj
                0x10008010                cyw43_arch_init
 .text.cs_set   0x10008052       0x1c CMakeFiles/test.dir/C_/Program_Files/Raspberry_Pi/Pico_SDK_v1.5.1/pico-sdk/src/rp2_common/pico_cyw43_driver/cyw43_bus_pio_spi.c.obj
 *fill*         0x1000806e        0x2 
 .text.start_spi_comms
                0x10008070       0x2c CMakeFiles/test.dir/C_/Program_Files/Raspberry_Pi/Pico_SDK_v1.5.1/pico-sdk/src/rp2_common/pico_cyw43_driver/cyw43_bus_pio_spi.c.obj
 .text.ns_delay
                0x1000809c       0x20 CMakeFiles/test.dir/C_/Program_Files/Raspberry_Pi/Pico_SDK_v1.5.1/pico-sdk/src/rp2_common/pico_cyw43_driver/cyw43_bus_pio_spi.c.obj
 .text.stop_spi_comms
                0x100080bc       0x10 CMakeFiles/test.dir/C_/Program_Files/Raspberry_Pi/Pico_SDK_v1.5.1/pico-sdk/src/rp2_common/pico_cyw43_driver/cyw43_bus_pio_spi.c.obj
 .text.cyw43_spi_deinit
                0x100080cc       0x74 CMakeFiles/test.dir/C_/Program_Files/Raspberry_Pi/Pico_SDK_v1.5.1/pico-sdk/src/rp2_common/pico_cyw43_driver/cyw43_bus_pio_spi.c.obj
                0x100080cc                cyw43_spi_deinit
 .text.cyw43_spi_init
                0x10008140      0x284 CMakeFiles/test.dir/C_/Program_Files/Raspberry_Pi/Pico_SDK_v1.5.1/pico-sdk/src/rp2_common/pico_cyw43_driver/cyw43_bus_pio_spi.c.obj
                0x10008140                cyw43_spi_init
 .text.cyw43_spi_transfer
                0x100083c4      0x694 CMakeFiles/test.dir/C_/Program_Files/Raspberry_Pi/Pico_SDK_v1.5.1/pico-sdk/src/rp2_common/pico_cyw43_driver/cyw43_bus_pio_spi.c.obj
                0x100083c4                cyw43_spi_transfer
 .text.cyw43_spi_gpio_setup
                0x10008a58       0x3a CMakeFiles/test.dir/C_/Program_Files/Raspberry_Pi/Pico_SDK_v1.5.1/pico-sdk/src/rp2_common/pico_cyw43_driver/cyw43_bus_pio_spi.c.obj
                0x10008a58                cyw43_spi_gpio_setup
 .text.cyw43_spi_reset
                0x10008a92       0x28 CMakeFiles/test.dir/C_/Program_Files/Raspberry_Pi/Pico_SDK_v1.5.1/pico-sdk/src/rp2_common/pico_cyw43_driver/cyw43_bus_pio_spi.c.obj
                0x10008a92                cyw43_spi_reset
 *fill*         0x10008aba        0x2 
 .text.read_reg_u32_swap
                0x10008abc       0x68 CMakeFiles/test.dir/C_/Program_Files/Raspberry_Pi/Pico_SDK_v1.5.1/pico-sdk/src/rp2_common/pico_cyw43_driver/cyw43_bus_pio_spi.c.obj
                0x10008abc                read_reg_u32_swap
 .text.cyw43_read_reg_u32
                0x10008b24       0x54 CMakeFiles/test.dir/C_/Program_Files/Raspberry_Pi/Pico_SDK_v1.5.1/pico-sdk/src/rp2_common/pico_cyw43_driver/cyw43_bus_pio_spi.c.obj
                0x10008b24                cyw43_read_reg_u32
 .text.cyw43_read_reg_u16
                0x10008b78       0x54 CMakeFiles/test.dir/C_/Program_Files/Raspberry_Pi/Pico_SDK_v1.5.1/pico-sdk/src/rp2_common/pico_cyw43_driver/cyw43_bus_pio_spi.c.obj
                0x10008b78                cyw43_read_reg_u16
 .text.cyw43_read_reg_u8
                0x10008bcc       0x54 CMakeFiles/test.dir/C_/Program_Files/Raspberry_Pi/Pico_SDK_v1.5.1/pico-sdk/src/rp2_common/pico_cyw43_driver/cyw43_bus_pio_spi.c.obj
                0x10008bcc                cyw43_read_reg_u8
 .text.write_reg_u32_swap
                0x10008c20       0x34 CMakeFiles/test.dir/C_/Program_Files/Raspberry_Pi/Pico_SDK_v1.5.1/pico-sdk/src/rp2_common/pico_cyw43_driver/cyw43_bus_pio_spi.c.obj
                0x10008c20                write_reg_u32_swap
 .text.cyw43_write_reg_u32
                0x10008c54       0x58 CMakeFiles/test.dir/C_/Program_Files/Raspberry_Pi/Pico_SDK_v1.5.1/pico-sdk/src/rp2_common/pico_cyw43_driver/cyw43_bus_pio_spi.c.obj
                0x10008c54                cyw43_write_reg_u32
 .text.cyw43_write_reg_u16
                0x10008cac       0x58 CMakeFiles/test.dir/C_/Program_Files/Raspberry_Pi/Pico_SDK_v1.5.1/pico-sdk/src/rp2_common/pico_cyw43_driver/cyw43_bus_pio_spi.c.obj
                0x10008cac                cyw43_write_reg_u16
 .text.cyw43_write_reg_u8
                0x10008d04       0x58 CMakeFiles/test.dir/C_/Program_Files/Raspberry_Pi/Pico_SDK_v1.5.1/pico-sdk/src/rp2_common/pico_cyw43_driver/cyw43_bus_pio_spi.c.obj
                0x10008d04                cyw43_write_reg_u8
 .text.cyw43_read_bytes
                0x10008d5c      0x104 CMakeFiles/test.dir/C_/Program_Files/Raspberry_Pi/Pico_SDK_v1.5.1/pico-sdk/src/rp2_common/pico_cyw43_driver/cyw43_bus_pio_spi.c.obj
                0x10008d5c                cyw43_read_bytes
 .text.cyw43_write_bytes
                0x10008e60      0x128 CMakeFiles/test.dir/C_/Program_Files/Raspberry_Pi/Pico_SDK_v1.5.1/pico-sdk/src/rp2_common/pico_cyw43_driver/cyw43_bus_pio_spi.c.obj
                0x10008e60                cyw43_write_bytes
 .text.get_core_address
                0x10008f88       0x1c CMakeFiles/test.dir/C_/Program_Files/Raspberry_Pi/Pico_SDK_v1.5.1/pico-sdk/lib/cyw43-driver/src/cyw43_ll.c.obj
 .text.sdpcm_process_rx_packet
                0x10008fa4      0x180 CMakeFiles/test.dir/C_/Program_Files/Raspberry_Pi/Pico_SDK_v1.5.1/pico-sdk/lib/cyw43-driver/src/cyw43_ll.c.obj
 .text.cyw43_ll_wifi_parse_scan_result
                0x10009124       0x9c CMakeFiles/test.dir/C_/Program_Files/Raspberry_Pi/Pico_SDK_v1.5.1/pico-sdk/lib/cyw43-driver/src/cyw43_ll.c.obj
 .text.cyw43_ll_parse_async_event
                0x100091c0       0x8e CMakeFiles/test.dir/C_/Program_Files/Raspberry_Pi/Pico_SDK_v1.5.1/pico-sdk/lib/cyw43-driver/src/cyw43_ll.c.obj
 *fill*         0x1000924e        0x2 
 .text.cyw43_kso_set
                0x10009250       0x98 CMakeFiles/test.dir/C_/Program_Files/Raspberry_Pi/Pico_SDK_v1.5.1/pico-sdk/lib/cyw43-driver/src/cyw43_ll.c.obj
 .text.cyw43_ll_bus_sleep_helper
                0x100092e8        0xe CMakeFiles/test.dir/C_/Program_Files/Raspberry_Pi/Pico_SDK_v1.5.1/pico-sdk/lib/cyw43-driver/src/cyw43_ll.c.obj
 *fill*         0x100092f6        0x2 
 .text.cyw43_read_reg
                0x100092f8       0x48 CMakeFiles/test.dir/C_/Program_Files/Raspberry_Pi/Pico_SDK_v1.5.1/pico-sdk/lib/cyw43-driver/src/cyw43_ll.c.obj
 .text.cyw43_write_reg
                0x10009340       0x4c CMakeFiles/test.dir/C_/Program_Files/Raspberry_Pi/Pico_SDK_v1.5.1/pico-sdk/lib/cyw43-driver/src/cyw43_ll.c.obj
 .text.cyw43_set_backplane_window
                0x1000938c       0x74 CMakeFiles/test.dir/C_/Program_Files/Raspberry_Pi/Pico_SDK_v1.5.1/pico-sdk/lib/cyw43-driver/src/cyw43_ll.c.obj
 .text.cyw43_read_backplane
                0x10009400       0x30 CMakeFiles/test.dir/C_/Program_Files/Raspberry_Pi/Pico_SDK_v1.5.1/pico-sdk/lib/cyw43-driver/src/cyw43_ll.c.obj
 .text.disable_device_core
                0x10009430       0x3c CMakeFiles/test.dir/C_/Program_Files/Raspberry_Pi/Pico_SDK_v1.5.1/pico-sdk/lib/cyw43-driver/src/cyw43_ll.c.obj
 .text.device_core_is_up
                0x1000946c       0x4c CMakeFiles/test.dir/C_/Program_Files/Raspberry_Pi/Pico_SDK_v1.5.1/pico-sdk/lib/cyw43-driver/src/cyw43_ll.c.obj
 .text.cyw43_write_backplane
                0x100094b8       0x34 CMakeFiles/test.dir/C_/Program_Files/Raspberry_Pi/Pico_SDK_v1.5.1/pico-sdk/lib/cyw43-driver/src/cyw43_ll.c.obj
 .text.reset_device_core
                0x100094ec       0x74 CMakeFiles/test.dir/C_/Program_Files/Raspberry_Pi/Pico_SDK_v1.5.1/pico-sdk/lib/cyw43-driver/src/cyw43_ll.c.obj
 .text.cyw43_download_resource
                0x10009560      0x17c CMakeFiles/test.dir/C_/Program_Files/Raspberry_Pi/Pico_SDK_v1.5.1/pico-sdk/lib/cyw43-driver/src/cyw43_ll.c.obj
 .text.cyw43_ll_init
                0x100096dc       0x20 CMakeFiles/test.dir/C_/Program_Files/Raspberry_Pi/Pico_SDK_v1.5.1/pico-sdk/lib/cyw43-driver/src/cyw43_ll.c.obj
                0x100096dc                cyw43_ll_init
 .text.cyw43_ll_deinit
                0x100096fc        0x8 CMakeFiles/test.dir/C_/Program_Files/Raspberry_Pi/Pico_SDK_v1.5.1/pico-sdk/lib/cyw43-driver/src/cyw43_ll.c.obj
                0x100096fc                cyw43_ll_deinit
 .text.cyw43_ll_bus_sleep
                0x10009704       0x34 CMakeFiles/test.dir/C_/Program_Files/Raspberry_Pi/Pico_SDK_v1.5.1/pico-sdk/lib/cyw43-driver/src/cyw43_ll.c.obj
                0x10009704                cyw43_ll_bus_sleep
 .text.cyw43_ll_sdpcm_poll_device
                0x10009738      0x158 CMakeFiles/test.dir/C_/Program_Files/Raspberry_Pi/Pico_SDK_v1.5.1/pico-sdk/lib/cyw43-driver/src/cyw43_ll.c.obj
 .text.cyw43_ll_process_packets
                0x10009890       0x5c CMakeFiles/test.dir/C_/Program_Files/Raspberry_Pi/Pico_SDK_v1.5.1/pico-sdk/lib/cyw43-driver/src/cyw43_ll.c.obj
                0x10009890                cyw43_ll_process_packets
 .text.cyw43_sdpcm_send_common
                0x100098ec      0x104 CMakeFiles/test.dir/C_/Program_Files/Raspberry_Pi/Pico_SDK_v1.5.1/pico-sdk/lib/cyw43-driver/src/cyw43_ll.c.obj
 .text.cyw43_send_ioctl
                0x100099f0       0x56 CMakeFiles/test.dir/C_/Program_Files/Raspberry_Pi/Pico_SDK_v1.5.1/pico-sdk/lib/cyw43-driver/src/cyw43_ll.c.obj
 *fill*         0x10009a46        0x2 
 .text.cyw43_do_ioctl
                0x10009a48       0xc0 CMakeFiles/test.dir/C_/Program_Files/Raspberry_Pi/Pico_SDK_v1.5.1/pico-sdk/lib/cyw43-driver/src/cyw43_ll.c.obj
 .text.cyw43_ll_ioctl
                0x10009b08       0x1e CMakeFiles/test.dir/C_/Program_Files/Raspberry_Pi/Pico_SDK_v1.5.1/pico-sdk/lib/cyw43-driver/src/cyw43_ll.c.obj
                0x10009b08                cyw43_ll_ioctl
 *fill*         0x10009b26        0x2 
 .text.cyw43_clm_load
                0x10009b28       0xdc CMakeFiles/test.dir/C_/Program_Files/Raspberry_Pi/Pico_SDK_v1.5.1/pico-sdk/lib/cyw43-driver/src/cyw43_ll.c.obj
 .text.cyw43_write_iovar_u32
                0x10009c04       0x60 CMakeFiles/test.dir/C_/Program_Files/Raspberry_Pi/Pico_SDK_v1.5.1/pico-sdk/lib/cyw43-driver/src/cyw43_ll.c.obj
 .text.cyw43_write_iovar_n
                0x10009c64       0x50 CMakeFiles/test.dir/C_/Program_Files/Raspberry_Pi/Pico_SDK_v1.5.1/pico-sdk/lib/cyw43-driver/src/cyw43_ll.c.obj
 .text.cyw43_set_ioctl_u32
                0x10009cb4       0x30 CMakeFiles/test.dir/C_/Program_Files/Raspberry_Pi/Pico_SDK_v1.5.1/pico-sdk/lib/cyw43-driver/src/cyw43_ll.c.obj
 .text.cyw43_write_iovar_u32_u32
                0x10009ce4       0x74 CMakeFiles/test.dir/C_/Program_Files/Raspberry_Pi/Pico_SDK_v1.5.1/pico-sdk/lib/cyw43-driver/src/cyw43_ll.c.obj
 .text.cyw43_ll_wifi_get_mac
                0x10009d58       0x48 CMakeFiles/test.dir/C_/Program_Files/Raspberry_Pi/Pico_SDK_v1.5.1/pico-sdk/lib/cyw43-driver/src/cyw43_ll.c.obj
                0x10009d58                cyw43_ll_wifi_get_mac
 .text.cyw43_ll_bus_init
                0x10009da0      0x360 CMakeFiles/test.dir/C_/Program_Files/Raspberry_Pi/Pico_SDK_v1.5.1/pico-sdk/lib/cyw43-driver/src/cyw43_ll.c.obj
                0x10009da0                cyw43_ll_bus_init
 .text.cyw43_ll_wifi_set_wpa_auth
                0x1000a100        0xe CMakeFiles/test.dir/C_/Program_Files/Raspberry_Pi/Pico_SDK_v1.5.1/pico-sdk/lib/cyw43-driver/src/cyw43_ll.c.obj
                0x1000a100                cyw43_ll_wifi_set_wpa_auth
 *fill*         0x1000a10e        0x2 
 .text.cyw43_ll_wifi_rejoin
                0x1000a110       0x20 CMakeFiles/test.dir/C_/Program_Files/Raspberry_Pi/Pico_SDK_v1.5.1/pico-sdk/lib/cyw43-driver/src/cyw43_ll.c.obj
                0x1000a110                cyw43_ll_wifi_rejoin
 .text.cyw43_ll_gpio_set
                0x1000a130       0x30 CMakeFiles/test.dir/C_/Program_Files/Raspberry_Pi/Pico_SDK_v1.5.1/pico-sdk/lib/cyw43-driver/src/cyw43_ll.c.obj
                0x1000a130                cyw43_ll_gpio_set
 .text.cyw43_ll_has_work
                0x1000a160       0x12 CMakeFiles/test.dir/C_/Program_Files/Raspberry_Pi/Pico_SDK_v1.5.1/pico-sdk/lib/cyw43-driver/src/cyw43_ll.c.obj
                0x1000a160                cyw43_ll_has_work
 *fill*         0x1000a172        0x2 
 .text.cyw43_cb_tcpip_deinit
                0x1000a174       0x44 CMakeFiles/test.dir/C_/Program_Files/Raspberry_Pi/Pico_SDK_v1.5.1/pico-sdk/lib/cyw43-driver/src/cyw43_lwip.c.obj
                0x1000a174                cyw43_cb_tcpip_deinit
 .text.cyw43_cb_process_ethernet
                0x1000a1b8       0x74 CMakeFiles/test.dir/C_/Program_Files/Raspberry_Pi/Pico_SDK_v1.5.1/pico-sdk/lib/cyw43-driver/src/cyw43_lwip.c.obj
                0x1000a1b8                cyw43_cb_process_ethernet
 .text.cyw43_cb_tcpip_set_link_up
                0x1000a22c       0x16 CMakeFiles/test.dir/C_/Program_Files/Raspberry_Pi/Pico_SDK_v1.5.1/pico-sdk/lib/cyw43-driver/src/cyw43_lwip.c.obj
                0x1000a22c                cyw43_cb_tcpip_set_link_up
 .text.cyw43_cb_tcpip_set_link_down
                0x1000a242       0x16 CMakeFiles/test.dir/C_/Program_Files/Raspberry_Pi/Pico_SDK_v1.5.1/pico-sdk/lib/cyw43-driver/src/cyw43_lwip.c.obj
                0x1000a242                cyw43_cb_tcpip_set_link_down
 .text.cyw43_poll_func
                0x1000a258       0xb0 CMakeFiles/test.dir/C_/Program_Files/Raspberry_Pi/Pico_SDK_v1.5.1/pico-sdk/lib/cyw43-driver/src/cyw43_ctrl.c.obj
 .text.cyw43_dump_async_event
                0x1000a308       0x8c CMakeFiles/test.dir/C_/Program_Files/Raspberry_Pi/Pico_SDK_v1.5.1/pico-sdk/lib/cyw43-driver/src/cyw43_ctrl.c.obj
 .text.cyw43_ensure_up
                0x1000a394       0xec CMakeFiles/test.dir/C_/Program_Files/Raspberry_Pi/Pico_SDK_v1.5.1/pico-sdk/lib/cyw43-driver/src/cyw43_ctrl.c.obj
 .text.cyw43_init
                0x1000a480       0x8c CMakeFiles/test.dir/C_/Program_Files/Raspberry_Pi/Pico_SDK_v1.5.1/pico-sdk/lib/cyw43-driver/src/cyw43_ctrl.c.obj
                0x1000a480                cyw43_init
 .text.cyw43_deinit
                0x1000a50c       0x3c CMakeFiles/test.dir/C_/Program_Files/Raspberry_Pi/Pico_SDK_v1.5.1/pico-sdk/lib/cyw43-driver/src/cyw43_ctrl.c.obj
                0x1000a50c                cyw43_deinit
 .text.cyw43_cb_read_host_interrupt_pin
                0x1000a548        0xe CMakeFiles/test.dir/C_/Program_Files/Raspberry_Pi/Pico_SDK_v1.5.1/pico-sdk/lib/cyw43-driver/src/cyw43_ctrl.c.obj
                0x1000a548                cyw43_cb_read_host_interrupt_pin
 *fill*         0x1000a556        0x2 
 .text.cyw43_cb_ensure_awake
                0x1000a558        0xc CMakeFiles/test.dir/C_/Program_Files/Raspberry_Pi/Pico_SDK_v1.5.1/pico-sdk/lib/cyw43-driver/src/cyw43_ctrl.c.obj
                0x1000a558                cyw43_cb_ensure_awake
 .text.cyw43_cb_process_async_event
                0x1000a564      0x1b8 CMakeFiles/test.dir/C_/Program_Files/Raspberry_Pi/Pico_SDK_v1.5.1/pico-sdk/lib/cyw43-driver/src/cyw43_ctrl.c.obj
                0x1000a564                cyw43_cb_process_async_event
 .text.cyw43_gpio_set
                0x1000a71c       0x30 CMakeFiles/test.dir/C_/Program_Files/Raspberry_Pi/Pico_SDK_v1.5.1/pico-sdk/lib/cyw43-driver/src/cyw43_ctrl.c.obj
                0x1000a71c                cyw43_gpio_set
 .text._pio_can_add_program_at_offset
                0x1000a74c       0x3c CMakeFiles/test.dir/C_/Program_Files/Raspberry_Pi/Pico_SDK_v1.5.1/pico-sdk/src/rp2_common/hardware_pio/pio.c.obj
 .text._pio_find_offset_for_program
                0x1000a788       0x7c CMakeFiles/test.dir/C_/Program_Files/Raspberry_Pi/Pico_SDK_v1.5.1/pico-sdk/src/rp2_common/hardware_pio/pio.c.obj
 .text._pio_add_program_at_offset
                0x1000a804       0x78 CMakeFiles/test.dir/C_/Program_Files/Raspberry_Pi/Pico_SDK_v1.5.1/pico-sdk/src/rp2_common/hardware_pio/pio.c.obj
 .text.pio_sm_unclaim
                0x1000a87c       0x20 CMakeFiles/test.dir/C_/Program_Files/Raspberry_Pi/Pico_SDK_v1.5.1/pico-sdk/src/rp2_common/hardware_pio/pio.c.obj
                0x1000a87c                pio_sm_unclaim
 .text.pio_claim_unused_sm
                0x1000a89c       0x3c CMakeFiles/test.dir/C_/Program_Files/Raspberry_Pi/Pico_SDK_v1.5.1/pico-sdk/src/rp2_common/hardware_pio/pio.c.obj
                0x1000a89c                pio_claim_unused_sm
 .text.pio_can_add_program
                0x1000a8d8       0x26 CMakeFiles/test.dir/C_/Program_Files/Raspberry_Pi/Pico_SDK_v1.5.1/pico-sdk/src/rp2_common/hardware_pio/pio.c.obj
                0x1000a8d8                pio_can_add_program
 *fill*         0x1000a8fe        0x2 
 .text.pio_add_program
                0x1000a900       0x38 CMakeFiles/test.dir/C_/Program_Files/Raspberry_Pi/Pico_SDK_v1.5.1/pico-sdk/src/rp2_common/hardware_pio/pio.c.obj
                0x1000a900                pio_add_program
 .text.pio_remove_program
                0x1000a938       0x58 CMakeFiles/test.dir/C_/Program_Files/Raspberry_Pi/Pico_SDK_v1.5.1/pico-sdk/src/rp2_common/hardware_pio/pio.c.obj
                0x1000a938                pio_remove_program
 .text.pio_sm_set_pindirs_with_mask
                0x1000a990       0x9c CMakeFiles/test.dir/C_/Program_Files/Raspberry_Pi/Pico_SDK_v1.5.1/pico-sdk/src/rp2_common/hardware_pio/pio.c.obj
                0x1000a990                pio_sm_set_pindirs_with_mask
 .text.pio_sm_set_consecutive_pindirs
                0x1000aa2c       0xa4 CMakeFiles/test.dir/C_/Program_Files/Raspberry_Pi/Pico_SDK_v1.5.1/pico-sdk/src/rp2_common/hardware_pio/pio.c.obj
                0x1000aa2c                pio_sm_set_consecutive_pindirs
 .text.dma_channel_unclaim
                0x1000aad0       0x10 CMakeFiles/test.dir/C_/Program_Files/Raspberry_Pi/Pico_SDK_v1.5.1/pico-sdk/src/rp2_common/hardware_dma/dma.c.obj
                0x1000aad0                dma_channel_unclaim
 .text.dma_claim_unused_channel
                0x1000aae0       0x20 CMakeFiles/test.dir/C_/Program_Files/Raspberry_Pi/Pico_SDK_v1.5.1/pico-sdk/src/rp2_common/hardware_dma/dma.c.obj
                0x1000aae0                dma_claim_unused_channel
 .text.dma_channel_cleanup
                0x1000ab00       0x5c CMakeFiles/test.dir/C_/Program_Files/Raspberry_Pi/Pico_SDK_v1.5.1/pico-sdk/src/rp2_common/hardware_dma/dma.c.obj
                0x1000ab00                dma_channel_cleanup
 .text.cyw43_sleep_timeout_reached
                0x1000ab5c       0x50 CMakeFiles/test.dir/C_/Program_Files/Raspberry_Pi/Pico_SDK_v1.5.1/pico-sdk/src/rp2_common/pico_cyw43_driver/cyw43_driver.c.obj
 .text.cyw43_set_irq_enabled
                0x1000abac        0xe CMakeFiles/test.dir/C_/Program_Files/Raspberry_Pi/Pico_SDK_v1.5.1/pico-sdk/src/rp2_common/pico_cyw43_driver/cyw43_driver.c.obj
 *fill*         0x1000abba        0x2 
 .text.cyw43_irq_init
                0x1000abbc       0x50 CMakeFiles/test.dir/C_/Program_Files/Raspberry_Pi/Pico_SDK_v1.5.1/pico-sdk/src/rp2_common/pico_cyw43_driver/cyw43_driver.c.obj
                0x1000abbc                cyw43_irq_init
 .text.cyw43_gpio_irq_handler
                0x1000ac0c       0x40 CMakeFiles/test.dir/C_/Program_Files/Raspberry_Pi/Pico_SDK_v1.5.1/pico-sdk/src/rp2_common/pico_cyw43_driver/cyw43_driver.c.obj
 .text.cyw43_irq_deinit
                0x1000ac4c       0x48 CMakeFiles/test.dir/C_/Program_Files/Raspberry_Pi/Pico_SDK_v1.5.1/pico-sdk/src/rp2_common/pico_cyw43_driver/cyw43_driver.c.obj
                0x1000ac4c                cyw43_irq_deinit
 .text.cyw43_do_poll
                0x1000ac94       0xc8 CMakeFiles/test.dir/C_/Program_Files/Raspberry_Pi/Pico_SDK_v1.5.1/pico-sdk/src/rp2_common/pico_cyw43_driver/cyw43_driver.c.obj
 .text.cyw43_post_poll_hook
                0x1000ad5c       0x38 CMakeFiles/test.dir/C_/Program_Files/Raspberry_Pi/Pico_SDK_v1.5.1/pico-sdk/src/rp2_common/pico_cyw43_driver/cyw43_driver.c.obj
                0x1000ad5c                cyw43_post_poll_hook
 .text.cyw43_schedule_internal_poll_dispatch
                0x1000ad94       0x3c CMakeFiles/test.dir/C_/Program_Files/Raspberry_Pi/Pico_SDK_v1.5.1/pico-sdk/src/rp2_common/pico_cyw43_driver/cyw43_driver.c.obj
                0x1000ad94                cyw43_schedule_internal_poll_dispatch
 .text.cyw43_driver_init
                0x1000add0       0x38 CMakeFiles/test.dir/C_/Program_Files/Raspberry_Pi/Pico_SDK_v1.5.1/pico-sdk/src/rp2_common/pico_cyw43_driver/cyw43_driver.c.obj
                0x1000add0                cyw43_driver_init
 .text.cyw43_driver_deinit
                0x1000ae08       0x64 CMakeFiles/test.dir/C_/Program_Files/Raspberry_Pi/Pico_SDK_v1.5.1/pico-sdk/src/rp2_common/pico_cyw43_driver/cyw43_driver.c.obj
                0x1000ae08                cyw43_driver_deinit
 .text.storage_read_blocks
                0x1000ae6c        0x6 CMakeFiles/test.dir/C_/Program_Files/Raspberry_Pi/Pico_SDK_v1.5.1/pico-sdk/src/rp2_common/pico_cyw43_driver/cyw43_driver.c.obj
                0x1000ae6c                storage_read_blocks
 *fill*         0x1000ae72        0x2 
 .text.cyw43_hal_generate_laa_mac
                0x1000ae74       0x34 CMakeFiles/test.dir/C_/Program_Files/Raspberry_Pi/Pico_SDK_v1.5.1/pico-sdk/src/rp2_common/pico_cyw43_driver/cyw43_driver.c.obj
                0x1000ae74                cyw43_hal_generate_laa_mac
 .text.cyw43_thread_enter
                0x1000aea8       0x14 CMakeFiles/test.dir/C_/Program_Files/Raspberry_Pi/Pico_SDK_v1.5.1/pico-sdk/src/rp2_common/pico_cyw43_driver/cyw43_driver.c.obj
                0x1000aea8                cyw43_thread_enter
 .text.cyw43_thread_exit
                0x1000aebc       0x14 CMakeFiles/test.dir/C_/Program_Files/Raspberry_Pi/Pico_SDK_v1.5.1/pico-sdk/src/rp2_common/pico_cyw43_driver/cyw43_driver.c.obj
                0x1000aebc                cyw43_thread_exit
 .text.cyw43_thread_lock_check
                0x1000aed0       0x14 CMakeFiles/test.dir/C_/Program_Files/Raspberry_Pi/Pico_SDK_v1.5.1/pico-sdk/src/rp2_common/pico_cyw43_driver/cyw43_driver.c.obj
                0x1000aed0                cyw43_thread_lock_check
 .text.cyw43_await_background_or_timeout_us
                0x1000aee4       0x60 CMakeFiles/test.dir/C_/Program_Files/Raspberry_Pi/Pico_SDK_v1.5.1/pico-sdk/src/rp2_common/pico_cyw43_driver/cyw43_driver.c.obj
                0x1000aee4                cyw43_await_background_or_timeout_us
 .text.cyw43_delay_ms
                0x1000af44       0x70 CMakeFiles/test.dir/C_/Program_Files/Raspberry_Pi/Pico_SDK_v1.5.1/pico-sdk/src/rp2_common/pico_cyw43_driver/cyw43_driver.c.obj
                0x1000af44                cyw43_delay_ms
 .text.async_context_threadsafe_background_acquire_lock_blocking
                0x1000afb4        0xa CMakeFiles/test.dir/C_/Program_Files/Raspberry_Pi/Pico_SDK_v1.5.1/pico-sdk/src/rp2_common/pico_async_context/async_context_threadsafe_background.c.obj
 .text.async_context_threadsafe_background_wake_up
                0x1000afbe       0x16 CMakeFiles/test.dir/C_/Program_Files/Raspberry_Pi/Pico_SDK_v1.5.1/pico-sdk/src/rp2_common/pico_async_context/async_context_threadsafe_background.c.obj
 .text.alarm_handler
                0x1000afd4       0x14 CMakeFiles/test.dir/C_/Program_Files/Raspberry_Pi/Pico_SDK_v1.5.1/pico-sdk/src/rp2_common/pico_async_context/async_context_threadsafe_background.c.obj
 .text.async_context_threadsafe_background_set_work_pending
                0x1000afe8        0xc CMakeFiles/test.dir/C_/Program_Files/Raspberry_Pi/Pico_SDK_v1.5.1/pico-sdk/src/rp2_common/pico_async_context/async_context_threadsafe_background.c.obj
 .text.async_context_threadsafe_background_lock_check
                0x1000aff4       0x2c CMakeFiles/test.dir/C_/Program_Files/Raspberry_Pi/Pico_SDK_v1.5.1/pico-sdk/src/rp2_common/pico_async_context/async_context_threadsafe_background.c.obj
 .text.process_under_lock
                0x1000b020       0xfc CMakeFiles/test.dir/C_/Program_Files/Raspberry_Pi/Pico_SDK_v1.5.1/pico-sdk/src/rp2_common/pico_async_context/async_context_threadsafe_background.c.obj
 .text.lock_release
                0x1000b11c       0x1e CMakeFiles/test.dir/C_/Program_Files/Raspberry_Pi/Pico_SDK_v1.5.1/pico-sdk/src/rp2_common/pico_async_context/async_context_threadsafe_background.c.obj
 .text.async_context_threadsafe_background_execute_sync
                0x1000b13a       0x1e CMakeFiles/test.dir/C_/Program_Files/Raspberry_Pi/Pico_SDK_v1.5.1/pico-sdk/src/rp2_common/pico_async_context/async_context_threadsafe_background.c.obj
                0x1000b13a                async_context_threadsafe_background_execute_sync
 .text.async_context_threadsafe_background_release_lock
                0x1000b158        0x8 CMakeFiles/test.dir/C_/Program_Files/Raspberry_Pi/Pico_SDK_v1.5.1/pico-sdk/src/rp2_common/pico_async_context/async_context_threadsafe_background.c.obj
 .text.low_prio_irq_deinit
                0x1000b160       0x50 CMakeFiles/test.dir/C_/Program_Files/Raspberry_Pi/Pico_SDK_v1.5.1/pico-sdk/src/rp2_common/pico_async_context/async_context_threadsafe_background.c.obj
 .text.async_context_threadsafe_background_deinit
                0x1000b1b0       0x58 CMakeFiles/test.dir/C_/Program_Files/Raspberry_Pi/Pico_SDK_v1.5.1/pico-sdk/src/rp2_common/pico_async_context/async_context_threadsafe_background.c.obj
 .text.low_priority_irq_handler
                0x1000b208       0x78 CMakeFiles/test.dir/C_/Program_Files/Raspberry_Pi/Pico_SDK_v1.5.1/pico-sdk/src/rp2_common/pico_async_context/async_context_threadsafe_background.c.obj
 .text.async_context_threadsafe_background_wait_for_work_until
                0x1000b280        0xa CMakeFiles/test.dir/C_/Program_Files/Raspberry_Pi/Pico_SDK_v1.5.1/pico-sdk/src/rp2_common/pico_async_context/async_context_threadsafe_background.c.obj
 .text.async_context_threadsafe_background_wait_until
                0x1000b28a       0x1a CMakeFiles/test.dir/C_/Program_Files/Raspberry_Pi/Pico_SDK_v1.5.1/pico-sdk/src/rp2_common/pico_async_context/async_context_threadsafe_background.c.obj
 .text.async_context_threadsafe_background_when_pending_worker
                0x1000b2a4       0x20 CMakeFiles/test.dir/C_/Program_Files/Raspberry_Pi/Pico_SDK_v1.5.1/pico-sdk/src/rp2_common/pico_async_context/async_context_threadsafe_background.c.obj
 .text.async_context_threadsafe_background_add_when_pending_worker
                0x1000b2c4       0x20 CMakeFiles/test.dir/C_/Program_Files/Raspberry_Pi/Pico_SDK_v1.5.1/pico-sdk/src/rp2_common/pico_async_context/async_context_threadsafe_background.c.obj
 .text.async_context_threadsafe_background_remove_at_time_worker