Archive member included to satisfy reference by file (symbol)

c:/progra~1/raspbe~1/picosd~1.1/gcc-ar~1/bin/../lib/gcc/arm-none-eabi/10.3.1/thumb/v6-m/nofp\libgcc.a(_dvmd_tls.o)
                              CMakeFiles/test.dir/C_/Program_Files/Raspberry_Pi/Pico_SDK_v1.5.1/pico-sdk/src/rp2_common/pico_divider/divider.S.obj (__aeabi_idiv0)
c:/progra~1/raspbe~1/picosd~1.1/gcc-ar~1/bin/../lib/gcc/arm-none-eabi/10.3.1/../../../../arm-none-eabi/lib/thumb/v6-m/nofp\libg.a(lib_a-atoi.o)
                              CMakeFiles/test.dir/C_/Program_Files/Raspberry_Pi/Pico_SDK_v1.5.1/pico-sdk/lib/lwip/src/core/netif.c.obj (atoi)
c:/progra~1/raspbe~1/picosd~1.1/gcc-ar~1/bin/../lib/gcc/arm-none-eabi/10.3.1/../../../../arm-none-eabi/lib/thumb/v6-m/nofp\libg.a(lib_a-calloc.o)
                              CMakeFiles/test.dir/C_/Program_Files/Raspberry_Pi/Pico_SDK_v1.5.1/pico-sdk/src/rp2_common/pico_malloc/pico_malloc.c.obj (calloc)
c:/progra~1/raspbe~1/picosd~1.1/gcc-ar~1/bin/../lib/gcc/arm-none-eabi/10.3.1/../../../../arm-none-eabi/lib/thumb/v6-m/nofp\libg.a(lib_a-callocr.o)
                              c:/progra~1/raspbe~1/picosd~1.1/gcc-ar~1/bin/../lib/gcc/arm-none-eabi/10.3.1/../../../../arm-none-eabi/lib/thumb/v6-m/nofp\libg.a(lib_a-calloc.o) (_calloc_r)
c:/progra~1/raspbe~1/picosd~1.1/gcc-ar~1/bin/../lib/gcc/arm-none-eabi/10.3.1/../../../../arm-none-eabi/lib/thumb/v6-m/nofp\libg.a(lib_a-ctype_.o)
                              CMakeFiles/test.dir/C_/Program_Files/Raspberry_Pi/Pico_SDK_v1.5.1/pico-sdk/lib/lwip/src/core/dns.c.obj (_ctype_)
c:/progra~1/raspbe~1/picosd~1.1/gcc-ar~1/bin/../lib/gcc/arm-none-eabi/10.3.1/../../../../arm-none-eabi/lib/thumb/v6-m/nofp\libg.a(lib_a-errno.o)
                              c:/progra~1/raspbe~1/picosd~1.1/gcc-ar~1/bin/../lib/gcc/arm-none-eabi/10.3.1/../../../../arm-none-eabi/lib/thumb/v6-m/nofp\libg.a(lib_a-callocr.o) (__errno)
c:/progra~1/raspbe~1/picosd~1.1/gcc-ar~1/bin/../lib/gcc/arm-none-eabi/10.3.1/../../../../arm-none-eabi/lib/thumb/v6-m/nofp\libg.a(lib_a-impure.o)
                              c:/progra~1/raspbe~1/picosd~1.1/gcc-ar~1/bin/../lib/gcc/arm-none-eabi/10.3.1/../../../../arm-none-eabi/lib/thumb/v6-m/nofp\libg.a(lib_a-calloc.o) (_impure_ptr)
c:/progra~1/raspbe~1/picosd~1.1/gcc-ar~1/bin/../lib/gcc/arm-none-eabi/10.3.1/../../../../arm-none-eabi/lib/thumb/v6-m/nofp\libg.a(lib_a-init.o)
                              c:/progra~1/raspbe~1/picosd~1.1/gcc-ar~1/bin/../lib/gcc/arm-none-eabi/10.3.1/../../../../arm-none-eabi/lib/thumb/v6-m/nofp/crt0.o (__libc_init_array)
c:/progra~1/raspbe~1/picosd~1.1/gcc-ar~1/bin/../lib/gcc/arm-none-eabi/10.3.1/../../../../arm-none-eabi/lib/thumb/v6-m/nofp\libg.a(lib_a-malloc.o)
                              CMakeFiles/test.dir/C_/Program_Files/Raspberry_Pi/Pico_SDK_v1.5.1/pico-sdk/src/rp2_common/pico_malloc/pico_malloc.c.obj (malloc)
c:/progra~1/raspbe~1/picosd~1.1/gcc-ar~1/bin/../lib/gcc/arm-none-eabi/10.3.1/../../../../arm-none-eabi/lib/thumb/v6-m/nofp\libg.a(lib_a-mallocr.o)
                              c:/progra~1/raspbe~1/picosd~1.1/gcc-ar~1/bin/../lib/gcc/arm-none-eabi/10.3.1/../../../../arm-none-eabi/lib/thumb/v6-m/nofp\libg.a(lib_a-callocr.o) (_malloc_r)
c:/progra~1/raspbe~1/picosd~1.1/gcc-ar~1/bin/../lib/gcc/arm-none-eabi/10.3.1/../../../../arm-none-eabi/lib/thumb/v6-m/nofp\libg.a(lib_a-memcmp.o)
                              CMakeFiles/test.dir/C_/Program_Files/Raspberry_Pi/Pico_SDK_v1.5.1/pico-sdk/lib/lwip/src/netif/ethernet.c.obj (memcmp)
c:/progra~1/raspbe~1/picosd~1.1/gcc-ar~1/bin/../lib/gcc/arm-none-eabi/10.3.1/../../../../arm-none-eabi/lib/thumb/v6-m/nofp\libg.a(lib_a-memmove.o)
                              CMakeFiles/test.dir/C_/Program_Files/Raspberry_Pi/Pico_SDK_v1.5.1/pico-sdk/lib/lwip/src/core/def.c.obj (memmove)
c:/progra~1/raspbe~1/picosd~1.1/gcc-ar~1/bin/../lib/gcc/arm-none-eabi/10.3.1/../../../../arm-none-eabi/lib/thumb/v6-m/nofp\libg.a(lib_a-mlock.o)
                              c:/progra~1/raspbe~1/picosd~1.1/gcc-ar~1/bin/../lib/gcc/arm-none-eabi/10.3.1/../../../../arm-none-eabi/lib/thumb/v6-m/nofp\libg.a(lib_a-mallocr.o) (__malloc_lock)
c:/progra~1/raspbe~1/picosd~1.1/gcc-ar~1/bin/../lib/gcc/arm-none-eabi/10.3.1/../../../../arm-none-eabi/lib/thumb/v6-m/nofp\libg.a(lib_a-realloc.o)
                              CMakeFiles/test.dir/C_/Program_Files/Raspberry_Pi/Pico_SDK_v1.5.1/pico-sdk/src/rp2_common/pico_malloc/pico_malloc.c.obj (realloc)
c:/progra~1/raspbe~1/picosd~1.1/gcc-ar~1/bin/../lib/gcc/arm-none-eabi/10.3.1/../../../../arm-none-eabi/lib/thumb/v6-m/nofp\libg.a(lib_a-reallocr.o)
                              c:/progra~1/raspbe~1/picosd~1.1/gcc-ar~1/bin/../lib/gcc/arm-none-eabi/10.3.1/../../../../arm-none-eabi/lib/thumb/v6-m/nofp\libg.a(lib_a-realloc.o) (_realloc_r)
c:/progra~1/raspbe~1/picosd~1.1/gcc-ar~1/bin/../lib/gcc/arm-none-eabi/10.3.1/../../../../arm-none-eabi/lib/thumb/v6-m/nofp\libg.a(lib_a-sbrkr.o)
[...]
Memory Configuration

Name             Origin             Length             Attributes
FLASH            0x10000000         0x00200000         xr
RAM              0x20000000         0x00040000         xrw
SCRATCH_X        0x20040000         0x00001000         xrw
SCRATCH_Y        0x20041000         0x00001000         xrw
*default*        0x00000000         0xffffffff

Linker script and memory map

LOAD c:/progra~1/raspbe~1/picosd~1.1/gcc-ar~1/bin/../lib/gcc/arm-none-eabi/10.3.1/thumb/v6-m/nofp/crti.o
LOAD c:/progra~1/raspbe~1/picosd~1.1/gcc-ar~1/bin/../lib/gcc/arm-none-eabi/10.3.1/thumb/v6-m/nofp/crtbegin.o
LOAD c:/progra~1/raspbe~1/picosd~1.1/gcc-ar~1/bin/../lib/gcc/arm-none-eabi/10.3.1/../../../../arm-none-eabi/lib/thumb/v6-m/nofp/crt0.o

.flash_begin    0x10000000        0x0
                0x10000000                __flash_binary_start = .

.boot2          0x10000000      0x100
                0x10000000                __boot2_start__ = .
 *(.boot2)
 .boot2         0x10000000      0x100 C:\Users\jackk\AppData\Local\Temp\ccy0FkM0.o
                0x10000100                __boot2_end__ = .
                0x00000001                ASSERT (((__boot2_end__ - __boot2_start__) == 0x100), ERROR: Pico second stage bootloader must be 256 bytes in size)

.text           0x10000100     0xffd8
                0x10000100                __logical_binary_start = .
 *(.vectors)
 .vectors       0x10000100       0xd4 CMakeFiles/test.dir/C_/Program_Files/Raspberry_Pi/Pico_SDK_v1.5.1/pico-sdk/src/rp2_common/pico_standard_link/crt0.S.obj
                0x10000100                __VECTOR_TABLE
                0x10000100                __vectors
                0x100001c0                isr_invalid
                0x100001c0                __default_isrs_start
                0x100001c2                isr_nmi
                0x100001c4                isr_hardfault
                0x100001c6                isr_svcall
                0x100001c8                isr_pendsv
                0x100001ca                isr_systick
                0x100001cc                isr_irq23
                0x100001cc                isr_irq18
                0x100001cc                isr_irq11
                0x100001cc                isr_irq28
                0x100001cc                isr_irq19
                0x100001cc                isr_irq0
                0x100001cc                isr_irq6
                0x100001cc                isr_irq5
                0x100001cc                isr_irq12
                0x100001cc                isr_irq22
                0x100001cc                isr_irq31
                0x100001cc                isr_irq17
                0x100001cc                isr_irq27
                0x100001cc                isr_irq30
                0x100001cc                isr_irq2
                0x100001cc                isr_irq10
                0x100001cc                isr_irq8
                0x100001cc                isr_irq24
                0x100001cc                isr_irq1
                0x100001cc                isr_irq7
                0x100001cc                isr_irq21
                0x100001cc                isr_irq20
                0x100001cc                isr_irq15
                0x100001cc                isr_irq25
                0x100001cc                isr_irq13
                0x100001cc                __unhandled_user_irq
                0x100001cc                isr_irq4
                0x100001cc                isr_irq16
                0x100001cc                isr_irq29
                0x100001cc                isr_irq26
                0x100001cc                __default_isrs_end
                0x100001cc                isr_irq3
                0x100001cc                isr_irq14
                0x100001cc                isr_irq9
                0x100001d2                unhandled_user_irq_num_in_r0
 *(.binary_info_header)
 .binary_info_header
                0x100001d4       0x14 CMakeFiles/test.dir/C_/Program_Files/Raspberry_Pi/Pico_SDK_v1.5.1/pico-sdk/src/rp2_common/pico_standard_link/crt0.S.obj
                0x100001e8                __binary_info_header_end = .
 *(.reset)
 .reset         0x100001e8       0xa0 CMakeFiles/test.dir/C_/Program_Files/Raspberry_Pi/Pico_SDK_v1.5.1/pico-sdk/src/rp2_common/pico_standard_link/crt0.S.obj
                0x100001e8                _entry_point
 .reset         0x10000288       0x30 CMakeFiles/test.dir/C_/Program_Files/Raspberry_Pi/Pico_SDK_v1.5.1/pico-sdk/src/rp2_common/pico_standard_link/binary_info.c.obj
 *(.init)
 .init          0x100002b8        0x4 c:/progra~1/raspbe~1/picosd~1.1/gcc-ar~1/bin/../lib/gcc/arm-none-eabi/10.3.1/thumb/v6-m/nofp/crti.o
                0x100002b8                _init
 *(EXCLUDE_FILE(*libm.a: *libc.a:*lib_a-mem*.o *libgcc.a:) .text*)
 .text          0x100002bc       0x48 c:/progra~1/raspbe~1/picosd~1.1/gcc-ar~1/bin/../lib/gcc/arm-none-eabi/10.3.1/thumb/v6-m/nofp/crtbegin.o
 .text.too_high_handler
                0x10000304       0x12 CMakeFiles/test.dir/main.c.obj
                0x10000304                too_high_handler
 .text.too_low_handler
                0x10000316       0x12 CMakeFiles/test.dir/main.c.obj
                0x10000316                too_low_handler
 .text.encoder1_handler
                0x10000328       0x34 CMakeFiles/test.dir/main.c.obj
                0x10000328                encoder1_handler
 .text.init_motors
                0x1000035c       0x50 CMakeFiles/test.dir/main.c.obj
                0x1000035c                init_motors
 .text.init_encoders
                0x100003ac       0x58 CMakeFiles/test.dir/main.c.obj
                0x100003ac                init_encoders
 .text.init_limit_switches
                0x10000404       0x3c CMakeFiles/test.dir/main.c.obj
                0x10000404                init_limit_switches
 .text.init_motor_buttons
                0x10000440       0x20 CMakeFiles/test.dir/main.c.obj
                0x10000440                init_motor_buttons
 .text.move_motors_buttons
                0x10000460       0x34 CMakeFiles/test.dir/main.c.obj
                0x10000460                move_motors_buttons
 .text.motor_up
                0x10000494       0x54 CMakeFiles/test.dir/main.c.obj
                0x10000494                motor_up
 .text.motor_down
                0x100004e8       0x54 CMakeFiles/test.dir/main.c.obj
                0x100004e8                motor_down
 .text.main     0x1000053c       0x6c CMakeFiles/test.dir/main.c.obj
                0x1000053c                main
 .text.lwip_timeout_reached
                0x100005a8       0x2c CMakeFiles/test.dir/C_/Program_Files/Raspberry_Pi/Pico_SDK_v1.5.1/pico-sdk/src/rp2_common/pico_lwip/lwip_nosys.c.obj
 .text.update_next_timeout
                0x100005d4       0xb0 CMakeFiles/test.dir/C_/Program_Files/Raspberry_Pi/Pico_SDK_v1.5.1/pico-sdk/src/rp2_common/pico_lwip/lwip_nosys.c.obj
 .text.lwip_nosys_init
                0x10000684       0x34 CMakeFiles/test.dir/C_/Program_Files/Raspberry_Pi/Pico_SDK_v1.5.1/pico-sdk/src/rp2_common/pico_lwip/lwip_nosys.c.obj
                0x10000684                lwip_nosys_init
 .text.lwip_nosys_deinit
                0x100006b8       0x20 CMakeFiles/test.dir/C_/Program_Files/Raspberry_Pi/Pico_SDK_v1.5.1/pico-sdk/src/rp2_common/pico_lwip/lwip_nosys.c.obj
                0x100006b8                lwip_nosys_deinit
 .text.sys_arch_protect
                0x100006d8        0x4 CMakeFiles/test.dir/C_/Program_Files/Raspberry_Pi/Pico_SDK_v1.5.1/pico-sdk/src/rp2_common/pico_lwip/lwip_nosys.c.obj
                0x100006d8                sys_arch_protect
 .text.sys_arch_unprotect
                0x100006dc        0x2 CMakeFiles/test.dir/C_/Program_Files/Raspberry_Pi/Pico_SDK_v1.5.1/pico-sdk/src/rp2_common/pico_lwip/lwip_nosys.c.obj
                0x100006dc                sys_arch_unprotect
 *fill*         0x100006de        0x2 
 .text.sys_now  0x100006e0       0x3c CMakeFiles/test.dir/C_/Program_Files/Raspberry_Pi/Pico_SDK_v1.5.1/pico-sdk/src/rp2_common/pico_lwip/lwip_nosys.c.obj
                0x100006e0                sys_now
 .text.async_context_base_add_at_time_worker
                0x1000071c       0x1c CMakeFiles/test.dir/C_/Program_Files/Raspberry_Pi/Pico_SDK_v1.5.1/pico-sdk/src/rp2_common/pico_async_context/async_context_base.c.obj
                0x1000071c                async_context_base_add_at_time_worker
 .text.async_context_base_remove_at_time_worker
                0x10000738       0x1c CMakeFiles/test.dir/C_/Program_Files/Raspberry_Pi/Pico_SDK_v1.5.1/pico-sdk/src/rp2_common/pico_async_context/async_context_base.c.obj
                0x10000738                async_context_base_remove_at_time_worker
 .text.async_context_base_add_when_pending_worker
                0x10000754       0x1c CMakeFiles/test.dir/C_/Program_Files/Raspberry_Pi/Pico_SDK_v1.5.1/pico-sdk/src/rp2_common/pico_async_context/async_context_base.c.obj
                0x10000754                async_context_base_add_when_pending_worker
 .text.async_context_base_remove_when_pending_worker
                0x10000770       0x1c CMakeFiles/test.dir/C_/Program_Files/Raspberry_Pi/Pico_SDK_v1.5.1/pico-sdk/src/rp2_common/pico_async_context/async_context_base.c.obj
                0x10000770                async_context_base_remove_when_pending_worker
 .text.async_context_base_remove_ready_at_time_worker
                0x1000078c       0x94 CMakeFiles/test.dir/C_/Program_Files/Raspberry_Pi/Pico_SDK_v1.5.1/pico-sdk/src/rp2_common/pico_async_context/async_context_base.c.obj
                0x1000078c                async_context_base_remove_ready_at_time_worker
 .text.async_context_base_refresh_next_timeout
                0x10000820       0x4c CMakeFiles/test.dir/C_/Program_Files/Raspberry_Pi/Pico_SDK_v1.5.1/pico-sdk/src/rp2_common/pico_async_context/async_context_base.c.obj
                0x10000820                async_context_base_refresh_next_timeout
 .text.async_context_base_execute_once
                0x1000086c       0x48 CMakeFiles/test.dir/C_/Program_Files/Raspberry_Pi/Pico_SDK_v1.5.1/pico-sdk/src/rp2_common/pico_async_context/async_context_base.c.obj
                0x1000086c                async_context_base_execute_once
 .text.running_on_fpga
                0x100008b4       0x14 CMakeFiles/test.dir/C_/Program_Files/Raspberry_Pi/Pico_SDK_v1.5.1/pico-sdk/src/rp2_common/pico_platform/platform.c.obj
                0x100008b4                running_on_fpga
 .text.splitmix64
                0x100008c8       0x5c CMakeFiles/test.dir/C_/Program_Files/Raspberry_Pi/Pico_SDK_v1.5.1/pico-sdk/src/rp2_common/pico_rand/rand.c.obj
 .text.sdbm_hash64_sram
                0x10000924       0x64 CMakeFiles/test.dir/C_/Program_Files/Raspberry_Pi/Pico_SDK_v1.5.1/pico-sdk/src/rp2_common/pico_rand/rand.c.obj
 .text.xoroshiro128ss
                0x10000988       0xb8 CMakeFiles/test.dir/C_/Program_Files/Raspberry_Pi/Pico_SDK_v1.5.1/pico-sdk/src/rp2_common/pico_rand/rand.c.obj
 .text.capture_additional_rosc_samples
                0x10000a40      0x1a4 CMakeFiles/test.dir/C_/Program_Files/Raspberry_Pi/Pico_SDK_v1.5.1/pico-sdk/src/rp2_common/pico_rand/rand.c.obj
 .text.initialise_rand
                0x10000be4      0x118 CMakeFiles/test.dir/C_/Program_Files/Raspberry_Pi/Pico_SDK_v1.5.1/pico-sdk/src/rp2_common/pico_rand/rand.c.obj
 .text.get_rand_64
                0x10000cfc      0x11c CMakeFiles/test.dir/C_/Program_Files/Raspberry_Pi/Pico_SDK_v1.5.1/pico-sdk/src/rp2_common/pico_rand/rand.c.obj
                0x10000cfc                get_rand_64
 .text.get_rand_32
                0x10000e18        0x8 CMakeFiles/test.dir/C_/Program_Files/Raspberry_Pi/Pico_SDK_v1.5.1/pico-sdk/src/rp2_common/pico_rand/rand.c.obj
                0x10000e18                get_rand_32
 .text._retrieve_unique_id_on_boot
                0x10000e20       0x10 CMakeFiles/test.dir/C_/Program_Files/Raspberry_Pi/Pico_SDK_v1.5.1/pico-sdk/src/rp2_common/pico_unique_id/unique_id.c.obj
 .text.pico_get_unique_board_id
                0x10000e30       0x10 CMakeFiles/test.dir/C_/Program_Files/Raspberry_Pi/Pico_SDK_v1.5.1/pico-sdk/src/rp2_common/pico_unique_id/unique_id.c.obj
                0x10000e30                pico_get_unique_board_id
 .text.pico_get_unique_board_id_string
                0x10000e40       0x60 CMakeFiles/test.dir/C_/Program_Files/Raspberry_Pi/Pico_SDK_v1.5.1/pico-sdk/src/rp2_common/pico_unique_id/unique_id.c.obj
                0x10000e40                pico_get_unique_board_id_string
 .text.flash_get_unique_id
                0x10000ea0       0x46 CMakeFiles/test.dir/C_/Program_Files/Raspberry_Pi/Pico_SDK_v1.5.1/pico-sdk/src/rp2_common/hardware_flash/flash.c.obj
                0x10000ea0                flash_get_unique_id
 *fill*         0x10000ee6        0x2 
 .text.hw_claim_lock
                0x10000ee8       0x18 CMakeFiles/test.dir/C_/Program_Files/Raspberry_Pi/Pico_SDK_v1.5.1/pico-sdk/src/rp2_common/hardware_claim/claim.c.obj
                0x10000ee8                hw_claim_lock
 .text.hw_claim_unlock
                0x10000f00       0x14 CMakeFiles/test.dir/C_/Program_Files/Raspberry_Pi/Pico_SDK_v1.5.1/pico-sdk/src/rp2_common/hardware_claim/claim.c.obj
                0x10000f00                hw_claim_unlock
 .text.hw_claim_or_assert
                0x10000f14       0x32 CMakeFiles/test.dir/C_/Program_Files/Raspberry_Pi/Pico_SDK_v1.5.1/pico-sdk/src/rp2_common/hardware_claim/claim.c.obj
                0x10000f14                hw_claim_or_assert
 .text.hw_claim_unused_from_range
                0x10000f46       0x50 CMakeFiles/test.dir/C_/Program_Files/Raspberry_Pi/Pico_SDK_v1.5.1/pico-sdk/src/rp2_common/hardware_claim/claim.c.obj
                0x10000f46                hw_claim_unused_from_range
 *fill*         0x10000f96        0x2 
 .text.hw_claim_clear
                0x10000f98       0x40 CMakeFiles/test.dir/C_/Program_Files/Raspberry_Pi/Pico_SDK_v1.5.1/pico-sdk/src/rp2_common/hardware_claim/claim.c.obj
                0x10000f98                hw_claim_clear
 .text.spin_locks_reset
                0x10000fd8       0x20 CMakeFiles/test.dir/C_/Program_Files/Raspberry_Pi/Pico_SDK_v1.5.1/pico-sdk/src/rp2_common/hardware_sync/sync.c.obj
                0x10000fd8                spin_locks_reset
 .text.next_striped_spin_lock_num
                0x10000ff8       0x1c CMakeFiles/test.dir/C_/Program_Files/Raspberry_Pi/Pico_SDK_v1.5.1/pico-sdk/src/rp2_common/hardware_sync/sync.c.obj
                0x10000ff8                next_striped_spin_lock_num
 .text.spin_lock_claim_unused
                0x10001014       0x20 CMakeFiles/test.dir/C_/Program_Files/Raspberry_Pi/Pico_SDK_v1.5.1/pico-sdk/src/rp2_common/hardware_sync/sync.c.obj
                0x10001014                spin_lock_claim_unused
 .text.rom_func_lookup
                0x10001034       0x10 CMakeFiles/test.dir/C_/Program_Files/Raspberry_Pi/Pico_SDK_v1.5.1/pico-sdk/src/rp2_common/pico_bootrom/bootrom.c.obj
                0x10001034                rom_func_lookup
 .text.rom_data_lookup
                0x10001044       0x10 CMakeFiles/test.dir/C_/Program_Files/Raspberry_Pi/Pico_SDK_v1.5.1/pico-sdk/src/rp2_common/pico_bootrom/bootrom.c.obj
                0x10001044                rom_data_lookup
 .text.rom_funcs_lookup
                0x10001054       0x36 CMakeFiles/test.dir/C_/Program_Files/Raspberry_Pi/Pico_SDK_v1.5.1/pico-sdk/src/rp2_common/pico_bootrom/bootrom.c.obj
                0x10001054                rom_funcs_lookup
 *fill*         0x1000108a        0x2 
 .text.clock_configure
                0x1000108c      0x108 CMakeFiles/test.dir/C_/Program_Files/Raspberry_Pi/Pico_SDK_v1.5.1/pico-sdk/src/rp2_common/hardware_clocks/clocks.c.obj
                0x1000108c                clock_configure
 .text.clocks_init
                0x10001194      0x100 CMakeFiles/test.dir/C_/Program_Files/Raspberry_Pi/Pico_SDK_v1.5.1/pico-sdk/src/rp2_common/hardware_clocks/clocks.c.obj
                0x10001194                clocks_init
 .text.clock_get_hz
                0x10001294        0xc CMakeFiles/test.dir/C_/Program_Files/Raspberry_Pi/Pico_SDK_v1.5.1/pico-sdk/src/rp2_common/hardware_clocks/clocks.c.obj
                0x10001294                clock_get_hz
 .text.gpio_set_function
                0x100012a0       0x30 CMakeFiles/test.dir/C_/Program_Files/Raspberry_Pi/Pico_SDK_v1.5.1/pico-sdk/src/rp2_common/hardware_gpio/gpio.c.obj
                0x100012a0                gpio_set_function
 .text.gpio_set_pulls
                0x100012d0       0x34 CMakeFiles/test.dir/C_/Program_Files/Raspberry_Pi/Pico_SDK_v1.5.1/pico-sdk/src/rp2_common/hardware_gpio/gpio.c.obj
                0x100012d0                gpio_set_pulls
 .text.gpio_set_input_hysteresis_enabled
                0x10001304       0x30 CMakeFiles/test.dir/C_/Program_Files/Raspberry_Pi/Pico_SDK_v1.5.1/pico-sdk/src/rp2_common/hardware_gpio/gpio.c.obj
                0x10001304                gpio_set_input_hysteresis_enabled
 .text.gpio_set_irq_callback
                0x10001334       0x48 CMakeFiles/test.dir/C_/Program_Files/Raspberry_Pi/Pico_SDK_v1.5.1/pico-sdk/src/rp2_common/hardware_gpio/gpio.c.obj
                0x10001334                gpio_set_irq_callback
 .text.gpio_add_raw_irq_handler_with_order_priority_masked
                0x1000137c       0x40 CMakeFiles/test.dir/C_/Program_Files/Raspberry_Pi/Pico_SDK_v1.5.1/pico-sdk/src/rp2_common/hardware_gpio/gpio.c.obj
                0x1000137c                gpio_add_raw_irq_handler_with_order_priority_masked
 .text.gpio_remove_raw_irq_handler_masked
                0x100013bc       0x48 CMakeFiles/test.dir/C_/Program_Files/Raspberry_Pi/Pico_SDK_v1.5.1/pico-sdk/src/rp2_common/hardware_gpio/gpio.c.obj
                0x100013bc                gpio_remove_raw_irq_handler_masked
 .text.gpio_acknowledge_irq
                0x10001404       0x18 CMakeFiles/test.dir/C_/Program_Files/Raspberry_Pi/Pico_SDK_v1.5.1/pico-sdk/src/rp2_common/hardware_gpio/gpio.c.obj
                0x10001404                gpio_acknowledge_irq
 .text._gpio_set_irq_enabled
                0x1000141c       0x34 CMakeFiles/test.dir/C_/Program_Files/Raspberry_Pi/Pico_SDK_v1.5.1/pico-sdk/src/rp2_common/hardware_gpio/gpio.c.obj
 .text.gpio_set_irq_enabled
                0x10001450       0x20 CMakeFiles/test.dir/C_/Program_Files/Raspberry_Pi/Pico_SDK_v1.5.1/pico-sdk/src/rp2_common/hardware_gpio/gpio.c.obj
                0x10001450                gpio_set_irq_enabled
 .text.gpio_set_irq_enabled_with_callback
                0x10001470       0x20 CMakeFiles/test.dir/C_/Program_Files/Raspberry_Pi/Pico_SDK_v1.5.1/pico-sdk/src/rp2_common/hardware_gpio/gpio.c.obj
                0x10001470                gpio_set_irq_enabled_with_callback
 .text.gpio_default_irq_handler
                0x10001490       0x98 CMakeFiles/test.dir/C_/Program_Files/Raspberry_Pi/Pico_SDK_v1.5.1/pico-sdk/src/rp2_common/hardware_gpio/gpio.c.obj
 .text.gpio_init
                0x10001528       0x16 CMakeFiles/test.dir/C_/Program_Files/Raspberry_Pi/Pico_SDK_v1.5.1/pico-sdk/src/rp2_common/hardware_gpio/gpio.c.obj
                0x10001528                gpio_init
 *fill*         0x1000153e        0x2 
 .text.set_raw_irq_handler_and_unlock
                0x10001540       0x28 CMakeFiles/test.dir/C_/Program_Files/Raspberry_Pi/Pico_SDK_v1.5.1/pico-sdk/src/rp2_common/hardware_irq/irq.c.obj
 .text.get_user_irq_claim_index
                0x10001568        0x6 CMakeFiles/test.dir/C_/Program_Files/Raspberry_Pi/Pico_SDK_v1.5.1/pico-sdk/src/rp2_common/hardware_irq/irq.c.obj
 *fill*         0x1000156e        0x2 
 .text.make_branch
                0x10001570       0x48 CMakeFiles/test.dir/C_/Program_Files/Raspberry_Pi/Pico_SDK_v1.5.1/pico-sdk/src/rp2_common/hardware_irq/irq.c.obj
 .text.insert_branch_and_link
                0x100015b8       0x40 CMakeFiles/test.dir/C_/Program_Files/Raspberry_Pi/Pico_SDK_v1.5.1/pico-sdk/src/rp2_common/hardware_irq/irq.c.obj
 .text.irq_is_enabled
                0x100015f8       0x18 CMakeFiles/test.dir/C_/Program_Files/Raspberry_Pi/Pico_SDK_v1.5.1/pico-sdk/src/rp2_common/hardware_irq/irq.c.obj
                0x100015f8                irq_is_enabled
 .text.irq_set_mask_enabled
                0x10001610       0x20 CMakeFiles/test.dir/C_/Program_Files/Raspberry_Pi/Pico_SDK_v1.5.1/pico-sdk/src/rp2_common/hardware_irq/irq.c.obj
                0x10001610                irq_set_mask_enabled
 .text.irq_set_enabled
                0x10001630        0xe CMakeFiles/test.dir/C_/Program_Files/Raspberry_Pi/Pico_SDK_v1.5.1/pico-sdk/src/rp2_common/hardware_irq/irq.c.obj
                0x10001630                irq_set_enabled
 *fill*         0x1000163e        0x2 
 .text.irq_set_pending
                0x10001640       0x10 CMakeFiles/test.dir/C_/Program_Files/Raspberry_Pi/Pico_SDK_v1.5.1/pico-sdk/src/rp2_common/hardware_irq/irq.c.obj
                0x10001640                irq_set_pending
 .text.irq_get_vtable_handler
                0x10001650       0x10 CMakeFiles/test.dir/C_/Program_Files/Raspberry_Pi/Pico_SDK_v1.5.1/pico-sdk/src/rp2_common/hardware_irq/irq.c.obj
                0x10001650                irq_get_vtable_handler
 .text.irq_has_shared_handler
                0x10001660       0x24 CMakeFiles/test.dir/C_/Program_Files/Raspberry_Pi/Pico_SDK_v1.5.1/pico-sdk/src/rp2_common/hardware_irq/irq.c.obj
                0x10001660                irq_has_shared_handler
 .text.irq_set_exclusive_handler
                0x10001684       0x54 CMakeFiles/test.dir/C_/Program_Files/Raspberry_Pi/Pico_SDK_v1.5.1/pico-sdk/src/rp2_common/hardware_irq/irq.c.obj
                0x10001684                irq_set_exclusive_handler
 .text.irq_add_shared_handler
                0x100016d8      0x234 CMakeFiles/test.dir/C_/Program_Files/Raspberry_Pi/Pico_SDK_v1.5.1/pico-sdk/src/rp2_common/hardware_irq/irq.c.obj
                0x100016d8                irq_add_shared_handler
 .text.irq_remove_handler
                0x1000190c      0x1ac CMakeFiles/test.dir/C_/Program_Files/Raspberry_Pi/Pico_SDK_v1.5.1/pico-sdk/src/rp2_common/hardware_irq/irq.c.obj
                0x1000190c                irq_remove_handler
 .text.irq_set_priority
                0x10001ab8       0x28 CMakeFiles/test.dir/C_/Program_Files/Raspberry_Pi/Pico_SDK_v1.5.1/pico-sdk/src/rp2_common/hardware_irq/irq.c.obj
                0x10001ab8                irq_set_priority
 .text.irq_add_tail_to_free_list
                0x10001ae0       0xf0 CMakeFiles/test.dir/C_/Program_Files/Raspberry_Pi/Pico_SDK_v1.5.1/pico-sdk/src/rp2_common/hardware_irq/irq.c.obj
                0x10001ae0                irq_add_tail_to_free_list
 .text.irq_init_priorities
                0x10001bd0       0x1c CMakeFiles/test.dir/C_/Program_Files/Raspberry_Pi/Pico_SDK_v1.5.1/pico-sdk/src/rp2_common/hardware_irq/irq.c.obj
                0x10001bd0                irq_init_priorities
 .text.user_irq_unclaim
                0x10001bec       0x14 CMakeFiles/test.dir/C_/Program_Files/Raspberry_Pi/Pico_SDK_v1.5.1/pico-sdk/src/rp2_common/hardware_irq/irq.c.obj
                0x10001bec                user_irq_unclaim
 .text.user_irq_claim_unused
                0x10001c00       0x28 CMakeFiles/test.dir/C_/Program_Files/Raspberry_Pi/Pico_SDK_v1.5.1/pico-sdk/src/rp2_common/hardware_irq/irq.c.obj
                0x10001c00                user_irq_claim_unused
 .text.sem_init
                0x10001c28       0x1e CMakeFiles/test.dir/C_/Program_Files/Raspberry_Pi/Pico_SDK_v1.5.1/pico-sdk/src/common/pico_sync/sem.c.obj
                0x10001c28                sem_init
 *fill*         0x10001c46        0x2 
 .text.lock_init
                0x10001c48       0x10 CMakeFiles/test.dir/C_/Program_Files/Raspberry_Pi/Pico_SDK_v1.5.1/pico-sdk/src/common/pico_sync/lock_core.c.obj
                0x10001c48                lock_init
 .text.mutex_init
                0x10001c58       0x1a CMakeFiles/test.dir/C_/Program_Files/Raspberry_Pi/Pico_SDK_v1.5.1/pico-sdk/src/common/pico_sync/mutex.c.obj
                0x10001c58                mutex_init
 .text.recursive_mutex_init
                0x10001c72       0x1e CMakeFiles/test.dir/C_/Program_Files/Raspberry_Pi/Pico_SDK_v1.5.1/pico-sdk/src/common/pico_sync/mutex.c.obj
                0x10001c72                recursive_mutex_init
 .text.critical_section_init_with_lock_num
                0x10001c90       0x14 CMakeFiles/test.dir/C_/Program_Files/Raspberry_Pi/Pico_SDK_v1.5.1/pico-sdk/src/common/pico_sync/critical_section.c.obj
                0x10001c90                critical_section_init_with_lock_num
 .text.critical_section_init
                0x10001ca4       0x14 CMakeFiles/test.dir/C_/Program_Files/Raspberry_Pi/Pico_SDK_v1.5.1/pico-sdk/src/common/pico_sync/critical_section.c.obj
                0x10001ca4                critical_section_init
 .text.alarm_pool_post_alloc_init
                0x10001cb8       0x40 CMakeFiles/test.dir/C_/Program_Files/Raspberry_Pi/Pico_SDK_v1.5.1/pico-sdk/src/common/pico_time/time.c.obj
 .text.sleep_until_callback
                0x10001cf8       0x30 CMakeFiles/test.dir/C_/Program_Files/Raspberry_Pi/Pico_SDK_v1.5.1/pico-sdk/src/common/pico_time/time.c.obj
 .text.timer_pool_entry_comparator
                0x10001d28       0x7c CMakeFiles/test.dir/C_/Program_Files/Raspberry_Pi/Pico_SDK_v1.5.1/pico-sdk/src/common/pico_time/time.c.obj
                0x10001d28                timer_pool_entry_comparator
 .text.ph_add_child_node
                0x10001da4       0xa4 CMakeFiles/test.dir/C_/Program_Files/Raspberry_Pi/Pico_SDK_v1.5.1/pico-sdk/src/common/pico_time/time.c.obj
 .text.ph_merge_nodes
                0x10001e48       0x3e CMakeFiles/test.dir/C_/Program_Files/Raspberry_Pi/Pico_SDK_v1.5.1/pico-sdk/src/common/pico_time/time.c.obj
 *fill*         0x10001e86        0x2 
 .text.add_alarm_under_lock
                0x10001e88      0x174 CMakeFiles/test.dir/C_/Program_Files/Raspberry_Pi/Pico_SDK_v1.5.1/pico-sdk/src/common/pico_time/time.c.obj
 .text.alarm_pool_alarm_callback
                0x10001ffc      0x33c CMakeFiles/test.dir/C_/Program_Files/Raspberry_Pi/Pico_SDK_v1.5.1/pico-sdk/src/common/pico_time/time.c.obj
 .text.alarm_pool_init_default
                0x10002338       0x40 CMakeFiles/test.dir/C_/Program_Files/Raspberry_Pi/Pico_SDK_v1.5.1/pico-sdk/src/common/pico_time/time.c.obj
                0x10002338                alarm_pool_init_default
 .text.alarm_pool_get_default
                0x10002378       0x2c CMakeFiles/test.dir/C_/Program_Files/Raspberry_Pi/Pico_SDK_v1.5.1/pico-sdk/src/common/pico_time/time.c.obj
                0x10002378                alarm_pool_get_default
 .text.alarm_pool_add_alarm_at
                0x100023a4      0x168 CMakeFiles/test.dir/C_/Program_Files/Raspberry_Pi/Pico_SDK_v1.5.1/pico-sdk/src/common/pico_time/time.c.obj
                0x100023a4                alarm_pool_add_alarm_at
 .text.alarm_pool_cancel_alarm
                0x1000250c       0xf8 CMakeFiles/test.dir/C_/Program_Files/Raspberry_Pi/Pico_SDK_v1.5.1/pico-sdk/src/common/pico_time/time.c.obj
                0x1000250c                alarm_pool_cancel_alarm
 .text.alarm_pool_core_num
                0x10002604        0x4 CMakeFiles/test.dir/C_/Program_Files/Raspberry_Pi/Pico_SDK_v1.5.1/pico-sdk/src/common/pico_time/time.c.obj
                0x10002604                alarm_pool_core_num
 .text.sleep_until
                0x10002608       0xfc CMakeFiles/test.dir/C_/Program_Files/Raspberry_Pi/Pico_SDK_v1.5.1/pico-sdk/src/common/pico_time/time.c.obj
                0x10002608                sleep_until
 .text.sleep_us
                0x10002704       0x58 CMakeFiles/test.dir/C_/Program_Files/Raspberry_Pi/Pico_SDK_v1.5.1/pico-sdk/src/common/pico_time/time.c.obj
                0x10002704                sleep_us
 .text.sleep_ms
                0x1000275c       0x14 CMakeFiles/test.dir/C_/Program_Files/Raspberry_Pi/Pico_SDK_v1.5.1/pico-sdk/src/common/pico_time/time.c.obj
                0x1000275c                sleep_ms
 .text.best_effort_wfe_or_timeout
                0x10002770       0xac CMakeFiles/test.dir/C_/Program_Files/Raspberry_Pi/Pico_SDK_v1.5.1/pico-sdk/src/common/pico_time/time.c.obj
                0x10002770                best_effort_wfe_or_timeout
 .text.hardware_alarm_irq_handler
                0x1000281c       0x90 CMakeFiles/test.dir/C_/Program_Files/Raspberry_Pi/Pico_SDK_v1.5.1/pico-sdk/src/rp2_common/hardware_timer/timer.c.obj
 .text.hardware_alarm_claim
                0x100028ac       0x18 CMakeFiles/test.dir/C_/Program_Files/Raspberry_Pi/Pico_SDK_v1.5.1/pico-sdk/src/rp2_common/hardware_timer/timer.c.obj
                0x100028ac                hardware_alarm_claim
 .text.time_us_64
                0x100028c4       0x18 CMakeFiles/test.dir/C_/Program_Files/Raspberry_Pi/Pico_SDK_v1.5.1/pico-sdk/src/rp2_common/hardware_timer/timer.c.obj
                0x100028c4                time_us_64
 .text.busy_wait_until
                0x100028dc       0x28 CMakeFiles/test.dir/C_/Program_Files/Raspberry_Pi/Pico_SDK_v1.5.1/pico-sdk/src/rp2_common/hardware_timer/timer.c.obj
                0x100028dc                busy_wait_until
 .text.busy_wait_us
                0x10002904       0x48 CMakeFiles/test.dir/C_/Program_Files/Raspberry_Pi/Pico_SDK_v1.5.1/pico-sdk/src/rp2_common/hardware_timer/timer.c.obj
                0x10002904                busy_wait_us
 .text.hardware_alarm_set_callback
                0x1000294c       0x90 CMakeFiles/test.dir/C_/Program_Files/Raspberry_Pi/Pico_SDK_v1.5.1/pico-sdk/src/rp2_common/hardware_timer/timer.c.obj
                0x1000294c                hardware_alarm_set_callback
 .text.hardware_alarm_set_target
                0x100029dc       0xe8 CMakeFiles/test.dir/C_/Program_Files/Raspberry_Pi/Pico_SDK_v1.5.1/pico-sdk/src/rp2_common/hardware_timer/timer.c.obj
                0x100029dc                hardware_alarm_set_target
 .text.hardware_alarm_cancel
                0x10002ac4       0x40 CMakeFiles/test.dir/C_/Program_Files/Raspberry_Pi/Pico_SDK_v1.5.1/pico-sdk/src/rp2_common/hardware_timer/timer.c.obj
                0x10002ac4                hardware_alarm_cancel
 .text.ph_add_child_node
                0x10002b04       0xa4 CMakeFiles/test.dir/C_/Program_Files/Raspberry_Pi/Pico_SDK_v1.5.1/pico-sdk/src/common/pico_util/pheap.c.obj
 .text.ph_merge_nodes
                0x10002ba8       0x3e CMakeFiles/test.dir/C_/Program_Files/Raspberry_Pi/Pico_SDK_v1.5.1/pico-sdk/src/common/pico_util/pheap.c.obj
 *fill*         0x10002be6        0x2 
 .text.ph_clear
                0x10002be8       0x70 CMakeFiles/test.dir/C_/Program_Files/Raspberry_Pi/Pico_SDK_v1.5.1/pico-sdk/src/common/pico_util/pheap.c.obj
                0x10002be8                ph_clear
 .text.ph_post_alloc_init
                0x10002c58        0xe CMakeFiles/test.dir/C_/Program_Files/Raspberry_Pi/Pico_SDK_v1.5.1/pico-sdk/src/common/pico_util/pheap.c.obj
                0x10002c58                ph_post_alloc_init
 *fill*         0x10002c66        0x2 
 .text.ph_merge_two_pass
                0x10002c68       0xa8 CMakeFiles/test.dir/C_/Program_Files/Raspberry_Pi/Pico_SDK_v1.5.1/pico-sdk/src/common/pico_util/pheap.c.obj
                0x10002c68                ph_merge_two_pass
 .text.ph_remove_any_head
                0x10002d10      0x128 CMakeFiles/test.dir/C_/Program_Files/Raspberry_Pi/Pico_SDK_v1.5.1/pico-sdk/src/common/pico_util/pheap.c.obj
 .text.ph_remove_head
                0x10002e38       0x14 CMakeFiles/test.dir/C_/Program_Files/Raspberry_Pi/Pico_SDK_v1.5.1/pico-sdk/src/common/pico_util/pheap.c.obj
                0x10002e38                ph_remove_head
 .text.ph_remove_and_free_node
                0x10002e4c       0xf8 CMakeFiles/test.dir/C_/Program_Files/Raspberry_Pi/Pico_SDK_v1.5.1/pico-sdk/src/common/pico_util/pheap.c.obj
                0x10002e4c                ph_remove_and_free_node
 .text.pll_init
                0x10002f44      0x120 CMakeFiles/test.dir/C_/Program_Files/Raspberry_Pi/Pico_SDK_v1.5.1/pico-sdk/src/rp2_common/hardware_pll/pll.c.obj
                0x10002f44                pll_init
 .text.watchdog_start_tick
                0x10003064       0x10 CMakeFiles/test.dir/C_/Program_Files/Raspberry_Pi/Pico_SDK_v1.5.1/pico-sdk/src/rp2_common/hardware_watchdog/watchdog.c.obj
                0x10003064                watchdog_start_tick
 .text.watchdog_update
                0x10003074       0x14 CMakeFiles/test.dir/C_/Program_Files/Raspberry_Pi/Pico_SDK_v1.5.1/pico-sdk/src/rp2_common/hardware_watchdog/watchdog.c.obj
                0x10003074                watchdog_update
 .text._watchdog_enable
                0x10003088       0x78 CMakeFiles/test.dir/C_/Program_Files/Raspberry_Pi/Pico_SDK_v1.5.1/pico-sdk/src/rp2_common/hardware_watchdog/watchdog.c.obj
                0x10003088                _watchdog_enable
 .text.watchdog_reboot
                0x10003100       0x48 CMakeFiles/test.dir/C_/Program_Files/Raspberry_Pi/Pico_SDK_v1.5.1/pico-sdk/src/rp2_common/hardware_watchdog/watchdog.c.obj
                0x10003100                watchdog_reboot
 .text.xosc_init
                0x10003148       0x28 CMakeFiles/test.dir/C_/Program_Files/Raspberry_Pi/Pico_SDK_v1.5.1/pico-sdk/src/rp2_common/hardware_xosc/xosc.c.obj
                0x10003148                xosc_init
 .text.lwip_init
                0x10003170       0x24 CMakeFiles/test.dir/C_/Program_Files/Raspberry_Pi/Pico_SDK_v1.5.1/pico-sdk/lib/lwip/src/core/init.c.obj
                0x10003170                lwip_init
 .text.lwip_htons
                0x10003194        0xa CMakeFiles/test.dir/C_/Program_Files/Raspberry_Pi/Pico_SDK_v1.5.1/pico-sdk/lib/lwip/src/core/def.c.obj
                0x10003194                lwip_htons
 .text.lwip_htonl
                0x1000319e       0x1c CMakeFiles/test.dir/C_/Program_Files/Raspberry_Pi/Pico_SDK_v1.5.1/pico-sdk/lib/lwip/src/core/def.c.obj
                0x1000319e                lwip_htonl
 *fill*         0x100031ba        0x2 
 .text.dns_backupserver_available
                0x100031bc       0x28 CMakeFiles/test.dir/C_/Program_Files/Raspberry_Pi/Pico_SDK_v1.5.1/pico-sdk/lib/lwip/src/core/dns.c.obj
 .text.dns_create_txid
                0x100031e4       0x3c CMakeFiles/test.dir/C_/Program_Files/Raspberry_Pi/Pico_SDK_v1.5.1/pico-sdk/lib/lwip/src/core/dns.c.obj
 .text.dns_call_found
                0x10003220       0xf4 CMakeFiles/test.dir/C_/Program_Files/Raspberry_Pi/Pico_SDK_v1.5.1/pico-sdk/lib/lwip/src/core/dns.c.obj
 .text.dns_send
                0x10003314      0x178 CMakeFiles/test.dir/C_/Program_Files/Raspberry_Pi/Pico_SDK_v1.5.1/pico-sdk/lib/lwip/src/core/dns.c.obj
 .text.dns_check_entry
                0x1000348c      0x11c CMakeFiles/test.dir/C_/Program_Files/Raspberry_Pi/Pico_SDK_v1.5.1/pico-sdk/lib/lwip/src/core/dns.c.obj
 .text.dns_check_entries
                0x100035a8       0x16 CMakeFiles/test.dir/C_/Program_Files/Raspberry_Pi/Pico_SDK_v1.5.1/pico-sdk/lib/lwip/src/core/dns.c.obj
 .text.dns_init
                0x100035be        0x2 CMakeFiles/test.dir/C_/Program_Files/Raspberry_Pi/Pico_SDK_v1.5.1/pico-sdk/lib/lwip/src/core/dns.c.obj
                0x100035be                dns_init
 .text.dns_setserver
                0x100035c0       0x28 CMakeFiles/test.dir/C_/Program_Files/Raspberry_Pi/Pico_SDK_v1.5.1/pico-sdk/lib/lwip/src/core/dns.c.obj
                0x100035c0                dns_setserver
 .text.dns_tmr  0x100035e8        0x8 CMakeFiles/test.dir/C_/Program_Files/Raspberry_Pi/Pico_SDK_v1.5.1/pico-sdk/lib/lwip/src/core/dns.c.obj
                0x100035e8                dns_tmr
 .text.lwip_standard_chksum
                0x100035f0       0xac CMakeFiles/test.dir/C_/Program_Files/Raspberry_Pi/Pico_SDK_v1.5.1/pico-sdk/lib/lwip/src/core/inet_chksum.c.obj
                0x100035f0                lwip_standard_chksum
 .text.inet_cksum_pseudo_base
                0x1000369c       0x7c CMakeFiles/test.dir/C_/Program_Files/Raspberry_Pi/Pico_SDK_v1.5.1/pico-sdk/lib/lwip/src/core/inet_chksum.c.obj
 .text.inet_chksum_pseudo
                0x10003718       0x30 CMakeFiles/test.dir/C_/Program_Files/Raspberry_Pi/Pico_SDK_v1.5.1/pico-sdk/lib/lwip/src/core/inet_chksum.c.obj
                0x10003718                inet_chksum_pseudo
 .text.ip_chksum_pseudo
                0x10003748       0x10 CMakeFiles/test.dir/C_/Program_Files/Raspberry_Pi/Pico_SDK_v1.5.1/pico-sdk/lib/lwip/src/core/inet_chksum.c.obj
                0x10003748                ip_chksum_pseudo
 .text.inet_chksum
                0x10003758        0xc CMakeFiles/test.dir/C_/Program_Files/Raspberry_Pi/Pico_SDK_v1.5.1/pico-sdk/lib/lwip/src/core/inet_chksum.c.obj
                0x10003758                inet_chksum
 .text.ptr_to_mem
                0x10003764        0xc CMakeFiles/test.dir/C_/Program_Files/Raspberry_Pi/Pico_SDK_v1.5.1/pico-sdk/lib/lwip/src/core/mem.c.obj
 .text.mem_to_ptr
                0x10003770       0x10 CMakeFiles/test.dir/C_/Program_Files/Raspberry_Pi/Pico_SDK_v1.5.1/pico-sdk/lib/lwip/src/core/mem.c.obj
 .text.mem_link_valid
                0x10003780       0x5c CMakeFiles/test.dir/C_/Program_Files/Raspberry_Pi/Pico_SDK_v1.5.1/pico-sdk/lib/lwip/src/core/mem.c.obj
 .text.plug_holes
                0x100037dc       0xd4 CMakeFiles/test.dir/C_/Program_Files/Raspberry_Pi/Pico_SDK_v1.5.1/pico-sdk/lib/lwip/src/core/mem.c.obj
 .text.mem_init
                0x100038b0       0x44 CMakeFiles/test.dir/C_/Program_Files/Raspberry_Pi/Pico_SDK_v1.5.1/pico-sdk/lib/lwip/src/core/mem.c.obj
                0x100038b0                mem_init
 .text.mem_free
                0x100038f4       0x84 CMakeFiles/test.dir/C_/Program_Files/Raspberry_Pi/Pico_SDK_v1.5.1/pico-sdk/lib/lwip/src/core/mem.c.obj
                0x100038f4                mem_free
 .text.mem_trim
                0x10003978      0x134 CMakeFiles/test.dir/C_/Program_Files/Raspberry_Pi/Pico_SDK_v1.5.1/pico-sdk/lib/lwip/src/core/mem.c.obj
                0x10003978                mem_trim
 .text.mem_malloc
                0x10003aac      0x134 CMakeFiles/test.dir/C_/Program_Files/Raspberry_Pi/Pico_SDK_v1.5.1/pico-sdk/lib/lwip/src/core/mem.c.obj
                0x10003aac                mem_malloc
 .text.do_memp_malloc_pool
                0x10003be0       0x30 CMakeFiles/test.dir/C_/Program_Files/Raspberry_Pi/Pico_SDK_v1.5.1/pico-sdk/lib/lwip/src/core/memp.c.obj
 .text.do_memp_free_pool
                0x10003c10       0x28 CMakeFiles/test.dir/C_/Program_Files/Raspberry_Pi/Pico_SDK_v1.5.1/pico-sdk/lib/lwip/src/core/memp.c.obj
 .text.memp_init_pool
                0x10003c38       0x2a CMakeFiles/test.dir/C_/Program_Files/Raspberry_Pi/Pico_SDK_v1.5.1/pico-sdk/lib/lwip/src/core/memp.c.obj
                0x10003c38                memp_init_pool
 *fill*         0x10003c62        0x2 
 .text.memp_init
                0x10003c64       0x20 CMakeFiles/test.dir/C_/Program_Files/Raspberry_Pi/Pico_SDK_v1.5.1/pico-sdk/lib/lwip/src/core/memp.c.obj
                0x10003c64                memp_init
 .text.memp_malloc
                0x10003c84       0x24 CMakeFiles/test.dir/C_/Program_Files/Raspberry_Pi/Pico_SDK_v1.5.1/pico-sdk/lib/lwip/src/core/memp.c.obj
                0x10003c84                memp_malloc
 .text.memp_free
                0x10003ca8       0x28 CMakeFiles/test.dir/C_/Program_Files/Raspberry_Pi/Pico_SDK_v1.5.1/pico-sdk/lib/lwip/src/core/memp.c.obj
                0x10003ca8                memp_free
 .text.netif_do_set_netmask
                0x10003cd0       0x1a CMakeFiles/test.dir/C_/Program_Files/Raspberry_Pi/Pico_SDK_v1.5.1/pico-sdk/lib/lwip/src/core/netif.c.obj
 .text.netif_do_set_gw
                0x10003cea       0x1a CMakeFiles/test.dir/C_/Program_Files/Raspberry_Pi/Pico_SDK_v1.5.1/pico-sdk/lib/lwip/src/core/netif.c.obj
 .text.netif_do_ip_addr_changed
                0x10003d04       0x1c CMakeFiles/test.dir/C_/Program_Files/Raspberry_Pi/Pico_SDK_v1.5.1/pico-sdk/lib/lwip/src/core/netif.c.obj
 .text.netif_issue_reports
                0x10003d20       0x34 CMakeFiles/test.dir/C_/Program_Files/Raspberry_Pi/Pico_SDK_v1.5.1/pico-sdk/lib/lwip/src/core/netif.c.obj
 .text.netif_do_set_ipaddr
                0x10003d54       0x54 CMakeFiles/test.dir/C_/Program_Files/Raspberry_Pi/Pico_SDK_v1.5.1/pico-sdk/lib/lwip/src/core/netif.c.obj
 .text.netif_init
                0x10003da8        0x2 CMakeFiles/test.dir/C_/Program_Files/Raspberry_Pi/Pico_SDK_v1.5.1/pico-sdk/lib/lwip/src/core/netif.c.obj
                0x10003da8                netif_init
 *fill*         0x10003daa        0x2 
 .text.netif_set_addr
                0x10003dac       0x78 CMakeFiles/test.dir/C_/Program_Files/Raspberry_Pi/Pico_SDK_v1.5.1/pico-sdk/lib/lwip/src/core/netif.c.obj
                0x10003dac                netif_set_addr
 .text.netif_set_default
                0x10003e24        0xc CMakeFiles/test.dir/C_/Program_Files/Raspberry_Pi/Pico_SDK_v1.5.1/pico-sdk/lib/lwip/src/core/netif.c.obj
                0x10003e24                netif_set_default
 .text.netif_set_down
                0x10003e30       0x38 CMakeFiles/test.dir/C_/Program_Files/Raspberry_Pi/Pico_SDK_v1.5.1/pico-sdk/lib/lwip/src/core/netif.c.obj
                0x10003e30                netif_set_down
 .text.netif_remove
                0x10003e68       0x64 CMakeFiles/test.dir/C_/Program_Files/Raspberry_Pi/Pico_SDK_v1.5.1/pico-sdk/lib/lwip/src/core/netif.c.obj
                0x10003e68                netif_remove
 .text.netif_set_link_up
                0x10003ecc       0x3c CMakeFiles/test.dir/C_/Program_Files/Raspberry_Pi/Pico_SDK_v1.5.1/pico-sdk/lib/lwip/src/core/netif.c.obj
                0x10003ecc                netif_set_link_up
 .text.netif_set_link_down
                0x10003f08       0x2c CMakeFiles/test.dir/C_/Program_Files/Raspberry_Pi/Pico_SDK_v1.5.1/pico-sdk/lib/lwip/src/core/netif.c.obj
                0x10003f08                netif_set_link_down
 .text.netif_get_by_index
                0x10003f34       0x24 CMakeFiles/test.dir/C_/Program_Files/Raspberry_Pi/Pico_SDK_v1.5.1/pico-sdk/lib/lwip/src/core/netif.c.obj
                0x10003f34                netif_get_by_index
 .text.pbuf_init_alloced_pbuf
                0x10003f58       0x20 CMakeFiles/test.dir/C_/Program_Files/Raspberry_Pi/Pico_SDK_v1.5.1/pico-sdk/lib/lwip/src/core/pbuf.c.obj
 .text.pbuf_skip_const
                0x10003f78       0x1a CMakeFiles/test.dir/C_/Program_Files/Raspberry_Pi/Pico_SDK_v1.5.1/pico-sdk/lib/lwip/src/core/pbuf.c.obj
 *fill*         0x10003f92        0x2 
 .text.pbuf_pool_is_empty
                0x10003f94       0x18 CMakeFiles/test.dir/C_/Program_Files/Raspberry_Pi/Pico_SDK_v1.5.1/pico-sdk/lib/lwip/src/core/pbuf.c.obj
 .text.pbuf_add_header_impl
                0x10003fac       0x68 CMakeFiles/test.dir/C_/Program_Files/Raspberry_Pi/Pico_SDK_v1.5.1/pico-sdk/lib/lwip/src/core/pbuf.c.obj
 .text.pbuf_free_ooseq
                0x10004014       0x30 CMakeFiles/test.dir/C_/Program_Files/Raspberry_Pi/Pico_SDK_v1.5.1/pico-sdk/lib/lwip/src/core/pbuf.c.obj
                0x10004014                pbuf_free_ooseq
 .text.pbuf_alloc_reference
                0x10004044       0x3c CMakeFiles/test.dir/C_/Program_Files/Raspberry_Pi/Pico_SDK_v1.5.1/pico-sdk/lib/lwip/src/core/pbuf.c.obj
                0x10004044                pbuf_alloc_reference
 .text.pbuf_add_header
                0x10004080        0xa CMakeFiles/test.dir/C_/Program_Files/Raspberry_Pi/Pico_SDK_v1.5.1/pico-sdk/lib/lwip/src/core/pbuf.c.obj
                0x10004080                pbuf_add_header
 *fill*         0x1000408a        0x2 
 .text.pbuf_free
                0x1000408c       0x7c CMakeFiles/test.dir/C_/Program_Files/Raspberry_Pi/Pico_SDK_v1.5.1/pico-sdk/lib/lwip/src/core/pbuf.c.obj
                0x1000408c                pbuf_free
 .text.pbuf_alloc
                0x10004108      0x148 CMakeFiles/test.dir/C_/Program_Files/Raspberry_Pi/Pico_SDK_v1.5.1/pico-sdk/lib/lwip/src/core/pbuf.c.obj
                0x10004108                pbuf_alloc
 .text.pbuf_realloc
                0x10004250       0x84 CMakeFiles/test.dir/C_/Program_Files/Raspberry_Pi/Pico_SDK_v1.5.1/pico-sdk/lib/lwip/src/core/pbuf.c.obj
                0x10004250                pbuf_realloc
 .text.pbuf_clen
                0x100042d4       0x12 CMakeFiles/test.dir/C_/Program_Files/Raspberry_Pi/Pico_SDK_v1.5.1/pico-sdk/lib/lwip/src/core/pbuf.c.obj
                0x100042d4                pbuf_clen
 *fill*         0x100042e6        0x2 
 .text.pbuf_ref
                0x100042e8       0x28 CMakeFiles/test.dir/C_/Program_Files/Raspberry_Pi/Pico_SDK_v1.5.1/pico-sdk/lib/lwip/src/core/pbuf.c.obj
                0x100042e8                pbuf_ref
 .text.pbuf_cat
                0x10004310       0x44 CMakeFiles/test.dir/C_/Program_Files/Raspberry_Pi/Pico_SDK_v1.5.1/pico-sdk/lib/lwip/src/core/pbuf.c.obj
                0x10004310                pbuf_cat
 .text.pbuf_chain
                0x10004354       0x10 CMakeFiles/test.dir/C_/Program_Files/Raspberry_Pi/Pico_SDK_v1.5.1/pico-sdk/lib/lwip/src/core/pbuf.c.obj
                0x10004354                pbuf_chain
 .text.pbuf_copy_partial_pbuf
                0x10004364      0x13c CMakeFiles/test.dir/C_/Program_Files/Raspberry_Pi/Pico_SDK_v1.5.1/pico-sdk/lib/lwip/src/core/pbuf.c.obj
                0x10004364                pbuf_copy_partial_pbuf
 .text.pbuf_copy_partial
                0x100044a0       0x90 CMakeFiles/test.dir/C_/Program_Files/Raspberry_Pi/Pico_SDK_v1.5.1/pico-sdk/lib/lwip/src/core/pbuf.c.obj
                0x100044a0                pbuf_copy_partial
 .text.pbuf_skip
                0x10004530        0x8 CMakeFiles/test.dir/C_/Program_Files/Raspberry_Pi/Pico_SDK_v1.5.1/pico-sdk/lib/lwip/src/core/pbuf.c.obj
                0x10004530                pbuf_skip
 .text.pbuf_take
                0x10004538       0x98 CMakeFiles/test.dir/C_/Program_Files/Raspberry_Pi/Pico_SDK_v1.5.1/pico-sdk/lib/lwip/src/core/pbuf.c.obj
                0x10004538                pbuf_take
 .text.pbuf_take_at
                0x100045d0       0x70 CMakeFiles/test.dir/C_/Program_Files/Raspberry_Pi/Pico_SDK_v1.5.1/pico-sdk/lib/lwip/src/core/pbuf.c.obj
                0x100045d0                pbuf_take_at
 .text.pbuf_put_at
                0x10004640       0x26 CMakeFiles/test.dir/C_/Program_Files/Raspberry_Pi/Pico_SDK_v1.5.1/pico-sdk/lib/lwip/src/core/pbuf.c.obj
                0x10004640                pbuf_put_at
 *fill*         0x10004666        0x2 
 .text.raw_netif_ip_addr_changed
                0x10004668       0x38 CMakeFiles/test.dir/C_/Program_Files/Raspberry_Pi/Pico_SDK_v1.5.1/pico-sdk/lib/lwip/src/core/raw.c.obj
                0x10004668                raw_netif_ip_addr_changed
 .text.stats_init
                0x100046a0        0x2 CMakeFiles/test.dir/C_/Program_Files/Raspberry_Pi/Pico_SDK_v1.5.1/pico-sdk/lib/lwip/src/core/stats.c.obj
                0x100046a0                stats_init
 *fill*         0x100046a2        0x2 
 .text.tcp_remove_listener
                0x100046a4       0x24 CMakeFiles/test.dir/C_/Program_Files/Raspberry_Pi/Pico_SDK_v1.5.1/pico-sdk/lib/lwip/src/core/tcp.c.obj
 .text.tcp_listen_closed
                0x100046c8       0x40 CMakeFiles/test.dir/C_/Program_Files/Raspberry_Pi/Pico_SDK_v1.5.1/pico-sdk/lib/lwip/src/core/tcp.c.obj
 .text.tcp_free_listen
                0x10004708       0x1c CMakeFiles/test.dir/C_/Program_Files/Raspberry_Pi/Pico_SDK_v1.5.1/pico-sdk/lib/lwip/src/core/tcp.c.obj
 .text.tcp_close_shutdown_fin
                0x10004724       0x68 CMakeFiles/test.dir/C_/Program_Files/Raspberry_Pi/Pico_SDK_v1.5.1/pico-sdk/lib/lwip/src/core/tcp.c.obj
 .text.tcp_init
                0x1000478c       0x20 CMakeFiles/test.dir/C_/Program_Files/Raspberry_Pi/Pico_SDK_v1.5.1/pico-sdk/lib/lwip/src/core/tcp.c.obj
                0x1000478c                tcp_init
 .text.tcp_free
                0x100047ac       0x1c CMakeFiles/test.dir/C_/Program_Files/Raspberry_Pi/Pico_SDK_v1.5.1/pico-sdk/lib/lwip/src/core/tcp.c.obj
                0x100047ac                tcp_free
 .text.tcp_update_rcv_ann_wnd
                0x100047c8       0x58 CMakeFiles/test.dir/C_/Program_Files/Raspberry_Pi/Pico_SDK_v1.5.1/pico-sdk/lib/lwip/src/core/tcp.c.obj
                0x100047c8                tcp_update_rcv_ann_wnd
 .text.tcp_recved
                0x10004820       0x60 CMakeFiles/test.dir/C_/Program_Files/Raspberry_Pi/Pico_SDK_v1.5.1/pico-sdk/lib/lwip/src/core/tcp.c.obj
                0x10004820                tcp_recved
 .text.tcp_seg_free
                0x10004880       0x1a CMakeFiles/test.dir/C_/Program_Files/Raspberry_Pi/Pico_SDK_v1.5.1/pico-sdk/lib/lwip/src/core/tcp.c.obj
                0x10004880                tcp_seg_free
 .text.tcp_segs_free
                0x1000489a       0x12 CMakeFiles/test.dir/C_/Program_Files/Raspberry_Pi/Pico_SDK_v1.5.1/pico-sdk/lib/lwip/src/core/tcp.c.obj
                0x1000489a                tcp_segs_free
 .text.tcp_eff_send_mss_netif
                0x100048ac       0x34 CMakeFiles/test.dir/C_/Program_Files/Raspberry_Pi/Pico_SDK_v1.5.1/pico-sdk/lib/lwip/src/core/tcp.c.obj
                0x100048ac                tcp_eff_send_mss_netif
 .text.tcp_free_ooseq
                0x100048e0       0x14 CMakeFiles/test.dir/C_/Program_Files/Raspberry_Pi/Pico_SDK_v1.5.1/pico-sdk/lib/lwip/src/core/tcp.c.obj
                0x100048e0                tcp_free_ooseq
 .text.tcp_pcb_purge
                0x100048f4       0x58 CMakeFiles/test.dir/C_/Program_Files/Raspberry_Pi/Pico_SDK_v1.5.1/pico-sdk/lib/lwip/src/core/tcp.c.obj
                0x100048f4                tcp_pcb_purge
 .text.tcp_pcb_remove
                0x1000494c       0xa4 CMakeFiles/test.dir/C_/Program_Files/Raspberry_Pi/Pico_SDK_v1.5.1/pico-sdk/lib/lwip/src/core/tcp.c.obj
                0x1000494c                tcp_pcb_remove
 .text.tcp_abandon
                0x100049f0      0x10c CMakeFiles/test.dir/C_/Program_Files/Raspberry_Pi/Pico_SDK_v1.5.1/pico-sdk/lib/lwip/src/core/tcp.c.obj
                0x100049f0                tcp_abandon
 .text.tcp_abort
                0x10004afc        0xa CMakeFiles/test.dir/C_/Program_Files/Raspberry_Pi/Pico_SDK_v1.5.1/pico-sdk/lib/lwip/src/core/tcp.c.obj
                0x10004afc                tcp_abort
 *fill*         0x10004b06        0x2 
 .text.tcp_netif_ip_addr_changed_pcblist
                0x10004b08       0x30 CMakeFiles/test.dir/C_/Program_Files/Raspberry_Pi/Pico_SDK_v1.5.1/pico-sdk/lib/lwip/src/core/tcp.c.obj
 .text.tcp_netif_ip_addr_changed
                0x10004b38       0x54 CMakeFiles/test.dir/C_/Program_Files/Raspberry_Pi/Pico_SDK_v1.5.1/pico-sdk/lib/lwip/src/core/tcp.c.obj
                0x10004b38                tcp_netif_ip_addr_changed
 .text.tcp_close_shutdown
                0x10004b8c      0x13c CMakeFiles/test.dir/C_/Program_Files/Raspberry_Pi/Pico_SDK_v1.5.1/pico-sdk/lib/lwip/src/core/tcp.c.obj
 .text.tcp_close
                0x10004cc8       0x2c CMakeFiles/test.dir/C_/Program_Files/Raspberry_Pi/Pico_SDK_v1.5.1/pico-sdk/lib/lwip/src/core/tcp.c.obj
                0x10004cc8                tcp_close
 .text.tcp_recv_null
                0x10004cf4       0x3c CMakeFiles/test.dir/C_/Program_Files/Raspberry_Pi/Pico_SDK_v1.5.1/pico-sdk/lib/lwip/src/core/tcp.c.obj
                0x10004cf4                tcp_recv_null
 .text.tcp_process_refused_data
                0x10004d30       0x88 CMakeFiles/test.dir/C_/Program_Files/Raspberry_Pi/Pico_SDK_v1.5.1/pico-sdk/lib/lwip/src/core/tcp.c.obj
                0x10004d30                tcp_process_refused_data
 .text.tcp_fasttmr
                0x10004db8       0x80 CMakeFiles/test.dir/C_/Program_Files/Raspberry_Pi/Pico_SDK_v1.5.1/pico-sdk/lib/lwip/src/core/tcp.c.obj
                0x10004db8                tcp_fasttmr
 .text.tcp_slowtmr
                0x10004e38      0x44c CMakeFiles/test.dir/C_/Program_Files/Raspberry_Pi/Pico_SDK_v1.5.1/pico-sdk/lib/lwip/src/core/tcp.c.obj
                0x10004e38                tcp_slowtmr
 .text.tcp_tmr  0x10005284       0x20 CMakeFiles/test.dir/C_/Program_Files/Raspberry_Pi/Pico_SDK_v1.5.1/pico-sdk/lib/lwip/src/core/tcp.c.obj
                0x10005284                tcp_tmr
 .text.tcp_trigger_input_pcb_close
                0x100052a4       0x10 CMakeFiles/test.dir/C_/Program_Files/Raspberry_Pi/Pico_SDK_v1.5.1/pico-sdk/lib/lwip/src/core/tcp_in.c.obj
                0x100052a4                tcp_trigger_input_pcb_close
 .text.tcp_output_segment_busy
                0x100052b4       0x20 CMakeFiles/test.dir/C_/Program_Files/Raspberry_Pi/Pico_SDK_v1.5.1/pico-sdk/lib/lwip/src/core/tcp_out.c.obj
 .text.tcp_output_fill_options
                0x100052d4       0x30 CMakeFiles/test.dir/C_/Program_Files/Raspberry_Pi/Pico_SDK_v1.5.1/pico-sdk/lib/lwip/src/core/tcp_out.c.obj
 .text.tcp_create_segment
                0x10005304       0xf4 CMakeFiles/test.dir/C_/Program_Files/Raspberry_Pi/Pico_SDK_v1.5.1/pico-sdk/lib/lwip/src/core/tcp_out.c.obj
 .text.tcp_output_alloc_header_common
                0x100053f8       0xd0 CMakeFiles/test.dir/C_/Program_Files/Raspberry_Pi/Pico_SDK_v1.5.1/pico-sdk/lib/lwip/src/core/tcp_out.c.obj
 .text.tcp_output_alloc_header
                0x100054c8       0x3c CMakeFiles/test.dir/C_/Program_Files/Raspberry_Pi/Pico_SDK_v1.5.1/pico-sdk/lib/lwip/src/core/tcp_out.c.obj
 .text.tcp_rst_common
                0x10005504       0x68 CMakeFiles/test.dir/C_/Program_Files/Raspberry_Pi/Pico_SDK_v1.5.1/pico-sdk/lib/lwip/src/core/tcp_out.c.obj
 .text.tcp_route
                0x1000556c       0x1a CMakeFiles/test.dir/C_/Program_Files/Raspberry_Pi/Pico_SDK_v1.5.1/pico-sdk/lib/lwip/src/core/tcp_out.c.obj
 *fill*         0x10005586        0x2 
 .text.tcp_output_segment
                0x10005588      0x168 CMakeFiles/test.dir/C_/Program_Files/Raspberry_Pi/Pico_SDK_v1.5.1/pico-sdk/lib/lwip/src/core/tcp_out.c.obj
 .text.tcp_output_control_segment_netif
                0x100056f0       0x84 CMakeFiles/test.dir/C_/Program_Files/Raspberry_Pi/Pico_SDK_v1.5.1/pico-sdk/lib/lwip/src/core/tcp_out.c.obj
 .text.tcp_output_control_segment
                0x10005774       0x44 CMakeFiles/test.dir/C_/Program_Files/Raspberry_Pi/Pico_SDK_v1.5.1/pico-sdk/lib/lwip/src/core/tcp_out.c.obj
 .text.tcp_split_unsent_seg
                0x100057b8      0x1f8 CMakeFiles/test.dir/C_/Program_Files/Raspberry_Pi/Pico_SDK_v1.5.1/pico-sdk/lib/lwip/src/core/tcp_out.c.obj
                0x100057b8                tcp_split_unsent_seg
 .text.tcp_enqueue_flags
                0x100059b0      0x11c CMakeFiles/test.dir/C_/Program_Files/Raspberry_Pi/Pico_SDK_v1.5.1/pico-sdk/lib/lwip/src/core/tcp_out.c.obj
                0x100059b0                tcp_enqueue_flags
 .text.tcp_send_fin
                0x10005acc       0x68 CMakeFiles/test.dir/C_/Program_Files/Raspberry_Pi/Pico_SDK_v1.5.1/pico-sdk/lib/lwip/src/core/tcp_out.c.obj
                0x10005acc                tcp_send_fin
 .text.tcp_rexmit_rto_prepare
                0x10005b34       0xac CMakeFiles/test.dir/C_/Program_Files/Raspberry_Pi/Pico_SDK_v1.5.1/pico-sdk/lib/lwip/src/core/tcp_out.c.obj
                0x10005b34                tcp_rexmit_rto_prepare
 .text.tcp_rst  0x10005be0       0x32 CMakeFiles/test.dir/C_/Program_Files/Raspberry_Pi/Pico_SDK_v1.5.1/pico-sdk/lib/lwip/src/core/tcp_out.c.obj
                0x10005be0                tcp_rst
 *fill*         0x10005c12        0x2 
 .text.tcp_send_empty_ack
                0x10005c14       0x64 CMakeFiles/test.dir/C_/Program_Files/Raspberry_Pi/Pico_SDK_v1.5.1/pico-sdk/lib/lwip/src/core/tcp_out.c.obj
                0x10005c14                tcp_send_empty_ack
 .text.tcp_output
                0x10005c78      0x338 CMakeFiles/test.dir/C_/Program_Files/Raspberry_Pi/Pico_SDK_v1.5.1/pico-sdk/lib/lwip/src/core/tcp_out.c.obj
                0x10005c78                tcp_output
 .text.tcp_rexmit_rto_commit
                0x10005fb0       0x24 CMakeFiles/test.dir/C_/Program_Files/Raspberry_Pi/Pico_SDK_v1.5.1/pico-sdk/lib/lwip/src/core/tcp_out.c.obj
                0x10005fb0                tcp_rexmit_rto_commit
 .text.tcp_keepalive
                0x10005fd4       0x48 CMakeFiles/test.dir/C_/Program_Files/Raspberry_Pi/Pico_SDK_v1.5.1/pico-sdk/lib/lwip/src/core/tcp_out.c.obj
                0x10005fd4                tcp_keepalive
 .text.tcp_zero_window_probe
                0x1000601c      0x10c CMakeFiles/test.dir/C_/Program_Files/Raspberry_Pi/Pico_SDK_v1.5.1/pico-sdk/lib/lwip/src/core/tcp_out.c.obj
                0x1000601c                tcp_zero_window_probe
 .text.sys_timeout_abs
                0x10006128       0x60 CMakeFiles/test.dir/C_/Program_Files/Raspberry_Pi/Pico_SDK_v1.5.1/pico-sdk/lib/lwip/src/core/timeouts.c.obj
 .text.lwip_cyclic_timer
                0x10006188       0x38 CMakeFiles/test.dir/C_/Program_Files/Raspberry_Pi/Pico_SDK_v1.5.1/pico-sdk/lib/lwip/src/core/timeouts.c.obj
 .text.sys_timeout
                0x100061c0       0x2c CMakeFiles/test.dir/C_/Program_Files/Raspberry_Pi/Pico_SDK_v1.5.1/pico-sdk/lib/lwip/src/core/timeouts.c.obj
                0x100061c0                sys_timeout
 .text.sys_timeouts_init
                0x100061ec       0x24 CMakeFiles/test.dir/C_/Program_Files/Raspberry_Pi/Pico_SDK_v1.5.1/pico-sdk/lib/lwip/src/core/timeouts.c.obj
                0x100061ec                sys_timeouts_init
 .text.sys_check_timeouts
                0x10006210       0x54 CMakeFiles/test.dir/C_/Program_Files/Raspberry_Pi/Pico_SDK_v1.5.1/pico-sdk/lib/lwip/src/core/timeouts.c.obj
                0x10006210                sys_check_timeouts
 .text.sys_timeouts_sleeptime
                0x10006264       0x34 CMakeFiles/test.dir/C_/Program_Files/Raspberry_Pi/Pico_SDK_v1.5.1/pico-sdk/lib/lwip/src/core/timeouts.c.obj
                0x10006264                sys_timeouts_sleeptime
 .text.udp_new_port
                0x10006298       0x54 CMakeFiles/test.dir/C_/Program_Files/Raspberry_Pi/Pico_SDK_v1.5.1/pico-sdk/lib/lwip/src/core/udp.c.obj
 .text.udp_init
                0x100062ec       0x20 CMakeFiles/test.dir/C_/Program_Files/Raspberry_Pi/Pico_SDK_v1.5.1/pico-sdk/lib/lwip/src/core/udp.c.obj
                0x100062ec                udp_init
 .text.udp_bind
                0x1000630c       0xbc CMakeFiles/test.dir/C_/Program_Files/Raspberry_Pi/Pico_SDK_v1.5.1/pico-sdk/lib/lwip/src/core/udp.c.obj
                0x1000630c                udp_bind
 .text.udp_sendto_if_src
                0x100063c8      0x17c CMakeFiles/test.dir/C_/Program_Files/Raspberry_Pi/Pico_SDK_v1.5.1/pico-sdk/lib/lwip/src/core/udp.c.obj
                0x100063c8                udp_sendto_if_src
 .text.udp_sendto_if
                0x10006544       0x84 CMakeFiles/test.dir/C_/Program_Files/Raspberry_Pi/Pico_SDK_v1.5.1/pico-sdk/lib/lwip/src/core/udp.c.obj
                0x10006544                udp_sendto_if
 .text.udp_sendto
                0x100065c8       0x84 CMakeFiles/test.dir/C_/Program_Files/Raspberry_Pi/Pico_SDK_v1.5.1/pico-sdk/lib/lwip/src/core/udp.c.obj
                0x100065c8                udp_sendto
 .text.udp_connect
                0x1000664c       0x74 CMakeFiles/test.dir/C_/Program_Files/Raspberry_Pi/Pico_SDK_v1.5.1/pico-sdk/lib/lwip/src/core/udp.c.obj
                0x1000664c                udp_connect
 .text.udp_recv
                0x100066c0       0x18 CMakeFiles/test.dir/C_/Program_Files/Raspberry_Pi/Pico_SDK_v1.5.1/pico-sdk/lib/lwip/src/core/udp.c.obj
                0x100066c0                udp_recv
 .text.udp_remove
                0x100066d8       0x44 CMakeFiles/test.dir/C_/Program_Files/Raspberry_Pi/Pico_SDK_v1.5.1/pico-sdk/lib/lwip/src/core/udp.c.obj
                0x100066d8                udp_remove
 .text.udp_new  0x1000671c       0x1c CMakeFiles/test.dir/C_/Program_Files/Raspberry_Pi/Pico_SDK_v1.5.1/pico-sdk/lib/lwip/src/core/udp.c.obj
                0x1000671c                udp_new
 .text.udp_netif_ip_addr_changed
                0x10006738       0x38 CMakeFiles/test.dir/C_/Program_Files/Raspberry_Pi/Pico_SDK_v1.5.1/pico-sdk/lib/lwip/src/core/udp.c.obj
                0x10006738                udp_netif_ip_addr_changed
 .text.dhcp_set_state
                0x10006770       0x10 CMakeFiles/test.dir/C_/Program_Files/Raspberry_Pi/Pico_SDK_v1.5.1/pico-sdk/lib/lwip/src/core/ipv4/dhcp.c.obj
 .text.dhcp_option_short
                0x10006780       0x24 CMakeFiles/test.dir/C_/Program_Files/Raspberry_Pi/Pico_SDK_v1.5.1/pico-sdk/lib/lwip/src/core/ipv4/dhcp.c.obj
 .text.dhcp_option
                0x100067a4       0x24 CMakeFiles/test.dir/C_/Program_Files/Raspberry_Pi/Pico_SDK_v1.5.1/pico-sdk/lib/lwip/src/core/ipv4/dhcp.c.obj
 .text.dhcp_option_byte
                0x100067c8       0x1c CMakeFiles/test.dir/C_/Program_Files/Raspberry_Pi/Pico_SDK_v1.5.1/pico-sdk/lib/lwip/src/core/ipv4/dhcp.c.obj
 .text.dhcp_option_long
                0x100067e4       0x34 CMakeFiles/test.dir/C_/Program_Files/Raspberry_Pi/Pico_SDK_v1.5.1/pico-sdk/lib/lwip/src/core/ipv4/dhcp.c.obj
 .text.dhcp_create_msg
                0x10006818      0x138 CMakeFiles/test.dir/C_/Program_Files/Raspberry_Pi/Pico_SDK_v1.5.1/pico-sdk/lib/lwip/src/core/ipv4/dhcp.c.obj
 .text.dhcp_option_hostname
                0x10006950       0x70 CMakeFiles/test.dir/C_/Program_Files/Raspberry_Pi/Pico_SDK_v1.5.1/pico-sdk/lib/lwip/src/core/ipv4/dhcp.c.obj
 .text.dhcp_option_trailer
                0x100069c0       0x30 CMakeFiles/test.dir/C_/Program_Files/Raspberry_Pi/Pico_SDK_v1.5.1/pico-sdk/lib/lwip/src/core/ipv4/dhcp.c.obj
 .text.dhcp_rebind
                0x100069f0       0xfc CMakeFiles/test.dir/C_/Program_Files/Raspberry_Pi/Pico_SDK_v1.5.1/pico-sdk/lib/lwip/src/core/ipv4/dhcp.c.obj
 .text.dhcp_t2_timeout
                0x10006aec       0x2e CMakeFiles/test.dir/C_/Program_Files/Raspberry_Pi/Pico_SDK_v1.5.1/pico-sdk/lib/lwip/src/core/ipv4/dhcp.c.obj
 *fill*         0x10006b1a        0x2 
 .text.dhcp_reboot
                0x10006b1c      0x120 CMakeFiles/test.dir/C_/Program_Files/Raspberry_Pi/Pico_SDK_v1.5.1/pico-sdk/lib/lwip/src/core/ipv4/dhcp.c.obj
 .text.dhcp_select
                0x10006c3c      0x16c CMakeFiles/test.dir/C_/Program_Files/Raspberry_Pi/Pico_SDK_v1.5.1/pico-sdk/lib/lwip/src/core/ipv4/dhcp.c.obj
 .text.dhcp_handle_offer
                0x10006da8       0x48 CMakeFiles/test.dir/C_/Program_Files/Raspberry_Pi/Pico_SDK_v1.5.1/pico-sdk/lib/lwip/src/core/ipv4/dhcp.c.obj
 .text.dhcp_discover
                0x10006df0       0xf8 CMakeFiles/test.dir/C_/Program_Files/Raspberry_Pi/Pico_SDK_v1.5.1/pico-sdk/lib/lwip/src/core/ipv4/dhcp.c.obj
 .text.dhcp_dec_pcb_refcount
                0x10006ee8       0x38 CMakeFiles/test.dir/C_/Program_Files/Raspberry_Pi/Pico_SDK_v1.5.1/pico-sdk/lib/lwip/src/core/ipv4/dhcp.c.obj
 .text.dhcp_inc_pcb_refcount
                0x10006f20       0x74 CMakeFiles/test.dir/C_/Program_Files/Raspberry_Pi/Pico_SDK_v1.5.1/pico-sdk/lib/lwip/src/core/ipv4/dhcp.c.obj
 .text.dhcp_parse_reply
                0x10006f94      0x2fc CMakeFiles/test.dir/C_/Program_Files/Raspberry_Pi/Pico_SDK_v1.5.1/pico-sdk/lib/lwip/src/core/ipv4/dhcp.c.obj
 .text.dhcp_handle_ack
                0x10007290       0xd0 CMakeFiles/test.dir/C_/Program_Files/Raspberry_Pi/Pico_SDK_v1.5.1/pico-sdk/lib/lwip/src/core/ipv4/dhcp.c.obj
 .text.dhcp_bind
                0x10007360      0x104 CMakeFiles/test.dir/C_/Program_Files/Raspberry_Pi/Pico_SDK_v1.5.1/pico-sdk/lib/lwip/src/core/ipv4/dhcp.c.obj
 .text.dhcp_handle_nak
                0x10007464       0x24 CMakeFiles/test.dir/C_/Program_Files/Raspberry_Pi/Pico_SDK_v1.5.1/pico-sdk/lib/lwip/src/core/ipv4/dhcp.c.obj
 .text.dhcp_recv
                0x10007488       0xf4 CMakeFiles/test.dir/C_/Program_Files/Raspberry_Pi/Pico_SDK_v1.5.1/pico-sdk/lib/lwip/src/core/ipv4/dhcp.c.obj
 .text.dhcp_network_changed_link_up
                0x1000757c       0x40 CMakeFiles/test.dir/C_/Program_Files/Raspberry_Pi/Pico_SDK_v1.5.1/pico-sdk/lib/lwip/src/core/ipv4/dhcp.c.obj
                0x1000757c                dhcp_network_changed_link_up
 .text.dhcp_renew
                0x100075bc       0xf8 CMakeFiles/test.dir/C_/Program_Files/Raspberry_Pi/Pico_SDK_v1.5.1/pico-sdk/lib/lwip/src/core/ipv4/dhcp.c.obj
                0x100075bc                dhcp_renew
 .text.dhcp_t1_timeout
                0x100076b4       0x2a CMakeFiles/test.dir/C_/Program_Files/Raspberry_Pi/Pico_SDK_v1.5.1/pico-sdk/lib/lwip/src/core/ipv4/dhcp.c.obj
 .text.dhcp_supplied_address
                0x100076de       0x32 CMakeFiles/test.dir/C_/Program_Files/Raspberry_Pi/Pico_SDK_v1.5.1/pico-sdk/lib/lwip/src/core/ipv4/dhcp.c.obj
                0x100076de                dhcp_supplied_address
 .text.dhcp_release_and_stop
                0x10007710       0xdc CMakeFiles/test.dir/C_/Program_Files/Raspberry_Pi/Pico_SDK_v1.5.1/pico-sdk/lib/lwip/src/core/ipv4/dhcp.c.obj
                0x10007710                dhcp_release_and_stop
 .text.dhcp_start
                0x100077ec       0xac CMakeFiles/test.dir/C_/Program_Files/Raspberry_Pi/Pico_SDK_v1.5.1/pico-sdk/lib/lwip/src/core/ipv4/dhcp.c.obj
                0x100077ec                dhcp_start
 .text.dhcp_coarse_tmr
                0x10007898       0x6c CMakeFiles/test.dir/C_/Program_Files/Raspberry_Pi/Pico_SDK_v1.5.1/pico-sdk/lib/lwip/src/core/ipv4/dhcp.c.obj
                0x10007898                dhcp_coarse_tmr
 .text.dhcp_timeout
                0x10007904       0x4a CMakeFiles/test.dir/C_/Program_Files/Raspberry_Pi/Pico_SDK_v1.5.1/pico-sdk/lib/lwip/src/core/ipv4/dhcp.c.obj
 *fill*         0x1000794e        0x2 
 .text.dhcp_fine_tmr
                0x10007950       0x38 CMakeFiles/test.dir/C_/Program_Files/Raspberry_Pi/Pico_SDK_v1.5.1/pico-sdk/lib/lwip/src/core/ipv4/dhcp.c.obj
                0x10007950                dhcp_fine_tmr
 .text.dhcp_stop
                0x10007988        0x8 CMakeFiles/test.dir/C_/Program_Files/Raspberry_Pi/Pico_SDK_v1.5.1/pico-sdk/lib/lwip/src/core/ipv4/dhcp.c.obj
                0x10007988                dhcp_stop
 .text.etharp_free_entry
                0x10007990       0x4c CMakeFiles/test.dir/C_/Program_Files/Raspberry_Pi/Pico_SDK_v1.5.1/pico-sdk/lib/lwip/src/core/ipv4/etharp.c.obj
 .text.etharp_raw
                0x100079dc       0xf0 CMakeFiles/test.dir/C_/Program_Files/Raspberry_Pi/Pico_SDK_v1.5.1/pico-sdk/lib/lwip/src/core/ipv4/etharp.c.obj
 .text.etharp_request_dst
                0x10007acc       0x24 CMakeFiles/test.dir/C_/Program_Files/Raspberry_Pi/Pico_SDK_v1.5.1/pico-sdk/lib/lwip/src/core/ipv4/etharp.c.obj
 .text.etharp_cleanup_netif
                0x10007af0       0x3c CMakeFiles/test.dir/C_/Program_Files/Raspberry_Pi/Pico_SDK_v1.5.1/pico-sdk/lib/lwip/src/core/ipv4/etharp.c.obj
                0x10007af0                etharp_cleanup_netif
 .text.etharp_request
                0x10007b2c       0x10 CMakeFiles/test.dir/C_/Program_Files/Raspberry_Pi/Pico_SDK_v1.5.1/pico-sdk/lib/lwip/src/core/ipv4/etharp.c.obj
                0x10007b2c                etharp_request
 .text.etharp_tmr
                0x10007b3c       0x8c CMakeFiles/test.dir/C_/Program_Files/Raspberry_Pi/Pico_SDK_v1.5.1/pico-sdk/lib/lwip/src/core/ipv4/etharp.c.obj
                0x10007b3c                etharp_tmr
 .text.icmp_send_response
                0x10007bc8       0xd4 CMakeFiles/test.dir/C_/Program_Files/Raspberry_Pi/Pico_SDK_v1.5.1/pico-sdk/lib/lwip/src/core/ipv4/icmp.c.obj
 .text.icmp_time_exceeded
                0x10007c9c        0xc CMakeFiles/test.dir/C_/Program_Files/Raspberry_Pi/Pico_SDK_v1.5.1/pico-sdk/lib/lwip/src/core/ipv4/icmp.c.obj
                0x10007c9c                icmp_time_exceeded
 .text.ip_reass_dequeue_datagram
                0x10007ca8       0x34 CMakeFiles/test.dir/C_/Program_Files/Raspberry_Pi/Pico_SDK_v1.5.1/pico-sdk/lib/lwip/src/core/ipv4/ip4_frag.c.obj
 .text.ip_reass_free_complete_datagram
                0x10007cdc       0xe8 CMakeFiles/test.dir/C_/Program_Files/Raspberry_Pi/Pico_SDK_v1.5.1/pico-sdk/lib/lwip/src/core/ipv4/ip4_frag.c.obj
 .text.ip_reass_tmr
                0x10007dc4       0x30 CMakeFiles/test.dir/C_/Program_Files/Raspberry_Pi/Pico_SDK_v1.5.1/pico-sdk/lib/lwip/src/core/ipv4/ip4_frag.c.obj
                0x10007dc4                ip_reass_tmr
 .text.ip4_frag
                0x10007df4      0x178 CMakeFiles/test.dir/C_/Program_Files/Raspberry_Pi/Pico_SDK_v1.5.1/pico-sdk/lib/lwip/src/core/ipv4/ip4_frag.c.obj
                0x10007df4                ip4_frag
 .text.ip4_route
                0x10007f6c       0x7c CMakeFiles/test.dir/C_/Program_Files/Raspberry_Pi/Pico_SDK_v1.5.1/pico-sdk/lib/lwip/src/core/ipv4/ip4.c.obj
                0x10007f6c                ip4_route
 .text.ip4_output_if_src
                0x10007fe8      0x1c4 CMakeFiles/test.dir/C_/Program_Files/Raspberry_Pi/Pico_SDK_v1.5.1/pico-sdk/lib/lwip/src/core/ipv4/ip4.c.obj
                0x10007fe8                ip4_output_if_src
 .text.ip4_output_if
                0x100081ac       0x2e CMakeFiles/test.dir/C_/Program_Files/Raspberry_Pi/Pico_SDK_v1.5.1/pico-sdk/lib/lwip/src/core/ipv4/ip4.c.obj
                0x100081ac                ip4_output_if
 *fill*         0x100081da        0x2 
 .text.ethernet_output
                0x100081dc       0x6c CMakeFiles/test.dir/C_/Program_Files/Raspberry_Pi/Pico_SDK_v1.5.1/pico-sdk/lib/lwip/src/netif/ethernet.c.obj
                0x100081dc                ethernet_output
 .text.cyw43_arch_set_async_context
                0x10008248        0xc CMakeFiles/test.dir/C_/Program_Files/Raspberry_Pi/Pico_SDK_v1.5.1/pico-sdk/src/rp2_common/pico_cyw43_arch/cyw43_arch.c.obj
                0x10008248                cyw43_arch_set_async_context
 .text.cyw43_arch_gpio_put
                0x10008254       0x14 CMakeFiles/test.dir/C_/Program_Files/Raspberry_Pi/Pico_SDK_v1.5.1/pico-sdk/src/rp2_common/pico_cyw43_arch/cyw43_arch.c.obj
                0x10008254                cyw43_arch_gpio_put
 .text.cyw43_arch_async_context
                0x10008268        0xc CMakeFiles/test.dir/C_/Program_Files/Raspberry_Pi/Pico_SDK_v1.5.1/pico-sdk/src/rp2_common/pico_cyw43_arch/cyw43_arch.c.obj
                0x10008268                cyw43_arch_async_context
 .text.cyw43_arch_init_default_async_context
                0x10008274       0x20 CMakeFiles/test.dir/C_/Program_Files/Raspberry_Pi/Pico_SDK_v1.5.1/pico-sdk/src/rp2_common/pico_cyw43_arch/cyw43_arch_threadsafe_background.c.obj
                0x10008274                cyw43_arch_init_default_async_context
 .text.cyw43_arch_deinit
                0x10008294       0x30 CMakeFiles/test.dir/C_/Program_Files/Raspberry_Pi/Pico_SDK_v1.5.1/pico-sdk/src/rp2_common/pico_cyw43_arch/cyw43_arch_threadsafe_background.c.obj
                0x10008294                cyw43_arch_deinit
 .text.cyw43_arch_init
                0x100082c4       0x42 CMakeFiles/test.dir/C_/Program_Files/Raspberry_Pi/Pico_SDK_v1.5.1/pico-sdk/src/rp2_common/pico_cyw43_arch/cyw43_arch_threadsafe_background.c.obj
                0x100082c4                cyw43_arch_init
 .text.cs_set   0x10008306       0x1c CMakeFiles/test.dir/C_/Program_Files/Raspberry_Pi/Pico_SDK_v1.5.1/pico-sdk/src/rp2_common/pico_cyw43_driver/cyw43_bus_pio_spi.c.obj
 *fill*         0x10008322        0x2 
 .text.start_spi_comms
                0x10008324       0x2c CMakeFiles/test.dir/C_/Program_Files/Raspberry_Pi/Pico_SDK_v1.5.1/pico-sdk/src/rp2_common/pico_cyw43_driver/cyw43_bus_pio_spi.c.obj
 .text.ns_delay
                0x10008350       0x20 CMakeFiles/test.dir/C_/Program_Files/Raspberry_Pi/Pico_SDK_v1.5.1/pico-sdk/src/rp2_common/pico_cyw43_driver/cyw43_bus_pio_spi.c.obj
 .text.stop_spi_comms
                0x10008370       0x10 CMakeFiles/test.dir/C_/Program_Files/Raspberry_Pi/Pico_SDK_v1.5.1/pico-sdk/src/rp2_common/pico_cyw43_driver/cyw43_bus_pio_spi.c.obj
 .text.cyw43_spi_deinit
                0x10008380       0x74 CMakeFiles/test.dir/C_/Program_Files/Raspberry_Pi/Pico_SDK_v1.5.1/pico-sdk/src/rp2_common/pico_cyw43_driver/cyw43_bus_pio_spi.c.obj
                0x10008380                cyw43_spi_deinit
 .text.cyw43_spi_init
                0x100083f4      0x284 CMakeFiles/test.dir/C_/Program_Files/Raspberry_Pi/Pico_SDK_v1.5.1/pico-sdk/src/rp2_common/pico_cyw43_driver/cyw43_bus_pio_spi.c.obj
                0x100083f4                cyw43_spi_init
 .text.cyw43_spi_transfer
                0x10008678      0x694 CMakeFiles/test.dir/C_/Program_Files/Raspberry_Pi/Pico_SDK_v1.5.1/pico-sdk/src/rp2_common/pico_cyw43_driver/cyw43_bus_pio_spi.c.obj
                0x10008678                cyw43_spi_transfer
 .text.cyw43_spi_gpio_setup
                0x10008d0c       0x3a CMakeFiles/test.dir/C_/Program_Files/Raspberry_Pi/Pico_SDK_v1.5.1/pico-sdk/src/rp2_common/pico_cyw43_driver/cyw43_bus_pio_spi.c.obj
                0x10008d0c                cyw43_spi_gpio_setup
 .text.cyw43_spi_reset
                0x10008d46       0x28 CMakeFiles/test.dir/C_/Program_Files/Raspberry_Pi/Pico_SDK_v1.5.1/pico-sdk/src/rp2_common/pico_cyw43_driver/cyw43_bus_pio_spi.c.obj
                0x10008d46                cyw43_spi_reset
 *fill*         0x10008d6e        0x2 
 .text.read_reg_u32_swap
                0x10008d70       0x68 CMakeFiles/test.dir/C_/Program_Files/Raspberry_Pi/Pico_SDK_v1.5.1/pico-sdk/src/rp2_common/pico_cyw43_driver/cyw43_bus_pio_spi.c.obj
                0x10008d70                read_reg_u32_swap
 .text.cyw43_read_reg_u32
                0x10008dd8       0x54 CMakeFiles/test.dir/C_/Program_Files/Raspberry_Pi/Pico_SDK_v1.5.1/pico-sdk/src/rp2_common/pico_cyw43_driver/cyw43_bus_pio_spi.c.obj
                0x10008dd8                cyw43_read_reg_u32
 .text.cyw43_read_reg_u16
                0x10008e2c       0x54 CMakeFiles/test.dir/C_/Program_Files/Raspberry_Pi/Pico_SDK_v1.5.1/pico-sdk/src/rp2_common/pico_cyw43_driver/cyw43_bus_pio_spi.c.obj
                0x10008e2c                cyw43_read_reg_u16
 .text.cyw43_read_reg_u8
                0x10008e80       0x54 CMakeFiles/test.dir/C_/Program_Files/Raspberry_Pi/Pico_SDK_v1.5.1/pico-sdk/src/rp2_common/pico_cyw43_driver/cyw43_bus_pio_spi.c.obj
                0x10008e80                cyw43_read_reg_u8
 .text.write_reg_u32_swap
                0x10008ed4       0x34 CMakeFiles/test.dir/C_/Program_Files/Raspberry_Pi/Pico_SDK_v1.5.1/pico-sdk/src/rp2_common/pico_cyw43_driver/cyw43_bus_pio_spi.c.obj
                0x10008ed4                write_reg_u32_swap
 .text.cyw43_write_reg_u32
                0x10008f08       0x58 CMakeFiles/test.dir/C_/Program_Files/Raspberry_Pi/Pico_SDK_v1.5.1/pico-sdk/src/rp2_common/pico_cyw43_driver/cyw43_bus_pio_spi.c.obj
                0x10008f08                cyw43_write_reg_u32
 .text.cyw43_write_reg_u16
                0x10008f60       0x58 CMakeFiles/test.dir/C_/Program_Files/Raspberry_Pi/Pico_SDK_v1.5.1/pico-sdk/src/rp2_common/pico_cyw43_driver/cyw43_bus_pio_spi.c.obj
                0x10008f60                cyw43_write_reg_u16
 .text.cyw43_write_reg_u8
                0x10008fb8       0x58 CMakeFiles/test.dir/C_/Program_Files/Raspberry_Pi/Pico_SDK_v1.5.1/pico-sdk/src/rp2_common/pico_cyw43_driver/cyw43_bus_pio_spi.c.obj
                0x10008fb8                cyw43_write_reg_u8
 .text.cyw43_read_bytes
                0x10009010      0x104 CMakeFiles/test.dir/C_/Program_Files/Raspberry_Pi/Pico_SDK_v1.5.1/pico-sdk/src/rp2_common/pico_cyw43_driver/cyw43_bus_pio_spi.c.obj
                0x10009010                cyw43_read_bytes
 .text.cyw43_write_bytes
                0x10009114      0x128 CMakeFiles/test.dir/C_/Program_Files/Raspberry_Pi/Pico_SDK_v1.5.1/pico-sdk/src/rp2_common/pico_cyw43_driver/cyw43_bus_pio_spi.c.obj
                0x10009114                cyw43_write_bytes
 .text.get_core_address
                0x1000923c       0x1c CMakeFiles/test.dir/C_/Program_Files/Raspberry_Pi/Pico_SDK_v1.5.1/pico-sdk/lib/cyw43-driver/src/cyw43_ll.c.obj
 .text.sdpcm_process_rx_packet
                0x10009258      0x180 CMakeFiles/test.dir/C_/Program_Files/Raspberry_Pi/Pico_SDK_v1.5.1/pico-sdk/lib/cyw43-driver/src/cyw43_ll.c.obj
 .text.cyw43_ll_wifi_parse_scan_result
                0x100093d8       0x9c CMakeFiles/test.dir/C_/Program_Files/Raspberry_Pi/Pico_SDK_v1.5.1/pico-sdk/lib/cyw43-driver/src/cyw43_ll.c.obj
 .text.cyw43_ll_parse_async_event
                0x10009474       0x8e CMakeFiles/test.dir/C_/Program_Files/Raspberry_Pi/Pico_SDK_v1.5.1/pico-sdk/lib/cyw43-driver/src/cyw43_ll.c.obj
 *fill*         0x10009502        0x2 
 .text.cyw43_kso_set
                0x10009504       0x98 CMakeFiles/test.dir/C_/Program_Files/Raspberry_Pi/Pico_SDK_v1.5.1/pico-sdk/lib/cyw43-driver/src/cyw43_ll.c.obj
 .text.cyw43_ll_bus_sleep_helper
                0x1000959c        0xe CMakeFiles/test.dir/C_/Program_Files/Raspberry_Pi/Pico_SDK_v1.5.1/pico-sdk/lib/cyw43-driver/src/cyw43_ll.c.obj
 *fill*         0x100095aa        0x2 
 .text.cyw43_read_reg
                0x100095ac       0x48 CMakeFiles/test.dir/C_/Program_Files/Raspberry_Pi/Pico_SDK_v1.5.1/pico-sdk/lib/cyw43-driver/src/cyw43_ll.c.obj
 .text.cyw43_write_reg
                0x100095f4       0x4c CMakeFiles/test.dir/C_/Program_Files/Raspberry_Pi/Pico_SDK_v1.5.1/pico-sdk/lib/cyw43-driver/src/cyw43_ll.c.obj
 .text.cyw43_set_backplane_window
                0x10009640       0x74 CMakeFiles/test.dir/C_/Program_Files/Raspberry_Pi/Pico_SDK_v1.5.1/pico-sdk/lib/cyw43-driver/src/cyw43_ll.c.obj
 .text.cyw43_read_backplane
                0x100096b4       0x30 CMakeFiles/test.dir/C_/Program_Files/Raspberry_Pi/Pico_SDK_v1.5.1/pico-sdk/lib/cyw43-driver/src/cyw43_ll.c.obj
 .text.disable_device_core
                0x100096e4       0x3c CMakeFiles/test.dir/C_/Program_Files/Raspberry_Pi/Pico_SDK_v1.5.1/pico-sdk/lib/cyw43-driver/src/cyw43_ll.c.obj
 .text.device_core_is_up
                0x10009720       0x4c CMakeFiles/test.dir/C_/Program_Files/Raspberry_Pi/Pico_SDK_v1.5.1/pico-sdk/lib/cyw43-driver/src/cyw43_ll.c.obj
 .text.cyw43_write_backplane
                0x1000976c       0x34 CMakeFiles/test.dir/C_/Program_Files/Raspberry_Pi/Pico_SDK_v1.5.1/pico-sdk/lib/cyw43-driver/src/cyw43_ll.c.obj
 .text.reset_device_core
                0x100097a0       0x74 CMakeFiles/test.dir/C_/Program_Files/Raspberry_Pi/Pico_SDK_v1.5.1/pico-sdk/lib/cyw43-driver/src/cyw43_ll.c.obj
 .text.cyw43_download_resource
                0x10009814      0x17c CMakeFiles/test.dir/C_/Program_Files/Raspberry_Pi/Pico_SDK_v1.5.1/pico-sdk/lib/cyw43-driver/src/cyw43_ll.c.obj
 .text.cyw43_ll_init
                0x10009990       0x20 CMakeFiles/test.dir/C_/Program_Files/Raspberry_Pi/Pico_SDK_v1.5.1/pico-sdk/lib/cyw43-driver/src/cyw43_ll.c.obj
                0x10009990                cyw43_ll_init
 .text.cyw43_ll_deinit
                0x100099b0        0x8 CMakeFiles/test.dir/C_/Program_Files/Raspberry_Pi/Pico_SDK_v1.5.1/pico-sdk/lib/cyw43-driver/src/cyw43_ll.c.obj
                0x100099b0                cyw43_ll_deinit
 .text.cyw43_ll_bus_sleep
                0x100099b8       0x34 CMakeFiles/test.dir/C_/Program_Files/Raspberry_Pi/Pico_SDK_v1.5.1/pico-sdk/lib/cyw43-driver/src/cyw43_ll.c.obj
                0x100099b8                cyw43_ll_bus_sleep
 .text.cyw43_ll_sdpcm_poll_device
                0x100099ec      0x158 CMakeFiles/test.dir/C_/Program_Files/Raspberry_Pi/Pico_SDK_v1.5.1/pico-sdk/lib/cyw43-driver/src/cyw43_ll.c.obj
 .text.cyw43_ll_process_packets
                0x10009b44       0x5c CMakeFiles/test.dir/C_/Program_Files/Raspberry_Pi/Pico_SDK_v1.5.1/pico-sdk/lib/cyw43-driver/src/cyw43_ll.c.obj
                0x10009b44                cyw43_ll_process_packets
 .text.cyw43_sdpcm_send_common
                0x10009ba0      0x104 CMakeFiles/test.dir/C_/Program_Files/Raspberry_Pi/Pico_SDK_v1.5.1/pico-sdk/lib/cyw43-driver/src/cyw43_ll.c.obj
 .text.cyw43_send_ioctl
                0x10009ca4       0x56 CMakeFiles/test.dir/C_/Program_Files/Raspberry_Pi/Pico_SDK_v1.5.1/pico-sdk/lib/cyw43-driver/src/cyw43_ll.c.obj
 *fill*         0x10009cfa        0x2 
 .text.cyw43_do_ioctl
                0x10009cfc       0xc0 CMakeFiles/test.dir/C_/Program_Files/Raspberry_Pi/Pico_SDK_v1.5.1/pico-sdk/lib/cyw43-driver/src/cyw43_ll.c.obj
 .text.cyw43_ll_ioctl
                0x10009dbc       0x1e CMakeFiles/test.dir/C_/Program_Files/Raspberry_Pi/Pico_SDK_v1.5.1/pico-sdk/lib/cyw43-driver/src/cyw43_ll.c.obj
                0x10009dbc                cyw43_ll_ioctl
 *fill*         0x10009dda        0x2 
 .text.cyw43_clm_load
                0x10009ddc       0xdc CMakeFiles/test.dir/C_/Program_Files/Raspberry_Pi/Pico_SDK_v1.5.1/pico-sdk/lib/cyw43-driver/src/cyw43_ll.c.obj
 .text.cyw43_write_iovar_u32
                0x10009eb8       0x60 CMakeFiles/test.dir/C_/Program_Files/Raspberry_Pi/Pico_SDK_v1.5.1/pico-sdk/lib/cyw43-driver/src/cyw43_ll.c.obj
 .text.cyw43_write_iovar_n
                0x10009f18       0x50 CMakeFiles/test.dir/C_/Program_Files/Raspberry_Pi/Pico_SDK_v1.5.1/pico-sdk/lib/cyw43-driver/src/cyw43_ll.c.obj
 .text.cyw43_set_ioctl_u32
                0x10009f68       0x30 CMakeFiles/test.dir/C_/Program_Files/Raspberry_Pi/Pico_SDK_v1.5.1/pico-sdk/lib/cyw43-driver/src/cyw43_ll.c.obj
 .text.cyw43_write_iovar_u32_u32
                0x10009f98       0x74 CMakeFiles/test.dir/C_/Program_Files/Raspberry_Pi/Pico_SDK_v1.5.1/pico-sdk/lib/cyw43-driver/src/cyw43_ll.c.obj
 .text.cyw43_ll_wifi_get_mac
                0x1000a00c       0x48 CMakeFiles/test.dir/C_/Program_Files/Raspberry_Pi/Pico_SDK_v1.5.1/pico-sdk/lib/cyw43-driver/src/cyw43_ll.c.obj
                0x1000a00c                cyw43_ll_wifi_get_mac
 .text.cyw43_ll_bus_init
                0x1000a054      0x360 CMakeFiles/test.dir/C_/Program_Files/Raspberry_Pi/Pico_SDK_v1.5.1/pico-sdk/lib/cyw43-driver/src/cyw43_ll.c.obj
                0x1000a054                cyw43_ll_bus_init
 .text.cyw43_ll_wifi_set_wpa_auth
                0x1000a3b4        0xe CMakeFiles/test.dir/C_/Program_Files/Raspberry_Pi/Pico_SDK_v1.5.1/pico-sdk/lib/cyw43-driver/src/cyw43_ll.c.obj
                0x1000a3b4                cyw43_ll_wifi_set_wpa_auth
 *fill*         0x1000a3c2        0x2 
 .text.cyw43_ll_wifi_rejoin
                0x1000a3c4       0x20 CMakeFiles/test.dir/C_/Program_Files/Raspberry_Pi/Pico_SDK_v1.5.1/pico-sdk/lib/cyw43-driver/src/cyw43_ll.c.obj
                0x1000a3c4                cyw43_ll_wifi_rejoin
 .text.cyw43_ll_gpio_set
                0x1000a3e4       0x30 CMakeFiles/test.dir/C_/Program_Files/Raspberry_Pi/Pico_SDK_v1.5.1/pico-sdk/lib/cyw43-driver/src/cyw43_ll.c.obj
                0x1000a3e4                cyw43_ll_gpio_set
 .text.cyw43_ll_has_work
                0x1000a414       0x12 CMakeFiles/test.dir/C_/Program_Files/Raspberry_Pi/Pico_SDK_v1.5.1/pico-sdk/lib/cyw43-driver/src/cyw43_ll.c.obj
                0x1000a414                cyw43_ll_has_work
 *fill*         0x1000a426        0x2 
 .text.cyw43_cb_tcpip_deinit
                0x1000a428       0x44 CMakeFiles/test.dir/C_/Program_Files/Raspberry_Pi/Pico_SDK_v1.5.1/pico-sdk/lib/cyw43-driver/src/cyw43_lwip.c.obj
                0x1000a428                cyw43_cb_tcpip_deinit
 .text.cyw43_cb_process_ethernet
                0x1000a46c       0x74 CMakeFiles/test.dir/C_/Program_Files/Raspberry_Pi/Pico_SDK_v1.5.1/pico-sdk/lib/cyw43-driver/src/cyw43_lwip.c.obj
                0x1000a46c                cyw43_cb_process_ethernet
 .text.cyw43_cb_tcpip_set_link_up
                0x1000a4e0       0x16 CMakeFiles/test.dir/C_/Program_Files/Raspberry_Pi/Pico_SDK_v1.5.1/pico-sdk/lib/cyw43-driver/src/cyw43_lwip.c.obj
                0x1000a4e0                cyw43_cb_tcpip_set_link_up
 .text.cyw43_cb_tcpip_set_link_down
                0x1000a4f6       0x16 CMakeFiles/test.dir/C_/Program_Files/Raspberry_Pi/Pico_SDK_v1.5.1/pico-sdk/lib/cyw43-driver/src/cyw43_lwip.c.obj
                0x1000a4f6                cyw43_cb_tcpip_set_link_down
 .text.cyw43_poll_func
                0x1000a50c       0xb0 CMakeFiles/test.dir/C_/Program_Files/Raspberry_Pi/Pico_SDK_v1.5.1/pico-sdk/lib/cyw43-driver/src/cyw43_ctrl.c.obj
 .text.cyw43_dump_async_event
                0x1000a5bc       0x8c CMakeFiles/test.dir/C_/Program_Files/Raspberry_Pi/Pico_SDK_v1.5.1/pico-sdk/lib/cyw43-driver/src/cyw43_ctrl.c.obj
 .text.cyw43_ensure_up
                0x1000a648       0xec CMakeFiles/test.dir/C_/Program_Files/Raspberry_Pi/Pico_SDK_v1.5.1/pico-sdk/lib/cyw43-driver/src/cyw43_ctrl.c.obj
 .text.cyw43_init
                0x1000a734       0x8c CMakeFiles/test.dir/C_/Program_Files/Raspberry_Pi/Pico_SDK_v1.5.1/pico-sdk/lib/cyw43-driver/src/cyw43_ctrl.c.obj
                0x1000a734                cyw43_init
 .text.cyw43_deinit
                0x1000a7c0       0x3c CMakeFiles/test.dir/C_/Program_Files/Raspberry_Pi/Pico_SDK_v1.5.1/pico-sdk/lib/cyw43-driver/src/cyw43_ctrl.c.obj
                0x1000a7c0                cyw43_deinit
 .text.cyw43_cb_read_host_interrupt_pin
                0x1000a7fc        0xe CMakeFiles/test.dir/C_/Program_Files/Raspberry_Pi/Pico_SDK_v1.5.1/pico-sdk/lib/cyw43-driver/src/cyw43_ctrl.c.obj
                0x1000a7fc                cyw43_cb_read_host_interrupt_pin
 *fill*         0x1000a80a        0x2 
 .text.cyw43_cb_ensure_awake
                0x1000a80c        0xc CMakeFiles/test.dir/C_/Program_Files/Raspberry_Pi/Pico_SDK_v1.5.1/pico-sdk/lib/cyw43-driver/src/cyw43_ctrl.c.obj
                0x1000a80c                cyw43_cb_ensure_awake
 .text.cyw43_cb_process_async_event
                0x1000a818      0x1b8 CMakeFiles/test.dir/C_/Program_Files/Raspberry_Pi/Pico_SDK_v1.5.1/pico-sdk/lib/cyw43-driver/src/cyw43_ctrl.c.obj
                0x1000a818                cyw43_cb_process_async_event
 .text.cyw43_gpio_set
                0x1000a9d0       0x30 CMakeFiles/test.dir/C_/Program_Files/Raspberry_Pi/Pico_SDK_v1.5.1/pico-sdk/lib/cyw43-driver/src/cyw43_ctrl.c.obj
                0x1000a9d0                cyw43_gpio_set
 .text._pio_can_add_program_at_offset
                0x1000aa00       0x3c CMakeFiles/test.dir/C_/Program_Files/Raspberry_Pi/Pico_SDK_v1.5.1/pico-sdk/src/rp2_common/hardware_pio/pio.c.obj
 .text._pio_find_offset_for_program
                0x1000aa3c       0x7c CMakeFiles/test.dir/C_/Program_Files/Raspberry_Pi/Pico_SDK_v1.5.1/pico-sdk/src/rp2_common/hardware_pio/pio.c.obj
 .text._pio_add_program_at_offset
                0x1000aab8       0x78 CMakeFiles/test.dir/C_/Program_Files/Raspberry_Pi/Pico_SDK_v1.5.1/pico-sdk/src/rp2_common/hardware_pio/pio.c.obj
 .text.pio_sm_unclaim
                0x1000ab30       0x20 CMakeFiles/test.dir/C_/Program_Files/Raspberry_Pi/Pico_SDK_v1.5.1/pico-sdk/src/rp2_common/hardware_pio/pio.c.obj
                0x1000ab30                pio_sm_unclaim
 .text.pio_claim_unused_sm
                0x1000ab50       0x3c CMakeFiles/test.dir/C_/Program_Files/Raspberry_Pi/Pico_SDK_v1.5.1/pico-sdk/src/rp2_common/hardware_pio/pio.c.obj
                0x1000ab50                pio_claim_unused_sm
 .text.pio_can_add_program
                0x1000ab8c       0x26 CMakeFiles/test.dir/C_/Program_Files/Raspberry_Pi/Pico_SDK_v1.5.1/pico-sdk/src/rp2_common/hardware_pio/pio.c.obj
                0x1000ab8c                pio_can_add_program
 *fill*         0x1000abb2        0x2 
 .text.pio_add_program
                0x1000abb4       0x38 CMakeFiles/test.dir/C_/Program_Files/Raspberry_Pi/Pico_SDK_v1.5.1/pico-sdk/src/rp2_common/hardware_pio/pio.c.obj
                0x1000abb4                pio_add_program
 .text.pio_remove_program
                0x1000abec       0x58 CMakeFiles/test.dir/C_/Program_Files/Raspberry_Pi/Pico_SDK_v1.5.1/pico-sdk/src/rp2_common/hardware_pio/pio.c.obj
                0x1000abec                pio_remove_program
 .text.pio_sm_set_pindirs_with_mask
                0x1000ac44       0x9c CMakeFiles/test.dir/C_/Program_Files/Raspberry_Pi/Pico_SDK_v1.5.1/pico-sdk/src/rp2_common/hardware_pio/pio.c.obj
                0x1000ac44                pio_sm_set_pindirs_with_mask
 .text.pio_sm_set_consecutive_pindirs
                0x1000ace0       0xa4 CMakeFiles/test.dir/C_/Program_Files/Raspberry_Pi/Pico_SDK_v1.5.1/pico-sdk/src/rp2_common/hardware_pio/pio.c.obj
                0x1000ace0                pio_sm_set_consecutive_pindirs
 .text.dma_channel_unclaim
                0x1000ad84       0x10 CMakeFiles/test.dir/C_/Program_Files/Raspberry_Pi/Pico_SDK_v1.5.1/pico-sdk/src/rp2_common/hardware_dma/dma.c.obj
                0x1000ad84                dma_channel_unclaim
 .text.dma_claim_unused_channel
                0x1000ad94       0x20 CMakeFiles/test.dir/C_/Program_Files/Raspberry_Pi/Pico_SDK_v1.5.1/pico-sdk/src/rp2_common/hardware_dma/dma.c.obj
                0x1000ad94                dma_claim_unused_channel
 .text.dma_channel_cleanup
                0x1000adb4       0x5c CMakeFiles/test.dir/C_/Program_Files/Raspberry_Pi/Pico_SDK_v1.5.1/pico-sdk/src/rp2_common/hardware_dma/dma.c.obj
                0x1000adb4                dma_channel_cleanup
 .text.cyw43_sleep_timeout_reached
                0x1000ae10       0x50 CMakeFiles/test.dir/C_/Program_Files/Raspberry_Pi/Pico_SDK_v1.5.1/pico-sdk/src/rp2_common/pico_cyw43_driver/cyw43_driver.c.obj
 .text.cyw43_set_irq_enabled
                0x1000ae60        0xe CMakeFiles/test.dir/C_/Program_Files/Raspberry_Pi/Pico_SDK_v1.5.1/pico-sdk/src/rp2_common/pico_cyw43_driver/cyw43_driver.c.obj
 *fill*         0x1000ae6e        0x2 
 .text.cyw43_irq_init
                0x1000ae70       0x50 CMakeFiles/test.dir/C_/Program_Files/Raspberry_Pi/Pico_SDK_v1.5.1/pico-sdk/src/rp2_common/pico_cyw43_driver/cyw43_driver.c.obj
                0x1000ae70                cyw43_irq_init
 .text.cyw43_gpio_irq_handler
                0x1000aec0       0x40 CMakeFiles/test.dir/C_/Program_Files/Raspberry_Pi/Pico_SDK_v1.5.1/pico-sdk/src/rp2_common/pico_cyw43_driver/cyw43_driver.c.obj
 .text.cyw43_irq_deinit
                0x1000af00       0x48 CMakeFiles/test.dir/C_/Program_Files/Raspberry_Pi/Pico_SDK_v1.5.1/pico-sdk/src/rp2_common/pico_cyw43_driver/cyw43_driver.c.obj
                0x1000af00                cyw43_irq_deinit
 .text.cyw43_do_poll
                0x1000af48       0xc8 CMakeFiles/test.dir/C_/Program_Files/Raspberry_Pi/Pico_SDK_v1.5.1/pico-sdk/src/rp2_common/pico_cyw43_driver/cyw43_driver.c.obj
 .text.cyw43_post_poll_hook
                0x1000b010       0x38 CMakeFiles/test.dir/C_/Program_Files/Raspberry_Pi/Pico_SDK_v1.5.1/pico-sdk/src/rp2_common/pico_cyw43_driver/cyw43_driver.c.obj
                0x1000b010                cyw43_post_poll_hook
 .text.cyw43_schedule_internal_poll_dispatch
                0x1000b048       0x3c CMakeFiles/test.dir/C_/Program_Files/Raspberry_Pi/Pico_SDK_v1.5.1/pico-sdk/src/rp2_common/pico_cyw43_driver/cyw43_driver.c.obj
                0x1000b048                cyw43_schedule_internal_poll_dispatch
 .text.cyw43_driver_init
                0x1000b084       0x38 CMakeFiles/test.dir/C_/Program_Files/Raspberry_Pi/Pico_SDK_v1.5.1/pico-sdk/src/rp2_common/pico_cyw43_driver/cyw43_driver.c.obj
                0x1000b084                cyw43_driver_init
 .text.cyw43_driver_deinit
                0x1000b0bc       0x64 CMakeFiles/test.dir/C_/Program_Files/Raspberry_Pi/Pico_SDK_v1.5.1/pico-sdk/src/rp2_common/pico_cyw43_driver/cyw43_driver.c.obj
                0x1000b0bc                cyw43_driver_deinit
 .text.storage_read_blocks
                0x1000b120        0x6 CMakeFiles/test.dir/C_/Program_Files/Raspberry_Pi/Pico_SDK_v1.5.1/pico-sdk/src/rp2_common/pico_cyw43_driver/cyw43_driver.c.obj
                0x1000b120                storage_read_blocks
 *fill*         0x1000b126        0x2 
 .text.cyw43_hal_generate_laa_mac
                0x1000b128       0x34 CMakeFiles/test.dir/C_/Program_Files/Raspberry_Pi/Pico_SDK_v1.5.1/pico-sdk/src/rp2_common/pico_cyw43_driver/cyw43_driver.c.obj
                0x1000b128                cyw43_hal_generate_laa_mac
 .text.cyw43_thread_enter
                0x1000b15c       0x14 CMakeFiles/test.dir/C_/Program_Files/Raspberry_Pi/Pico_SDK_v1.5.1/pico-sdk/src/rp2_common/pico_cyw43_driver/cyw43_driver.c.obj
                0x1000b15c                cyw43_thread_enter
 .text.cyw43_thread_exit
                0x1000b170       0x14 CMakeFiles/test.dir/C_/Program_Files/Raspberry_Pi/Pico_SDK_v1.5.1/pico-sdk/src/rp2_common/pico_cyw43_driver/cyw43_driver.c.obj
                0x1000b170                cyw43_thread_exit
 .text.cyw43_thread_lock_check
                0x1000b184       0x14 CMakeFiles/test.dir/C_/Program_Files/Raspberry_Pi/Pico_SDK_v1.5.1/pico-sdk/src/rp2_common/pico_cyw43_driver/cyw43_driver.c.obj
                0x1000b184                cyw43_thread_lock_check
 .text.cyw43_await_background_or_timeout_us
                0x1000b198       0x60 CMakeFiles/test.dir/C_/Program_Files/Raspberry_Pi/Pico_SDK_v1.5.1/pico-sdk/src/rp2_common/pico_cyw43_driver/cyw43_driver.c.obj
                0x1000b198                cyw43_await_background_or_timeout_us
 .text.cyw43_delay_ms
                0x1000b1f8       0x70 CMakeFiles/test.dir/C_/Program_Files/Raspberry_Pi/Pico_SDK_v1.5.1/pico-sdk/src/rp2_common/pico_cyw43_driver/cyw43_driver.c.obj
                0x1000b1f8                cyw43_delay_ms
 .text.async_context_threadsafe_background_acquire_lock_blocking
                0x1000b268        0xa CMakeFiles/test.dir/C_/Program_Files/Raspberry_Pi/Pico_SDK_v1.5.1/pico-sdk/src/rp2_common/pico_async_context/async_context_threadsafe_background.c.obj
 .text.async_context_threadsafe_background_wake_up
                0x1000b272       0x16 CMakeFiles/test.dir/C_/Program_Files/Raspberry_Pi/Pico_SDK_v1.5.1/pico-sdk/src/rp2_common/pico_async_context/async_context_threadsafe_background.c.obj
 .text.alarm_handler
                0x1000b288       0x14 CMakeFiles/test.dir/C_/Program_Files/Raspberry_Pi/Pico_SDK_v1.5.1/pico-sdk/src/rp2_common/pico_async_context/async_context_threadsafe_background.c.obj
 .text.async_context_threadsafe_background_set_work_pending
                0x1000b29c        0xc CMakeFiles/test.dir/C_/Program_Files/Raspberry_Pi/Pico_SDK_v1.5.1/pico-sdk/src/rp2_common/pico_async_context/async_context_threadsafe_background.c.obj
 .text.async_context_threadsafe_background_lock_check
                0x1000b2a8       0x2c CMakeFiles/test.dir/C_/Program_Files/Raspberry_Pi/Pico_SDK_v1.5.1/pico-sdk/src/rp2_common/pico_async_context/async_context_threadsafe_background.c.obj
 .text.process_under_lock
                0x1000b2d4       0xfc CMakeFiles/test.dir/C_/Program_Files/Raspberry_Pi/Pico_SDK_v1.5.1/pico-sdk/src/rp2_common/pico_async_context/async_context_threadsafe_background.c.obj
 .text.lock_release
                0x1000b3d0       0x1e CMakeFiles/test.dir/C_/Program_Files/Raspberry_Pi/Pico_SDK_v1.5.1/pico-sdk/src/rp2_common/pico_async_context/async_context_threadsafe_background.c.obj
 .text.async_context_threadsafe_background_execute_sync
                0x1000b3ee       0x1e CMakeFiles/test.dir/C_/Program_Files/Raspberry_Pi/Pico_SDK_v1.5.1/pico-sdk/src/rp2_common/pico_async_context/async_context_threadsafe_background.c.obj
                0x1000b3ee                async_context_threadsafe_background_execute_sync
 .text.async_context_threadsafe_background_release_lock
                0x1000b40c        0x8 CMakeFiles/test.dir/C_/Program_Files/Raspberry_Pi/Pico_SDK_v1.5.1/pico-sdk/src/rp2_common/pico_async_context/async_context_threadsafe_background.c.obj